#
# There is insufficient memory for the Java Runtime Environment to continue.
# Native memory allocation (malloc) failed to allocate 260672 bytes. Error detail: Chunk::new
# Possible reasons:
#   The system is out of physical RAM or swap space
#   This process is running with CompressedOops enabled, and the Java Heap may be blocking the growth of the native heap
# Possible solutions:
#   Reduce memory load on the system
#   Increase physical memory or swap space
#   Check if swap backing store is full
#   Decrease Java heap size (-Xmx/-Xms)
#   Decrease number of Java threads
#   Decrease Java thread stack sizes (-Xss)
#   Set larger code cache with -XX:ReservedCodeCacheSize=
#   JVM is running with Unscaled Compressed Oops mode in which the Java heap is
#     placed in the first 4GB address space. The Java Heap base address is the
#     maximum limit for the native heap growth. Please use -XX:HeapBaseMinAddress
#     to set the Java Heap base and to place the Java Heap above 4GB virtual address.
# This output file may be truncated or incomplete.
#
#  Out of Memory Error (arena.cpp:168), pid=39564, tid=35020
#
# JRE version: OpenJDK Runtime Environment Temurin-21.0.10+7 (21.0.10+7) (build 21.0.10+7-LTS)
# Java VM: OpenJDK 64-Bit Server VM Temurin-21.0.10+7 (21.0.10+7-LTS, mixed mode, sharing, tiered, compressed oops, compressed class ptrs, parallel gc, windows-amd64)
# No core dump will be written. Minidumps are not enabled by default on client versions of Windows
#

---------------  S U M M A R Y ------------

Command Line: --add-modules=ALL-SYSTEM --add-opens=java.base/java.util=ALL-UNNAMED --add-opens=java.base/java.lang=ALL-UNNAMED --add-opens=java.base/sun.nio.fs=ALL-UNNAMED -Declipse.application=org.eclipse.jdt.ls.core.id1 -Dosgi.bundles.defaultStartLevel=4 -Declipse.product=org.eclipse.jdt.ls.core.product -Djava.import.generatesMetadataFilesAtProjectRoot=false -DDetectVMInstallationsJob.disabled=true -Dfile.encoding=utf8 -XX:+UseParallelGC -XX:GCTimeRatio=4 -XX:AdaptiveSizePolicyWeight=90 -Dsun.zip.disableMemoryMapping=true -Xmx2G -Xms100m -Xlog:disable -javaagent:c:\Users\jizhi\.vscode\extensions\redhat.java-1.54.0-win32-x64\lombok\lombok-1.18.39-4050.jar -XX:+HeapDumpOnOutOfMemoryError -XX:HeapDumpPath=c:\Users\jizhi\AppData\Roaming\Code\User\workspaceStorage\79fb16952ec9521a9f4e0b0aca733bdc\redhat.java -Daether.dependencyCollector.impl=bf c:\Users\jizhi\.vscode\extensions\redhat.java-1.54.0-win32-x64\server\plugins\org.eclipse.equinox.launcher_1.7.100.v20251111-0406.jar -configuration c:\Users\jizhi\AppData\Roaming\Code\User\globalStorage\redhat.java\1.54.0\config_win -data c:\Users\jizhi\AppData\Roaming\Code\User\workspaceStorage\79fb16952ec9521a9f4e0b0aca733bdc\redhat.java\jdt_ws --pipe=\\.\pipe\lsp-839a319fb2c9a088f65ce9ea58cef543-sock

Host: 11th Gen Intel(R) Core(TM) i7-1165G7 @ 2.80GHz, 8 cores, 15G,  Windows 11 , 64 bit Build 26100 (10.0.26100.4484)
Time: Thu May 21 23:18:34 2026 elapsed time: 22.379296 seconds (0d 0h 0m 22s)

---------------  T H R E A D  ---------------

Current thread (0x000001f86ff08ce0):  JavaThread "C2 CompilerThread2" daemon [_thread_in_native, id=35020, stack(0x0000000f54000000,0x0000000f54100000) (1024K)]


Current CompileTask:
C2:22379 8194       4       org.eclipse.jdt.internal.core.util.Util::splitOn (134 bytes)

Stack: [0x0000000f54000000,0x0000000f54100000]
Native frames: (J=compiled Java code, j=interpreted, Vv=VM code, C=native code)
V  [jvm.dll+0x6d7a39]
V  [jvm.dll+0x8b4b26]
V  [jvm.dll+0x8b70de]
V  [jvm.dll+0x8b77c3]
V  [jvm.dll+0x284346]
V  [jvm.dll+0xc66ed]
V  [jvm.dll+0xc6c31]
V  [jvm.dll+0x3bec3b]
V  [jvm.dll+0x38b162]
V  [jvm.dll+0x38a5aa]
V  [jvm.dll+0x24c560]
V  [jvm.dll+0x24bb40]
V  [jvm.dll+0x1cb34e]
V  [jvm.dll+0x25b85d]
V  [jvm.dll+0x259dea]
V  [jvm.dll+0x3f857e]
V  [jvm.dll+0x85f59d]
V  [jvm.dll+0x6d626d]
C  [ucrtbase.dll+0x37b0]
C  [KERNEL32.DLL+0x2e8d7]
C  [ntdll.dll+0x3c34c]


---------------  P R O C E S S  ---------------

Threads class SMR info:
_java_thread_list=0x000001f875739070, length=46, elements={
0x000001f85792f240, 0x000001f85789f530, 0x000001f85789ff90, 0x000001f8578a5b80,
0x000001f8578a6cc0, 0x000001f8578aaec0, 0x000001f8578ab920, 0x000001f8578b1ff0,
0x000001f8578badf0, 0x000001f86fdc0cd0, 0x000001f86fe131b0, 0x000001f874328150,
0x000001f87439b9e0, 0x000001f87493ab70, 0x000001f87493b9f0, 0x000001f874e91fe0,
0x000001f875026b70, 0x000001f874f296d0, 0x000001f8765c3c30, 0x000001f8765c21f0,
0x000001f8765c2880, 0x000001f8765c1b60, 0x000001f8765c2f10, 0x000001f8765c35a0,
0x000001f8765c4950, 0x000001f8765c4fe0, 0x000001f877c7d0c0, 0x000001f877c7dde0,
0x000001f877c7eb00, 0x000001f877c7e470, 0x000001f877c7c3a0, 0x000001f877c7b680,
0x000001f877c7f190, 0x000001f877c7ca30, 0x000001f877c7d750, 0x000001f877c7bd10,
0x000001f877c80540, 0x000001f877c7f820, 0x000001f877c81260, 0x000001f877c82ca0,
0x000001f877c7feb0, 0x000001f877c80bd0, 0x000001f8774f5ba0, 0x000001f8774f68c0,
0x000001f86ff07870, 0x000001f86ff08ce0
}

Java Threads: ( => current thread )
  0x000001f85792f240 JavaThread "main"                              [_thread_blocked, id=11372, stack(0x0000000f50700000,0x0000000f50800000) (1024K)]
  0x000001f85789f530 JavaThread "Reference Handler"          daemon [_thread_blocked, id=14568, stack(0x0000000f50b00000,0x0000000f50c00000) (1024K)]
  0x000001f85789ff90 JavaThread "Finalizer"                  daemon [_thread_blocked, id=14812, stack(0x0000000f50c00000,0x0000000f50d00000) (1024K)]
  0x000001f8578a5b80 JavaThread "Signal Dispatcher"          daemon [_thread_blocked, id=37276, stack(0x0000000f50d00000,0x0000000f50e00000) (1024K)]
  0x000001f8578a6cc0 JavaThread "Attach Listener"            daemon [_thread_blocked, id=3804, stack(0x0000000f50e00000,0x0000000f50f00000) (1024K)]
  0x000001f8578aaec0 JavaThread "Service Thread"             daemon [_thread_blocked, id=7640, stack(0x0000000f50f00000,0x0000000f51000000) (1024K)]
  0x000001f8578ab920 JavaThread "Monitor Deflation Thread"   daemon [_thread_blocked, id=16120, stack(0x0000000f51000000,0x0000000f51100000) (1024K)]
  0x000001f8578b1ff0 JavaThread "C2 CompilerThread0"         daemon [_thread_blocked, id=41684, stack(0x0000000f51100000,0x0000000f51200000) (1024K)]
  0x000001f8578badf0 JavaThread "C1 CompilerThread0"         daemon [_thread_blocked, id=42076, stack(0x0000000f51200000,0x0000000f51300000) (1024K)]
  0x000001f86fdc0cd0 JavaThread "Common-Cleaner"             daemon [_thread_blocked, id=37920, stack(0x0000000f51300000,0x0000000f51400000) (1024K)]
  0x000001f86fe131b0 JavaThread "Notification Thread"        daemon [_thread_blocked, id=2788, stack(0x0000000f51600000,0x0000000f51700000) (1024K)]
  0x000001f874328150 JavaThread "Active Thread: Equinox Container: 15a87082-f934-466f-bcd4-99c2e53083c2"        [_thread_blocked, id=21280, stack(0x0000000f51d00000,0x0000000f51e00000) (1024K)]
  0x000001f87439b9e0 JavaThread "Refresh Thread: Equinox Container: 15a87082-f934-466f-bcd4-99c2e53083c2" daemon [_thread_blocked, id=39908, stack(0x0000000f51f00000,0x0000000f52000000) (1024K)]
  0x000001f87493ab70 JavaThread "Framework Event Dispatcher: Equinox Container: 15a87082-f934-466f-bcd4-99c2e53083c2" daemon [_thread_blocked, id=9080, stack(0x0000000f52000000,0x0000000f52100000) (1024K)]
  0x000001f87493b9f0 JavaThread "Start Level: Equinox Container: 15a87082-f934-466f-bcd4-99c2e53083c2" daemon [_thread_blocked, id=20040, stack(0x0000000f52100000,0x0000000f52200000) (1024K)]
  0x000001f874e91fe0 JavaThread "Bundle File Closer"         daemon [_thread_blocked, id=38920, stack(0x0000000f52200000,0x0000000f52300000) (1024K)]
  0x000001f875026b70 JavaThread "SCR Component Actor"        daemon [_thread_blocked, id=26192, stack(0x0000000f51400000,0x0000000f51500000) (1024K)]
  0x000001f874f296d0 JavaThread "Worker-JM"                         [_thread_blocked, id=21248, stack(0x0000000f52400000,0x0000000f52500000) (1024K)]
  0x000001f8765c3c30 JavaThread "JNA Cleaner"                daemon [_thread_blocked, id=33064, stack(0x0000000f52300000,0x0000000f52400000) (1024K)]
  0x000001f8765c21f0 JavaThread "Worker-0: Initialize workspace"        [_thread_blocked, id=6760, stack(0x0000000f52500000,0x0000000f52600000) (1024K)]
  0x000001f8765c2880 JavaThread "Worker-1"                          [_thread_blocked, id=18996, stack(0x0000000f52600000,0x0000000f52700000) (1024K)]
  0x000001f8765c1b60 JavaThread "Java indexing"              daemon [_thread_blocked, id=17200, stack(0x0000000f52800000,0x0000000f52900000) (1024K)]
  0x000001f8765c2f10 JavaThread "Worker-2"                          [_thread_blocked, id=23596, stack(0x0000000f52900000,0x0000000f52a00000) (1024K)]
  0x000001f8765c35a0 JavaThread "Worker-3"                          [_thread_blocked, id=40952, stack(0x0000000f52c00000,0x0000000f52d00000) (1024K)]
  0x000001f8765c4950 JavaThread "Worker-4"                          [_thread_blocked, id=24084, stack(0x0000000f52d00000,0x0000000f52e00000) (1024K)]
  0x000001f8765c4fe0 JavaThread "Thread-1"                   daemon [_thread_in_native, id=36008, stack(0x0000000f52e00000,0x0000000f52f00000) (1024K)]
  0x000001f877c7d0c0 JavaThread "Thread-2"                   daemon [_thread_in_native, id=20712, stack(0x0000000f52f00000,0x0000000f53000000) (1024K)]
  0x000001f877c7dde0 JavaThread "Thread-3"                   daemon [_thread_in_native, id=12296, stack(0x0000000f53000000,0x0000000f53100000) (1024K)]
  0x000001f877c7eb00 JavaThread "Thread-4"                   daemon [_thread_in_native, id=40120, stack(0x0000000f53100000,0x0000000f53200000) (1024K)]
  0x000001f877c7e470 JavaThread "Thread-5"                   daemon [_thread_in_native, id=2328, stack(0x0000000f53200000,0x0000000f53300000) (1024K)]
  0x000001f877c7c3a0 JavaThread "Thread-6"                   daemon [_thread_in_native, id=15424, stack(0x0000000f53300000,0x0000000f53400000) (1024K)]
  0x000001f877c7b680 JavaThread "Thread-7"                   daemon [_thread_in_native, id=17956, stack(0x0000000f53400000,0x0000000f53500000) (1024K)]
  0x000001f877c7f190 JavaThread "Thread-8"                   daemon [_thread_in_native, id=31208, stack(0x0000000f53500000,0x0000000f53600000) (1024K)]
  0x000001f877c7ca30 JavaThread "Thread-9"                   daemon [_thread_in_native, id=16252, stack(0x0000000f53600000,0x0000000f53700000) (1024K)]
  0x000001f877c7d750 JavaThread "pool-2-thread-1"                   [_thread_blocked, id=19856, stack(0x0000000f53700000,0x0000000f53800000) (1024K)]
  0x000001f877c7bd10 JavaThread "WorkspaceEventsHandler"            [_thread_blocked, id=6872, stack(0x0000000f53800000,0x0000000f53900000) (1024K)]
  0x000001f877c80540 JavaThread "pool-1-thread-1"                   [_thread_blocked, id=12880, stack(0x0000000f53900000,0x0000000f53a00000) (1024K)]
  0x000001f877c7f820 JavaThread "ForkJoinPool.commonPool-worker-1" daemon [_thread_blocked, id=38320, stack(0x0000000f51500000,0x0000000f51600000) (1024K)]
  0x000001f877c81260 JavaThread "ForkJoinPool.commonPool-worker-2" daemon [_thread_blocked, id=25960, stack(0x0000000f52700000,0x0000000f52800000) (1024K)]
  0x000001f877c82ca0 JavaThread "ForkJoinPool.commonPool-worker-3" daemon [_thread_blocked, id=20988, stack(0x0000000f53a00000,0x0000000f53b00000) (1024K)]
  0x000001f877c7feb0 JavaThread "ForkJoinPool.commonPool-worker-4" daemon [_thread_blocked, id=30616, stack(0x0000000f53b00000,0x0000000f53c00000) (1024K)]
  0x000001f877c80bd0 JavaThread "ForkJoinPool.commonPool-worker-5" daemon [_thread_blocked, id=18008, stack(0x0000000f53c00000,0x0000000f53d00000) (1024K)]
  0x000001f8774f5ba0 JavaThread "ForkJoinPool.commonPool-worker-6" daemon [_thread_blocked, id=17764, stack(0x0000000f53d00000,0x0000000f53e00000) (1024K)]
  0x000001f8774f68c0 JavaThread "ForkJoinPool.commonPool-worker-7" daemon [_thread_blocked, id=15608, stack(0x0000000f53e00000,0x0000000f53f00000) (1024K)]
  0x000001f86ff07870 JavaThread "C2 CompilerThread1"         daemon [_thread_blocked, id=43004, stack(0x0000000f53f00000,0x0000000f54000000) (1024K)]
=>0x000001f86ff08ce0 JavaThread "C2 CompilerThread2"         daemon [_thread_in_native, id=35020, stack(0x0000000f54000000,0x0000000f54100000) (1024K)]
Total: 46

Other Threads:
  0x000001f857881d20 VMThread "VM Thread"                           [id=13420, stack(0x0000000f50a00000,0x0000000f50b00000) (1024K)]
  0x000001f85799a8a0 WatcherThread "VM Periodic Task Thread"        [id=7344, stack(0x0000000f50900000,0x0000000f50a00000) (1024K)]
  0x000001f85794e470 WorkerThread "GC Thread#0"                     [id=34540, stack(0x0000000f50800000,0x0000000f50900000) (1024K)]
  0x000001f87432e4b0 WorkerThread "GC Thread#1"                     [id=15996, stack(0x0000000f51700000,0x0000000f51800000) (1024K)]
  0x000001f87499a270 WorkerThread "GC Thread#2"                     [id=40032, stack(0x0000000f51800000,0x0000000f51900000) (1024K)]
  0x000001f8748d20c0 WorkerThread "GC Thread#3"                     [id=31944, stack(0x0000000f51900000,0x0000000f51a00000) (1024K)]
  0x000001f8748d2470 WorkerThread "GC Thread#4"                     [id=17928, stack(0x0000000f51a00000,0x0000000f51b00000) (1024K)]
  0x000001f874648250 WorkerThread "GC Thread#5"                     [id=25892, stack(0x0000000f51b00000,0x0000000f51c00000) (1024K)]
  0x000001f86ffbe370 WorkerThread "GC Thread#6"                     [id=9324, stack(0x0000000f51c00000,0x0000000f51d00000) (1024K)]
  0x000001f874abfac0 WorkerThread "GC Thread#7"                     [id=3224, stack(0x0000000f51e00000,0x0000000f51f00000) (1024K)]
Total: 10

Threads with active compile tasks:
C2 CompilerThread0  22426 8195       4       jdk.internal.jimage.ImageLocation::decompress (116 bytes)
C2 CompilerThread1  22426 8182   !   4       java.nio.file.FileTreeWalker::next (144 bytes)
C2 CompilerThread2  22426 8194       4       org.eclipse.jdt.internal.core.util.Util::splitOn (134 bytes)
Total: 3

VM state: at safepoint (normal execution)

VM Mutex/Monitor currently owned by a thread:  ([mutex/lock_event])
[0x00007ffc41f8e560] Threads_lock - owner thread: 0x000001f857881d20
[0x00007ffc41f8e660] Heap_lock - owner thread: 0x000001f877c80540
[0x00007ffc41f8eae0] PSOldGenExpand_lock - owner thread: 0x000001f8748d20c0

Heap address: 0x0000000080000000, size: 2048 MB, Compressed Oops mode: 32-bit

CDS archive(s) mapped at: [0x000001f800000000-0x000001f800ba0000-0x000001f800ba0000), size 12189696, SharedBaseAddress: 0x000001f800000000, ArchiveRelocationMode: 1.
Compressed class space mapped at: 0x000001f801000000-0x000001f841000000, reserved size: 1073741824
Narrow klass base: 0x000001f800000000, Narrow klass shift: 0, Narrow klass range: 0x100000000

GC Precious Log:
 CardTable entry size: 512
 CPUs: 8 total, 8 available
 Memory: 16107M
 Large Page Support: Disabled
 NUMA Support: Disabled
 Compressed Oops: Enabled (32-bit)
 Alignments: Space 512K, Generation 512K, Heap 2M
 Heap Min Capacity: 100M
 Heap Initial Capacity: 100M
 Heap Max Capacity: 2G
 Pre-touch: Disabled
 Parallel Workers: 8

Heap:
 PSYoungGen      total 3584K, used 3488K [0x00000000d5580000, 0x00000000d5d80000, 0x0000000100000000)
  eden space 3072K, 100% used [0x00000000d5580000,0x00000000d5880000,0x00000000d5880000)
  from space 512K, 81% used [0x00000000d5c80000,0x00000000d5ce8000,0x00000000d5d00000)
  to   space 512K, 93% used [0x00000000d5d00000,0x00000000d5d78010,0x00000000d5d80000)
 ParOldGen       total 148992K, used 148985K [0x0000000080000000, 0x0000000089180000, 0x00000000d5580000)
  object space 148992K, 99% used [0x0000000080000000,0x000000008917e4f0,0x0000000089180000)
 Metaspace       used 49168K, committed 50560K, reserved 1114112K
  class space    used 5281K, committed 5888K, reserved 1048576K

Card table byte_map: [0x000001f8572d0000,0x000001f8576e0000] _byte_map_base: 0x000001f856ed0000

Marking Bits: (ParMarkBitMap*) 0x00007ffc41f93450
 Begin Bits: [0x000001f869de0000, 0x000001f86bde0000)
 End Bits:   [0x000001f86bde0000, 0x000001f86dde0000)

Polling page: 0x000001f855850000

Metaspace:

Usage:
  Non-class:     42.86 MB used.
      Class:      5.16 MB used.
       Both:     48.02 MB used.

Virtual space:
  Non-class space:       64.00 MB reserved,      43.62 MB ( 68%) committed,  1 nodes.
      Class space:        1.00 GB reserved,       5.75 MB ( <1%) committed,  1 nodes.
             Both:        1.06 GB reserved,      49.38 MB (  5%) committed. 

Chunk freelists:
   Non-Class:  4.41 MB
       Class:  10.14 MB
        Both:  14.55 MB

MaxMetaspaceSize: unlimited
CompressedClassSpaceSize: 1.00 GB
Initial GC threshold: 21.00 MB
Current GC threshold: 58.38 MB
CDS: on
 - commit_granule_bytes: 65536.
 - commit_granule_words: 8192.
 - virtual_space_node_default_size: 8388608.
 - enlarge_chunks_in_place: 1.
 - use_allocation_guard: 0.


Internal statistics:

num_allocs_failed_limit: 6.
num_arena_births: 1018.
num_arena_deaths: 14.
num_vsnodes_births: 2.
num_vsnodes_deaths: 0.
num_space_committed: 790.
num_space_uncommitted: 0.
num_chunks_returned_to_freelist: 20.
num_chunks_taken_from_freelist: 3311.
num_chunk_merges: 10.
num_chunk_splits: 2016.
num_chunks_enlarged: 1124.
num_inconsistent_stats: 0.

CodeHeap 'non-profiled nmethods': size=120000Kb used=5144Kb max_used=5144Kb free=114855Kb
 bounds [0x000001f862600000, 0x000001f862b10000, 0x000001f869b30000]
CodeHeap 'profiled nmethods': size=120000Kb used=15830Kb max_used=15830Kb free=104169Kb
 bounds [0x000001f85ab30000, 0x000001f85bab0000, 0x000001f862060000]
CodeHeap 'non-nmethods': size=5760Kb used=1387Kb max_used=1436Kb free=4372Kb
 bounds [0x000001f862060000, 0x000001f8622d0000, 0x000001f862600000]
CodeCache: size=245760Kb, used=22361Kb, max_used=22410Kb, free=223396Kb
 total_blobs=8249, nmethods=7570, adapters=585, full_count=0
Compilation: enabled, stopped_count=0, restarted_count=0

Compilation events (20 events):
Event: 20.324 Thread 0x000001f8578badf0 8185       3       org.eclipse.jdt.internal.core.JarPackageFragmentRoot::entryToClassName (23 bytes)
Event: 20.324 Thread 0x000001f86ff08ce0 nmethod 8191 0x000001f862b04710 code [0x000001f862b048c0, 0x000001f862b04af0]
Event: 20.324 Thread 0x000001f8578badf0 nmethod 8185 0x000001f85baa1990 code [0x000001f85baa1ba0, 0x000001f85baa2088]
Event: 20.324 Thread 0x000001f8578badf0 8184       3       java.util.ArrayList::hashCode (22 bytes)
Event: 20.324 Thread 0x000001f8578badf0 nmethod 8184 0x000001f85baa2310 code [0x000001f85baa24e0, 0x000001f85baa2838]
Event: 20.324 Thread 0x000001f8578badf0 8187       3       java.util.ArrayList::equals (62 bytes)
Event: 20.325 Thread 0x000001f8578badf0 nmethod 8187 0x000001f85baa2990 code [0x000001f85baa2ba0, 0x000001f85baa3388]
Event: 20.325 Thread 0x000001f8578badf0 8188       3       org.eclipse.jdt.internal.compiler.util.JrtFileSystem$2::visitFile (10 bytes)
Event: 20.325 Thread 0x000001f8578badf0 nmethod 8188 0x000001f85baa3590 code [0x000001f85baa3740, 0x000001f85baa3990]
Event: 20.325 Thread 0x000001f8578badf0 8190       3       org.eclipse.jdt.internal.core.JrtPackageFragmentRoot$1::visitFile (14 bytes)
Event: 20.325 Thread 0x000001f8578badf0 nmethod 8190 0x000001f85baa3a90 code [0x000001f85baa3c60, 0x000001f85baa3fb8]
Event: 20.325 Thread 0x000001f8578badf0 8193       3       org.eclipse.jdt.internal.core.JrtPackageFragmentRoot$1::visitFile (26 bytes)
Event: 20.326 Thread 0x000001f8578badf0 nmethod 8193 0x000001f85baa4090 code [0x000001f85baa4260, 0x000001f85baa44a8]
Event: 20.331 Thread 0x000001f86ff08ce0 8194       4       org.eclipse.jdt.internal.core.util.Util::splitOn (134 bytes)
Event: 20.349 Thread 0x000001f8578b1ff0 nmethod 8192 0x000001f862b04d90 code [0x000001f862b04fc0, 0x000001f862b059b0]
Event: 20.349 Thread 0x000001f8578b1ff0 8195       4       jdk.internal.jimage.ImageLocation::decompress (116 bytes)
Event: 20.355 Thread 0x000001f8578badf0 8196       1       org.eclipse.core.runtime.Status::getSeverity (5 bytes)
Event: 20.355 Thread 0x000001f8578badf0 nmethod 8196 0x000001f862b06090 code [0x000001f862b06220, 0x000001f862b062e8]
Event: 20.371 Thread 0x000001f8578badf0 8198       3       jdk.internal.jimage.ImageReader$SharedImageReader::visitLocation (73 bytes)
Event: 20.373 Thread 0x000001f8578badf0 nmethod 8198 0x000001f85baa4590 code [0x000001f85baa4840, 0x000001f85baa55a0]

GC Heap History (20 events):
Event: 18.809 GC heap after
{Heap after GC invocations=76 (full 2):
 PSYoungGen      total 3072K, used 224K [0x00000000d5580000, 0x00000000d5d80000, 0x0000000100000000)
  eden space 2560K, 0% used [0x00000000d5580000,0x00000000d5580000,0x00000000d5800000)
  from space 512K, 43% used [0x00000000d5d00000,0x00000000d5d38000,0x00000000d5d80000)
  to   space 512K, 0% used [0x00000000d5c80000,0x00000000d5c80000,0x00000000d5d00000)
 ParOldGen       total 146944K, used 146520K [0x0000000080000000, 0x0000000088f80000, 0x00000000d5580000)
  object space 146944K, 99% used [0x0000000080000000,0x0000000088f16010,0x0000000088f80000)
 Metaspace       used 47919K, committed 49216K, reserved 1114112K
  class space    used 5167K, committed 5696K, reserved 1048576K
}
Event: 19.888 GC heap before
{Heap before GC invocations=77 (full 2):
 PSYoungGen      total 3072K, used 2753K [0x00000000d5580000, 0x00000000d5d80000, 0x0000000100000000)
  eden space 2560K, 98% used [0x00000000d5580000,0x00000000d57f8668,0x00000000d5800000)
  from space 512K, 43% used [0x00000000d5d00000,0x00000000d5d38000,0x00000000d5d80000)
  to   space 512K, 0% used [0x00000000d5c80000,0x00000000d5c80000,0x00000000d5d00000)
 ParOldGen       total 146944K, used 146520K [0x0000000080000000, 0x0000000088f80000, 0x00000000d5580000)
  object space 146944K, 99% used [0x0000000080000000,0x0000000088f16010,0x0000000088f80000)
 Metaspace       used 48166K, committed 49472K, reserved 1114112K
  class space    used 5194K, committed 5760K, reserved 1048576K
}
Event: 19.891 GC heap after
{Heap after GC invocations=77 (full 2):
 PSYoungGen      total 3072K, used 442K [0x00000000d5580000, 0x00000000d5d80000, 0x0000000100000000)
  eden space 2560K, 0% used [0x00000000d5580000,0x00000000d5580000,0x00000000d5800000)
  from space 512K, 86% used [0x00000000d5c80000,0x00000000d5ceeb08,0x00000000d5d00000)
  to   space 512K, 0% used [0x00000000d5d00000,0x00000000d5d00000,0x00000000d5d80000)
 ParOldGen       total 146944K, used 146625K [0x0000000080000000, 0x0000000088f80000, 0x00000000d5580000)
  object space 146944K, 99% used [0x0000000080000000,0x0000000088f305a8,0x0000000088f80000)
 Metaspace       used 48166K, committed 49472K, reserved 1114112K
  class space    used 5194K, committed 5760K, reserved 1048576K
}
Event: 19.990 GC heap before
{Heap before GC invocations=78 (full 2):
 PSYoungGen      total 3072K, used 3002K [0x00000000d5580000, 0x00000000d5d80000, 0x0000000100000000)
  eden space 2560K, 99% used [0x00000000d5580000,0x00000000d57ffff8,0x00000000d5800000)
  from space 512K, 86% used [0x00000000d5c80000,0x00000000d5ceeb08,0x00000000d5d00000)
  to   space 512K, 0% used [0x00000000d5d00000,0x00000000d5d00000,0x00000000d5d80000)
 ParOldGen       total 146944K, used 146625K [0x0000000080000000, 0x0000000088f80000, 0x00000000d5580000)
  object space 146944K, 99% used [0x0000000080000000,0x0000000088f305a8,0x0000000088f80000)
 Metaspace       used 48668K, committed 49920K, reserved 1114112K
  class space    used 5239K, committed 5760K, reserved 1048576K
}
Event: 19.993 GC heap after
{Heap after GC invocations=78 (full 2):
 PSYoungGen      total 3072K, used 352K [0x00000000d5580000, 0x00000000d5d80000, 0x0000000100000000)
  eden space 2560K, 0% used [0x00000000d5580000,0x00000000d5580000,0x00000000d5800000)
  from space 512K, 68% used [0x00000000d5d00000,0x00000000d5d58020,0x00000000d5d80000)
  to   space 512K, 0% used [0x00000000d5c80000,0x00000000d5c80000,0x00000000d5d00000)
 ParOldGen       total 146944K, used 146755K [0x0000000080000000, 0x0000000088f80000, 0x00000000d5580000)
  object space 146944K, 99% used [0x0000000080000000,0x0000000088f50e68,0x0000000088f80000)
 Metaspace       used 48668K, committed 49920K, reserved 1114112K
  class space    used 5239K, committed 5760K, reserved 1048576K
}
Event: 20.131 GC heap before
{Heap before GC invocations=79 (full 2):
 PSYoungGen      total 3072K, used 2912K [0x00000000d5580000, 0x00000000d5d80000, 0x0000000100000000)
  eden space 2560K, 100% used [0x00000000d5580000,0x00000000d5800000,0x00000000d5800000)
  from space 512K, 68% used [0x00000000d5d00000,0x00000000d5d58020,0x00000000d5d80000)
  to   space 512K, 0% used [0x00000000d5c80000,0x00000000d5c80000,0x00000000d5d00000)
 ParOldGen       total 146944K, used 146755K [0x0000000080000000, 0x0000000088f80000, 0x00000000d5580000)
  object space 146944K, 99% used [0x0000000080000000,0x0000000088f50e68,0x0000000088f80000)
 Metaspace       used 49036K, committed 50432K, reserved 1114112K
  class space    used 5276K, committed 5888K, reserved 1048576K
}
Event: 20.134 GC heap after
{Heap after GC invocations=79 (full 2):
 PSYoungGen      total 3072K, used 384K [0x00000000d5580000, 0x00000000d5d80000, 0x0000000100000000)
  eden space 2560K, 0% used [0x00000000d5580000,0x00000000d5580000,0x00000000d5800000)
  from space 512K, 75% used [0x00000000d5c80000,0x00000000d5ce0000,0x00000000d5d00000)
  to   space 512K, 0% used [0x00000000d5d00000,0x00000000d5d00000,0x00000000d5d80000)
 ParOldGen       total 147456K, used 146953K [0x0000000080000000, 0x0000000089000000, 0x00000000d5580000)
  object space 147456K, 99% used [0x0000000080000000,0x0000000088f824c0,0x0000000089000000)
 Metaspace       used 49036K, committed 50432K, reserved 1114112K
  class space    used 5276K, committed 5888K, reserved 1048576K
}
Event: 20.235 GC heap before
{Heap before GC invocations=80 (full 2):
 PSYoungGen      total 3072K, used 2944K [0x00000000d5580000, 0x00000000d5d80000, 0x0000000100000000)
  eden space 2560K, 100% used [0x00000000d5580000,0x00000000d5800000,0x00000000d5800000)
  from space 512K, 75% used [0x00000000d5c80000,0x00000000d5ce0000,0x00000000d5d00000)
  to   space 512K, 0% used [0x00000000d5d00000,0x00000000d5d00000,0x00000000d5d80000)
 ParOldGen       total 147456K, used 146953K [0x0000000080000000, 0x0000000089000000, 0x00000000d5580000)
  object space 147456K, 99% used [0x0000000080000000,0x0000000088f824c0,0x0000000089000000)
 Metaspace       used 49103K, committed 50496K, reserved 1114112K
  class space    used 5277K, committed 5888K, reserved 1048576K
}
Event: 20.236 GC heap after
{Heap after GC invocations=80 (full 2):
 PSYoungGen      total 3072K, used 512K [0x00000000d5580000, 0x00000000d5d80000, 0x0000000100000000)
  eden space 2560K, 0% used [0x00000000d5580000,0x00000000d5580000,0x00000000d5800000)
  from space 512K, 100% used [0x00000000d5d00000,0x00000000d5d80000,0x00000000d5d80000)
  to   space 1024K, 0% used [0x00000000d5b80000,0x00000000d5b80000,0x00000000d5c80000)
 ParOldGen       total 147456K, used 147185K [0x0000000080000000, 0x0000000089000000, 0x00000000d5580000)
  object space 147456K, 99% used [0x0000000080000000,0x0000000088fbc4c0,0x0000000089000000)
 Metaspace       used 49103K, committed 50496K, reserved 1114112K
  class space    used 5277K, committed 5888K, reserved 1048576K
}
Event: 20.304 GC heap before
{Heap before GC invocations=81 (full 2):
 PSYoungGen      total 3072K, used 3072K [0x00000000d5580000, 0x00000000d5d80000, 0x0000000100000000)
  eden space 2560K, 100% used [0x00000000d5580000,0x00000000d5800000,0x00000000d5800000)
  from space 512K, 100% used [0x00000000d5d00000,0x00000000d5d80000,0x00000000d5d80000)
  to   space 1024K, 0% used [0x00000000d5b80000,0x00000000d5b80000,0x00000000d5c80000)
 ParOldGen       total 147456K, used 147185K [0x0000000080000000, 0x0000000089000000, 0x00000000d5580000)
  object space 147456K, 99% used [0x0000000080000000,0x0000000088fbc4c0,0x0000000089000000)
 Metaspace       used 49156K, committed 50560K, reserved 1114112K
  class space    used 5281K, committed 5888K, reserved 1048576K
}
Event: 20.306 GC heap after
{Heap after GC invocations=81 (full 2):
 PSYoungGen      total 3584K, used 288K [0x00000000d5580000, 0x00000000d5d80000, 0x0000000100000000)
  eden space 2560K, 0% used [0x00000000d5580000,0x00000000d5580000,0x00000000d5800000)
  from space 1024K, 28% used [0x00000000d5b80000,0x00000000d5bc8000,0x00000000d5c80000)
  to   space 512K, 0% used [0x00000000d5d00000,0x00000000d5d00000,0x00000000d5d80000)
 ParOldGen       total 147968K, used 147561K [0x0000000080000000, 0x0000000089080000, 0x00000000d5580000)
  object space 147968K, 99% used [0x0000000080000000,0x000000008901a4d0,0x0000000089080000)
 Metaspace       used 49156K, committed 50560K, reserved 1114112K
  class space    used 5281K, committed 5888K, reserved 1048576K
}
Event: 20.339 GC heap before
{Heap before GC invocations=82 (full 2):
 PSYoungGen      total 3584K, used 2848K [0x00000000d5580000, 0x00000000d5d80000, 0x0000000100000000)
  eden space 2560K, 100% used [0x00000000d5580000,0x00000000d5800000,0x00000000d5800000)
  from space 1024K, 28% used [0x00000000d5b80000,0x00000000d5bc8000,0x00000000d5c80000)
  to   space 512K, 0% used [0x00000000d5d00000,0x00000000d5d00000,0x00000000d5d80000)
 ParOldGen       total 147968K, used 147561K [0x0000000080000000, 0x0000000089080000, 0x00000000d5580000)
  object space 147968K, 99% used [0x0000000080000000,0x000000008901a4d0,0x0000000089080000)
 Metaspace       used 49168K, committed 50560K, reserved 1114112K
  class space    used 5281K, committed 5888K, reserved 1048576K
}
Event: 20.342 GC heap after
{Heap after GC invocations=82 (full 2):
 PSYoungGen      total 3072K, used 416K [0x00000000d5580000, 0x00000000d5d80000, 0x0000000100000000)
  eden space 2560K, 0% used [0x00000000d5580000,0x00000000d5580000,0x00000000d5800000)
  from space 512K, 81% used [0x00000000d5d00000,0x00000000d5d68010,0x00000000d5d80000)
  to   space 512K, 0% used [0x00000000d5c80000,0x00000000d5c80000,0x00000000d5d00000)
 ParOldGen       total 147968K, used 147777K [0x0000000080000000, 0x0000000089080000, 0x00000000d5580000)
  object space 147968K, 99% used [0x0000000080000000,0x00000000890504e0,0x0000000089080000)
 Metaspace       used 49168K, committed 50560K, reserved 1114112K
  class space    used 5281K, committed 5888K, reserved 1048576K
}
Event: 20.366 GC heap before
{Heap before GC invocations=83 (full 2):
 PSYoungGen      total 3072K, used 2976K [0x00000000d5580000, 0x00000000d5d80000, 0x0000000100000000)
  eden space 2560K, 100% used [0x00000000d5580000,0x00000000d5800000,0x00000000d5800000)
  from space 512K, 81% used [0x00000000d5d00000,0x00000000d5d68010,0x00000000d5d80000)
  to   space 512K, 0% used [0x00000000d5c80000,0x00000000d5c80000,0x00000000d5d00000)
 ParOldGen       total 147968K, used 147777K [0x0000000080000000, 0x0000000089080000, 0x00000000d5580000)
  object space 147968K, 99% used [0x0000000080000000,0x00000000890504e0,0x0000000089080000)
 Metaspace       used 49168K, committed 50560K, reserved 1114112K
  class space    used 5281K, committed 5888K, reserved 1048576K
}
Event: 20.368 GC heap after
{Heap after GC invocations=83 (full 2):
 PSYoungGen      total 3072K, used 416K [0x00000000d5580000, 0x00000000d5d80000, 0x0000000100000000)
  eden space 2560K, 0% used [0x00000000d5580000,0x00000000d5580000,0x00000000d5800000)
  from space 512K, 81% used [0x00000000d5c80000,0x00000000d5ce8000,0x00000000d5d00000)
  to   space 512K, 0% used [0x00000000d5d00000,0x00000000d5d00000,0x00000000d5d80000)
 ParOldGen       total 148480K, used 148113K [0x0000000080000000, 0x0000000089100000, 0x00000000d5580000)
  object space 148480K, 99% used [0x0000000080000000,0x00000000890a44f0,0x0000000089100000)
 Metaspace       used 49168K, committed 50560K, reserved 1114112K
  class space    used 5281K, committed 5888K, reserved 1048576K
}
Event: 20.384 GC heap before
{Heap before GC invocations=84 (full 2):
 PSYoungGen      total 3072K, used 2976K [0x00000000d5580000, 0x00000000d5d80000, 0x0000000100000000)
  eden space 2560K, 100% used [0x00000000d5580000,0x00000000d5800000,0x00000000d5800000)
  from space 512K, 81% used [0x00000000d5c80000,0x00000000d5ce8000,0x00000000d5d00000)
  to   space 512K, 0% used [0x00000000d5d00000,0x00000000d5d00000,0x00000000d5d80000)
 ParOldGen       total 148480K, used 148113K [0x0000000080000000, 0x0000000089100000, 0x00000000d5580000)
  object space 148480K, 99% used [0x0000000080000000,0x00000000890a44f0,0x0000000089100000)
 Metaspace       used 49168K, committed 50560K, reserved 1114112K
  class space    used 5281K, committed 5888K, reserved 1048576K
}
Event: 20.387 GC heap after
{Heap after GC invocations=84 (full 2):
 PSYoungGen      total 3072K, used 480K [0x00000000d5580000, 0x00000000d5d80000, 0x0000000100000000)
  eden space 2560K, 0% used [0x00000000d5580000,0x00000000d5580000,0x00000000d5800000)
  from space 512K, 93% used [0x00000000d5d00000,0x00000000d5d78000,0x00000000d5d80000)
  to   space 512K, 0% used [0x00000000d5c80000,0x00000000d5c80000,0x00000000d5d00000)
 ParOldGen       total 148480K, used 148425K [0x0000000080000000, 0x0000000089100000, 0x00000000d5580000)
  object space 148480K, 99% used [0x0000000080000000,0x00000000890f24f0,0x0000000089100000)
 Metaspace       used 49168K, committed 50560K, reserved 1114112K
  class space    used 5281K, committed 5888K, reserved 1048576K
}
Event: 20.404 GC heap before
{Heap before GC invocations=85 (full 2):
 PSYoungGen      total 3072K, used 3040K [0x00000000d5580000, 0x00000000d5d80000, 0x0000000100000000)
  eden space 2560K, 100% used [0x00000000d5580000,0x00000000d5800000,0x00000000d5800000)
  from space 512K, 93% used [0x00000000d5d00000,0x00000000d5d78000,0x00000000d5d80000)
  to   space 512K, 0% used [0x00000000d5c80000,0x00000000d5c80000,0x00000000d5d00000)
 ParOldGen       total 148480K, used 148425K [0x0000000080000000, 0x0000000089100000, 0x00000000d5580000)
  object space 148480K, 99% used [0x0000000080000000,0x00000000890f24f0,0x0000000089100000)
 Metaspace       used 49168K, committed 50560K, reserved 1114112K
  class space    used 5281K, committed 5888K, reserved 1048576K
}
Event: 21.407 GC heap after
{Heap after GC invocations=85 (full 2):
 PSYoungGen      total 3584K, used 416K [0x00000000d5580000, 0x00000000d5d80000, 0x0000000100000000)
  eden space 3072K, 0% used [0x00000000d5580000,0x00000000d5580000,0x00000000d5880000)
  from space 512K, 81% used [0x00000000d5c80000,0x00000000d5ce8000,0x00000000d5d00000)
  to   space 512K, 0% used [0x00000000d5d00000,0x00000000d5d00000,0x00000000d5d80000)
 ParOldGen       total 148992K, used 148745K [0x0000000080000000, 0x0000000089180000, 0x00000000d5580000)
  object space 148992K, 99% used [0x0000000080000000,0x00000000891424f0,0x0000000089180000)
 Metaspace       used 49168K, committed 50560K, reserved 1114112K
  class space    used 5281K, committed 5888K, reserved 1048576K
}
Event: 21.424 GC heap before
{Heap before GC invocations=86 (full 2):
 PSYoungGen      total 3584K, used 3488K [0x00000000d5580000, 0x00000000d5d80000, 0x0000000100000000)
  eden space 3072K, 100% used [0x00000000d5580000,0x00000000d5880000,0x00000000d5880000)
  from space 512K, 81% used [0x00000000d5c80000,0x00000000d5ce8000,0x00000000d5d00000)
  to   space 512K, 0% used [0x00000000d5d00000,0x00000000d5d00000,0x00000000d5d80000)
 ParOldGen       total 148992K, used 148745K [0x0000000080000000, 0x0000000089180000, 0x00000000d5580000)
  object space 148992K, 99% used [0x0000000080000000,0x00000000891424f0,0x0000000089180000)
 Metaspace       used 49168K, committed 50560K, reserved 1114112K
  class space    used 5281K, committed 5888K, reserved 1048576K
}

Dll operation events (10 events):
Event: 0.014 Loaded shared library c:\Users\jizhi\.vscode\extensions\redhat.java-1.54.0-win32-x64\jre\21.0.10-win32-x86_64\bin\java.dll
Event: 0.042 Loaded shared library c:\Users\jizhi\.vscode\extensions\redhat.java-1.54.0-win32-x64\jre\21.0.10-win32-x86_64\bin\zip.dll
Event: 0.108 Loaded shared library C:\Users\jizhi\.vscode\extensions\redhat.java-1.54.0-win32-x64\jre\21.0.10-win32-x86_64\bin\instrument.dll
Event: 0.114 Loaded shared library C:\Users\jizhi\.vscode\extensions\redhat.java-1.54.0-win32-x64\jre\21.0.10-win32-x86_64\bin\net.dll
Event: 0.116 Loaded shared library C:\Users\jizhi\.vscode\extensions\redhat.java-1.54.0-win32-x64\jre\21.0.10-win32-x86_64\bin\nio.dll
Event: 0.120 Loaded shared library C:\Users\jizhi\.vscode\extensions\redhat.java-1.54.0-win32-x64\jre\21.0.10-win32-x86_64\bin\zip.dll
Event: 0.139 Loaded shared library C:\Users\jizhi\.vscode\extensions\redhat.java-1.54.0-win32-x64\jre\21.0.10-win32-x86_64\bin\jimage.dll
Event: 0.208 Loaded shared library c:\Users\jizhi\.vscode\extensions\redhat.java-1.54.0-win32-x64\jre\21.0.10-win32-x86_64\bin\verify.dll
Event: 1.447 Loaded shared library C:\Users\jizhi\AppData\Roaming\Code\User\globalStorage\redhat.java\1.54.0\config_win\org.eclipse.equinox.launcher\org.eclipse.equinox.launcher.win32.win32.x86_64_1.3.0.v20260203-2149\eclipse_11919.dll
Event: 4.997 Loaded shared library C:\Users\jizhi\AppData\Local\Temp\jna-101141852\jna4827058754793062254.dll

Deoptimization events (20 events):
Event: 19.947 Thread 0x000001f877c80540 Uncommon trap: trap_request=0xffffffc6 fr.pc=0x000001f862a0cbc8 relative=0x00000000000000a8
Event: 19.947 Thread 0x000001f877c80540 Uncommon trap: reason=bimorphic_or_optimized_type_check action=maybe_recompile pc=0x000001f862a0cbc8 method=org.eclipse.jdt.internal.core.JavaElement.<init>(Lorg/eclipse/jdt/internal/core/JavaElement;)V @ 19 c2
Event: 19.948 Thread 0x000001f877c80540 DEOPT PACKING pc=0x000001f862a0cbc8 sp=0x0000000f539fe6e0
Event: 19.948 Thread 0x000001f877c80540 DEOPT UNPACKING pc=0x000001f8620b6da2 sp=0x0000000f539fe678 mode 2
Event: 19.990 Thread 0x000001f877c80540 Uncommon trap: trap_request=0xffffff45 fr.pc=0x000001f862a828e4 relative=0x0000000000000284
Event: 19.990 Thread 0x000001f877c80540 Uncommon trap: reason=unstable_if action=reinterpret pc=0x000001f862a828e4 method=sun.nio.fs.WindowsPath.compareTo(Ljava/nio/file/Path;)I @ 76 c2
Event: 19.990 Thread 0x000001f877c80540 DEOPT PACKING pc=0x000001f862a828e4 sp=0x0000000f539fc0e0
Event: 19.990 Thread 0x000001f877c80540 DEOPT UNPACKING pc=0x000001f8620b6da2 sp=0x0000000f539fc048 mode 2
Event: 20.027 Thread 0x000001f877c80540 Uncommon trap: trap_request=0xffffff45 fr.pc=0x000001f862a86290 relative=0x00000000000007d0
Event: 20.027 Thread 0x000001f877c80540 Uncommon trap: reason=unstable_if action=reinterpret pc=0x000001f862a86290 method=sun.nio.fs.WindowsNativeDispatcher.asNativeBuffer(Ljava/lang/String;)Lsun/nio/fs/NativeBuffer; @ 52 c2
Event: 20.027 Thread 0x000001f877c80540 DEOPT PACKING pc=0x000001f862a86290 sp=0x0000000f539fcde0
Event: 20.027 Thread 0x000001f877c80540 DEOPT UNPACKING pc=0x000001f8620b6da2 sp=0x0000000f539fcda0 mode 2
Event: 20.284 Thread 0x000001f877c80540 Uncommon trap: trap_request=0xffffff45 fr.pc=0x000001f862afe760 relative=0x00000000000001a0
Event: 20.284 Thread 0x000001f877c80540 Uncommon trap: reason=unstable_if action=reinterpret pc=0x000001f862afe760 method=jdk.internal.jrtfs.JrtPath.normalize(Ljava/lang/String;)Ljava/lang/String; @ 78 c2
Event: 20.284 Thread 0x000001f877c80540 DEOPT PACKING pc=0x000001f862afe760 sp=0x0000000f539fd0c0
Event: 20.284 Thread 0x000001f877c80540 DEOPT UNPACKING pc=0x000001f8620b6da2 sp=0x0000000f539fd040 mode 2
Event: 20.285 Thread 0x000001f877c80540 Uncommon trap: trap_request=0xffffff45 fr.pc=0x000001f862b01f0c relative=0x000000000000056c
Event: 20.285 Thread 0x000001f877c80540 Uncommon trap: reason=unstable_if action=reinterpret pc=0x000001f862b01f0c method=jdk.internal.jimage.ImageReader$SharedImageReader.findNode(Ljava/lang/String;)Ljdk/internal/jimage/ImageReader$Node; @ 25 c2
Event: 20.285 Thread 0x000001f877c80540 DEOPT PACKING pc=0x000001f862b01f0c sp=0x0000000f539fcde0
Event: 20.285 Thread 0x000001f877c80540 DEOPT UNPACKING pc=0x000001f8620b6da2 sp=0x0000000f539fcda8 mode 2

Classes loaded (20 events):
Event: 20.029 Loading class sun/nio/ch/FileChannelImpl$DefaultUnmapper
Event: 20.029 Loading class sun/nio/ch/FileChannelImpl$Unmapper
Event: 20.029 Loading class jdk/internal/access/foreign/UnmapperProxy
Event: 20.030 Loading class jdk/internal/access/foreign/UnmapperProxy done
Event: 20.030 Loading class sun/nio/ch/FileChannelImpl$Unmapper done
Event: 20.030 Loading class sun/nio/ch/FileChannelImpl$DefaultUnmapper done
Event: 20.030 Loading class sun/nio/ch/Util$4
Event: 20.030 Loading class sun/nio/ch/Util$4 done
Event: 20.049 Loading class java/nio/file/ClosedDirectoryStreamException
Event: 20.049 Loading class java/nio/file/ClosedDirectoryStreamException done
Event: 20.050 Loading class jdk/internal/jrtfs/JrtFileSystem
Event: 20.051 Loading class jdk/internal/jrtfs/JrtFileSystem done
Event: 20.051 Loading class jdk/internal/jrtfs/JrtPath
Event: 20.053 Loading class jdk/internal/jrtfs/JrtPath done
Event: 20.053 Loading class jdk/internal/jimage/ImageReader$Node
Event: 20.053 Loading class jdk/internal/jimage/ImageReader$Node done
Event: 20.071 Loading class java/nio/ByteBufferAsIntBufferL
Event: 20.071 Loading class java/nio/ByteBufferAsIntBufferL done
Event: 20.080 Loading class jdk/internal/jimage/ImageReader$Directory
Event: 20.081 Loading class jdk/internal/jimage/ImageReader$Directory done

Classes unloaded (7 events):
Event: 5.618 Thread 0x000001f857881d20 Unloading class 0x000001f8011a5800 'java/lang/invoke/LambdaForm$MH+0x000001f8011a5800'
Event: 5.618 Thread 0x000001f857881d20 Unloading class 0x000001f8011a5400 'java/lang/invoke/LambdaForm$MH+0x000001f8011a5400'
Event: 5.618 Thread 0x000001f857881d20 Unloading class 0x000001f8011a5000 'java/lang/invoke/LambdaForm$MH+0x000001f8011a5000'
Event: 5.618 Thread 0x000001f857881d20 Unloading class 0x000001f8011a4c00 'java/lang/invoke/LambdaForm$MH+0x000001f8011a4c00'
Event: 5.618 Thread 0x000001f857881d20 Unloading class 0x000001f8011a4800 'java/lang/invoke/LambdaForm$BMH+0x000001f8011a4800'
Event: 5.618 Thread 0x000001f857881d20 Unloading class 0x000001f8011a4400 'java/lang/invoke/LambdaForm$DMH+0x000001f8011a4400'
Event: 5.618 Thread 0x000001f857881d20 Unloading class 0x000001f8011a3400 'java/lang/invoke/LambdaForm$DMH+0x000001f8011a3400'

Classes redefined (0 events):
No events

Internal exceptions (20 events):
Event: 18.111 Thread 0x000001f8765c4950 Exception <a 'sun/nio/fs/WindowsException'{0x00000000d56bb468}> (0x00000000d56bb468) 
thrown [s\src\hotspot\share\prims\jni.cpp, line 520]
Event: 18.111 Thread 0x000001f8765c4950 Exception <a 'sun/nio/fs/WindowsException'{0x00000000d56bbaf8}> (0x00000000d56bbaf8) 
thrown [s\src\hotspot\share\prims\jni.cpp, line 520]
Event: 18.111 Thread 0x000001f8765c4950 Exception <a 'sun/nio/fs/WindowsException'{0x00000000d56bc1a8}> (0x00000000d56bc1a8) 
thrown [s\src\hotspot\share\prims\jni.cpp, line 520]
Event: 18.112 Thread 0x000001f8765c4950 Exception <a 'sun/nio/fs/WindowsException'{0x00000000d56bf6e0}> (0x00000000d56bf6e0) 
thrown [s\src\hotspot\share\prims\jni.cpp, line 520]
Event: 18.112 Thread 0x000001f8765c4950 Exception <a 'sun/nio/fs/WindowsException'{0x00000000d56bfd48}> (0x00000000d56bfd48) 
thrown [s\src\hotspot\share\prims\jni.cpp, line 520]
Event: 18.112 Thread 0x000001f8765c4950 Exception <a 'sun/nio/fs/WindowsException'{0x00000000d56c03c0}> (0x00000000d56c03c0) 
thrown [s\src\hotspot\share\prims\jni.cpp, line 520]
Event: 18.112 Thread 0x000001f8765c4950 Exception <a 'sun/nio/fs/WindowsException'{0x00000000d56c0a48}> (0x00000000d56c0a48) 
thrown [s\src\hotspot\share\prims\jni.cpp, line 520]
Event: 18.113 Thread 0x000001f8765c4950 Exception <a 'sun/nio/fs/WindowsException'{0x00000000d56c4350}> (0x00000000d56c4350) 
thrown [s\src\hotspot\share\prims\jni.cpp, line 520]
Event: 18.113 Thread 0x000001f8765c4950 Exception <a 'sun/nio/fs/WindowsException'{0x00000000d56c4c78}> (0x00000000d56c4c78) 
thrown [s\src\hotspot\share\prims\jni.cpp, line 520]
Event: 18.114 Thread 0x000001f8765c4950 Exception <a 'sun/nio/fs/WindowsException'{0x00000000d56c5358}> (0x00000000d56c5358) 
thrown [s\src\hotspot\share\prims\jni.cpp, line 520]
Event: 18.114 Thread 0x000001f8765c4950 Exception <a 'sun/nio/fs/WindowsException'{0x00000000d56c5a50}> (0x00000000d56c5a50) 
thrown [s\src\hotspot\share\prims\jni.cpp, line 520]
Event: 18.115 Thread 0x000001f8765c4950 Exception <a 'sun/nio/fs/WindowsException'{0x00000000d56c90f0}> (0x00000000d56c90f0) 
thrown [s\src\hotspot\share\prims\jni.cpp, line 520]
Event: 18.115 Thread 0x000001f8765c4950 Exception <a 'sun/nio/fs/WindowsException'{0x00000000d56c9720}> (0x00000000d56c9720) 
thrown [s\src\hotspot\share\prims\jni.cpp, line 520]
Event: 18.115 Thread 0x000001f8765c4950 Exception <a 'sun/nio/fs/WindowsException'{0x00000000d56c9d50}> (0x00000000d56c9d50) 
thrown [s\src\hotspot\share\prims\jni.cpp, line 520]
Event: 18.115 Thread 0x000001f8765c4950 Exception <a 'sun/nio/fs/WindowsException'{0x00000000d56ca3a0}> (0x00000000d56ca3a0) 
thrown [s\src\hotspot\share\prims\jni.cpp, line 520]
Event: 18.117 Thread 0x000001f8765c4950 Exception <a 'sun/nio/fs/WindowsException'{0x00000000d56ce4a8}> (0x00000000d56ce4a8) 
thrown [s\src\hotspot\share\prims\jni.cpp, line 520]
Event: 18.117 Thread 0x000001f8765c4950 Exception <a 'sun/nio/fs/WindowsException'{0x00000000d56ced40}> (0x00000000d56ced40) 
thrown [s\src\hotspot\share\prims\jni.cpp, line 520]
Event: 18.117 Thread 0x000001f8765c4950 Exception <a 'sun/nio/fs/WindowsException'{0x00000000d56cf390}> (0x00000000d56cf390) 
thrown [s\src\hotspot\share\prims\jni.cpp, line 520]
Event: 18.117 Thread 0x000001f8765c4950 Exception <a 'sun/nio/fs/WindowsException'{0x00000000d56cf9f8}> (0x00000000d56cf9f8) 
thrown [s\src\hotspot\share\prims\jni.cpp, line 520]
Event: 20.032 Thread 0x000001f877c80540 Exception <a 'java/lang/NoSuchMethodError'{0x00000000d5678b68}: 'java.lang.Object java.lang.invoke.DelegatingMethodHandle$Holder.reinvoke_L(java.lang.Object, int, long, java.lang.Object, java.lang.Object, int, java.lang.Object)'> (0x00000000d5678b68) 
thrown [s\src\hotspot\share\interpreter\linkResolver.cpp, line 773]

ZGC Phase Switch (0 events):
No events

VM Operations (20 events):
Event: 20.074 Executing non-safepoint VM operation: HandshakeAllThreads (Deoptimize) done
Event: 20.077 Executing non-safepoint VM operation: HandshakeAllThreads (Deoptimize)
Event: 20.077 Executing non-safepoint VM operation: HandshakeAllThreads (Deoptimize) done
Event: 20.131 Executing safepoint VM operation: ParallelGCFailedAllocation (Allocation Failure)
Event: 20.134 Executing safepoint VM operation: ParallelGCFailedAllocation (Allocation Failure) done
Event: 20.180 Executing non-safepoint VM operation: HandshakeAllThreads (Deoptimize)
Event: 20.180 Executing non-safepoint VM operation: HandshakeAllThreads (Deoptimize) done
Event: 20.234 Executing safepoint VM operation: ParallelGCFailedAllocation (Allocation Failure)
Event: 20.237 Executing safepoint VM operation: ParallelGCFailedAllocation (Allocation Failure) done
Event: 20.304 Executing safepoint VM operation: ParallelGCFailedAllocation (Allocation Failure)
Event: 20.306 Executing safepoint VM operation: ParallelGCFailedAllocation (Allocation Failure) done
Event: 20.339 Executing safepoint VM operation: ParallelGCFailedAllocation (Allocation Failure)
Event: 20.342 Executing safepoint VM operation: ParallelGCFailedAllocation (Allocation Failure) done
Event: 20.366 Executing safepoint VM operation: ParallelGCFailedAllocation (Allocation Failure)
Event: 20.368 Executing safepoint VM operation: ParallelGCFailedAllocation (Allocation Failure) done
Event: 20.384 Executing safepoint VM operation: ParallelGCFailedAllocation (Allocation Failure)
Event: 20.387 Executing safepoint VM operation: ParallelGCFailedAllocation (Allocation Failure) done
Event: 20.404 Executing safepoint VM operation: ParallelGCFailedAllocation (Allocation Failure)
Event: 21.407 Executing safepoint VM operation: ParallelGCFailedAllocation (Allocation Failure) done
Event: 21.424 Executing safepoint VM operation: ParallelGCFailedAllocation (Allocation Failure)

Memory protections (0 events):
No events

Nmethod flushes (20 events):
Event: 7.712 Thread 0x000001f857881d20 flushing  nmethod 0x000001f85b188f10
Event: 7.713 Thread 0x000001f857881d20 flushing  nmethod 0x000001f85b197810
Event: 7.713 Thread 0x000001f857881d20 flushing  nmethod 0x000001f85b1d0890
Event: 7.713 Thread 0x000001f857881d20 flushing  nmethod 0x000001f85b1d0c90
Event: 7.713 Thread 0x000001f857881d20 flushing  nmethod 0x000001f85b1d1590
Event: 7.713 Thread 0x000001f857881d20 flushing  nmethod 0x000001f85b1d3410
Event: 7.713 Thread 0x000001f857881d20 flushing  nmethod 0x000001f85b1d3b90
Event: 7.713 Thread 0x000001f857881d20 flushing  nmethod 0x000001f85b1d5110
Event: 7.713 Thread 0x000001f857881d20 flushing  nmethod 0x000001f85b1d5a10
Event: 7.713 Thread 0x000001f857881d20 flushing  nmethod 0x000001f85b1d6290
Event: 7.713 Thread 0x000001f857881d20 flushing  nmethod 0x000001f85b1d8390
Event: 7.713 Thread 0x000001f857881d20 flushing  nmethod 0x000001f85b1d9c90
Event: 7.713 Thread 0x000001f857881d20 flushing  nmethod 0x000001f85b1db410
Event: 7.713 Thread 0x000001f857881d20 flushing  nmethod 0x000001f85b200a90
Event: 7.713 Thread 0x000001f857881d20 flushing  nmethod 0x000001f85b218290
Event: 7.713 Thread 0x000001f857881d20 flushing  nmethod 0x000001f85b219610
Event: 7.713 Thread 0x000001f857881d20 flushing  nmethod 0x000001f85b285810
Event: 7.713 Thread 0x000001f857881d20 flushing  nmethod 0x000001f85b297590
Event: 7.713 Thread 0x000001f857881d20 flushing  nmethod 0x000001f85b2da790
Event: 7.713 Thread 0x000001f857881d20 flushing  nmethod 0x000001f85b2dac10

Events (20 events):
Event: 7.830 Thread 0x000001f85792f240 Thread added: 0x000001f877c7d750
Event: 8.088 Thread 0x000001f85792f240 Thread added: 0x000001f877c7bd10
Event: 8.088 Thread 0x000001f85792f240 Thread added: 0x000001f877c80540
Event: 9.972 Thread 0x000001f86ff07870 Thread exited: 0x000001f86ff07870
Event: 10.035 Thread 0x000001f86ff08ce0 Thread exited: 0x000001f86ff08ce0
Event: 11.017 Thread 0x000001f8765c21f0 Thread added: 0x000001f877c7f820
Event: 11.017 Thread 0x000001f8765c21f0 Thread added: 0x000001f877c81260
Event: 11.018 Thread 0x000001f877c81260 Thread added: 0x000001f877c82ca0
Event: 11.018 Thread 0x000001f8765c21f0 Thread added: 0x000001f877c7feb0
Event: 11.018 Thread 0x000001f877c82ca0 Thread added: 0x000001f877c80bd0
Event: 11.018 Thread 0x000001f877c7feb0 Thread added: 0x000001f8774f5ba0
Event: 11.019 Thread 0x000001f877c80bd0 Thread added: 0x000001f8774f68c0
Event: 11.228 Thread 0x000001f8578badf0 Thread added: 0x000001f86ff07870
Event: 14.881 Thread 0x000001f8578badf0 Thread added: 0x000001f86ff08610
Event: 15.339 Thread 0x000001f8765c4950 Thread added: 0x000001f8774f6f50
Event: 15.602 Thread 0x000001f86ff08610 Thread exited: 0x000001f86ff08610
Event: 15.602 Thread 0x000001f86ff07870 Thread exited: 0x000001f86ff07870
Event: 16.436 Thread 0x000001f8578badf0 Thread added: 0x000001f86ff07870
Event: 18.179 Thread 0x000001f8578b1ff0 Thread added: 0x000001f86ff08ce0
Event: 18.724 Thread 0x000001f8774f6f50 Thread exited: 0x000001f8774f6f50


Dynamic libraries:
0x00007ff71f660000 - 0x00007ff71f66e000 	c:\Users\jizhi\.vscode\extensions\redhat.java-1.54.0-win32-x64\jre\21.0.10-win32-x86_64\bin\java.exe
0x00007ffd13060000 - 0x00007ffd132c8000 	C:\WINDOWS\SYSTEM32\ntdll.dll
0x00007ffd11680000 - 0x00007ffd11749000 	C:\WINDOWS\System32\KERNEL32.DLL
0x00007ffd10540000 - 0x00007ffd1092d000 	C:\WINDOWS\System32\KERNELBASE.dll
0x00007ffd10360000 - 0x00007ffd104ab000 	C:\WINDOWS\System32\ucrtbase.dll
0x00007ffcf6d80000 - 0x00007ffcf6d98000 	c:\Users\jizhi\.vscode\extensions\redhat.java-1.54.0-win32-x64\jre\21.0.10-win32-x86_64\bin\jli.dll
0x00007ffcf6350000 - 0x00007ffcf636e000 	c:\Users\jizhi\.vscode\extensions\redhat.java-1.54.0-win32-x64\jre\21.0.10-win32-x86_64\bin\VCRUNTIME140.dll
0x00007ffd11420000 - 0x00007ffd115ec000 	C:\WINDOWS\System32\USER32.dll
0x00007ffcef870000 - 0x00007ffcefb0a000 	C:\WINDOWS\WinSxS\amd64_microsoft.windows.common-controls_6595b64144ccf1df_6.0.26100.4484_none_3e0e6d4ce32ef3b3\COMCTL32.dll
0x00007ffd10330000 - 0x00007ffd10357000 	C:\WINDOWS\System32\win32u.dll
0x00007ffd11b30000 - 0x00007ffd11bd9000 	C:\WINDOWS\System32\msvcrt.dll
0x00007ffd113f0000 - 0x00007ffd1141b000 	C:\WINDOWS\System32\GDI32.dll
0x00007ffd10930000 - 0x00007ffd10a67000 	C:\WINDOWS\System32\gdi32full.dll
0x00007ffd10d50000 - 0x00007ffd10df3000 	C:\WINDOWS\System32\msvcp_win.dll
0x00007ffd12590000 - 0x00007ffd125bf000 	C:\WINDOWS\System32\IMM32.DLL
0x00007ffd06440000 - 0x00007ffd0644c000 	c:\Users\jizhi\.vscode\extensions\redhat.java-1.54.0-win32-x64\jre\21.0.10-win32-x86_64\bin\vcruntime140_1.dll
0x00007ffcf2820000 - 0x00007ffcf28ad000 	c:\Users\jizhi\.vscode\extensions\redhat.java-1.54.0-win32-x64\jre\21.0.10-win32-x86_64\bin\msvcp140.dll
0x00007ffc412d0000 - 0x00007ffc42071000 	c:\Users\jizhi\.vscode\extensions\redhat.java-1.54.0-win32-x64\jre\21.0.10-win32-x86_64\bin\server\jvm.dll
0x00007ffd11870000 - 0x00007ffd11924000 	C:\WINDOWS\System32\ADVAPI32.dll
0x00007ffd12d90000 - 0x00007ffd12e36000 	C:\WINDOWS\System32\sechost.dll
0x00007ffd11750000 - 0x00007ffd11868000 	C:\WINDOWS\System32\RPCRT4.dll
0x00007ffd12e70000 - 0x00007ffd12ee4000 	C:\WINDOWS\System32\WS2_32.dll
0x00007ffd10000000 - 0x00007ffd1005e000 	C:\WINDOWS\SYSTEM32\POWRPROF.dll
0x00007ffd04db0000 - 0x00007ffd04de5000 	C:\WINDOWS\SYSTEM32\WINMM.dll
0x00007ffcfe830000 - 0x00007ffcfe83b000 	C:\WINDOWS\SYSTEM32\VERSION.dll
0x00007ffd0ffe0000 - 0x00007ffd0fff4000 	C:\WINDOWS\SYSTEM32\UMPDC.dll
0x00007ffd0ef50000 - 0x00007ffd0ef6b000 	C:\WINDOWS\SYSTEM32\kernel.appcore.dll
0x00007ffcfed20000 - 0x00007ffcfed2a000 	c:\Users\jizhi\.vscode\extensions\redhat.java-1.54.0-win32-x64\jre\21.0.10-win32-x86_64\bin\jimage.dll
0x00007ffd0d730000 - 0x00007ffd0d971000 	C:\WINDOWS\SYSTEM32\DBGHELP.DLL
0x00007ffd10e80000 - 0x00007ffd11206000 	C:\WINDOWS\System32\combase.dll
0x00007ffd11d50000 - 0x00007ffd11e30000 	C:\WINDOWS\System32\OLEAUT32.dll
0x00007ffd09dd0000 - 0x00007ffd09e13000 	C:\WINDOWS\SYSTEM32\dbgcore.DLL
0x00007ffd10b30000 - 0x00007ffd10bc9000 	C:\WINDOWS\System32\bcryptPrimitives.dll
0x00007ffd09db0000 - 0x00007ffd09dbf000 	c:\Users\jizhi\.vscode\extensions\redhat.java-1.54.0-win32-x64\jre\21.0.10-win32-x86_64\bin\instrument.dll
0x00007ffcf5c40000 - 0x00007ffcf5c60000 	c:\Users\jizhi\.vscode\extensions\redhat.java-1.54.0-win32-x64\jre\21.0.10-win32-x86_64\bin\java.dll
0x00007ffd11e40000 - 0x00007ffd1258a000 	C:\WINDOWS\System32\SHELL32.dll
0x00007ffd101b0000 - 0x00007ffd10324000 	C:\WINDOWS\System32\wintypes.dll
0x00007ffd0ddd0000 - 0x00007ffd0e62b000 	C:\WINDOWS\SYSTEM32\windows.storage.dll
0x00007ffd11a30000 - 0x00007ffd11b25000 	C:\WINDOWS\System32\SHCORE.dll
0x00007ffd10e10000 - 0x00007ffd10e7a000 	C:\WINDOWS\System32\shlwapi.dll
0x00007ffd100c0000 - 0x00007ffd100ef000 	C:\WINDOWS\SYSTEM32\profapi.dll
0x00007ffcf6050000 - 0x00007ffcf6068000 	c:\Users\jizhi\.vscode\extensions\redhat.java-1.54.0-win32-x64\jre\21.0.10-win32-x86_64\bin\zip.dll
0x00007ffcfee10000 - 0x00007ffcfee20000 	C:\Users\jizhi\.vscode\extensions\redhat.java-1.54.0-win32-x64\jre\21.0.10-win32-x86_64\bin\net.dll
0x00007ffcfea20000 - 0x00007ffcfeb3e000 	C:\WINDOWS\SYSTEM32\WINHTTP.dll
0x00007ffd0f4e0000 - 0x00007ffd0f54a000 	C:\WINDOWS\system32\mswsock.dll
0x00007ffcfaac0000 - 0x00007ffcfaad6000 	C:\Users\jizhi\.vscode\extensions\redhat.java-1.54.0-win32-x64\jre\21.0.10-win32-x86_64\bin\nio.dll
0x00007ffcf66b0000 - 0x00007ffcf66c0000 	c:\Users\jizhi\.vscode\extensions\redhat.java-1.54.0-win32-x64\jre\21.0.10-win32-x86_64\bin\verify.dll
0x00007ffcf0a00000 - 0x00007ffcf0a45000 	C:\Users\jizhi\AppData\Roaming\Code\User\globalStorage\redhat.java\1.54.0\config_win\org.eclipse.equinox.launcher\org.eclipse.equinox.launcher.win32.win32.x86_64_1.3.0.v20260203-2149\eclipse_11919.dll
0x00007ffd125e0000 - 0x00007ffd1277e000 	C:\WINDOWS\System32\ole32.dll
0x00007ffd0f790000 - 0x00007ffd0f7ab000 	C:\WINDOWS\SYSTEM32\CRYPTSP.dll
0x00007ffd0eeb0000 - 0x00007ffd0eeeb000 	C:\WINDOWS\system32\rsaenh.dll
0x00007ffd0f580000 - 0x00007ffd0f5ab000 	C:\WINDOWS\SYSTEM32\USERENV.dll
0x00007ffd10090000 - 0x00007ffd100b6000 	C:\WINDOWS\SYSTEM32\bcrypt.dll
0x00007ffd0f7b0000 - 0x00007ffd0f7bc000 	C:\WINDOWS\SYSTEM32\CRYPTBASE.dll
0x00007ffd0e960000 - 0x00007ffd0e993000 	C:\WINDOWS\SYSTEM32\IPHLPAPI.DLL
0x00007ffd125d0000 - 0x00007ffd125da000 	C:\WINDOWS\System32\NSI.dll
0x00007ffce1e00000 - 0x00007ffce1e49000 	C:\Users\jizhi\AppData\Local\Temp\jna-101141852\jna4827058754793062254.dll
0x00007ffd10e00000 - 0x00007ffd10e08000 	C:\WINDOWS\System32\PSAPI.DLL
0x00007ffd072b0000 - 0x00007ffd072cf000 	C:\WINDOWS\SYSTEM32\dhcpcsvc6.DLL
0x00007ffd07280000 - 0x00007ffd072a5000 	C:\WINDOWS\SYSTEM32\dhcpcsvc.DLL

JVMTI agents:
c:\Users\jizhi\.vscode\extensions\redhat.java-1.54.0-win32-x64\lombok\lombok-1.18.39-4050.jar path:c:\Users\jizhi\.vscode\extensions\redhat.java-1.54.0-win32-x64\jre\21.0.10-win32-x86_64\bin\instrument.dll, loaded, initialized, instrumentlib options:none

dbghelp: loaded successfully - version: 4.0.5 - missing functions: none
symbol engine: initialized successfully - sym options: 0x614 - pdb path: .;c:\Users\jizhi\.vscode\extensions\redhat.java-1.54.0-win32-x64\jre\21.0.10-win32-x86_64\bin;C:\WINDOWS\SYSTEM32;C:\WINDOWS\WinSxS\amd64_microsoft.windows.common-controls_6595b64144ccf1df_6.0.26100.4484_none_3e0e6d4ce32ef3b3;c:\Users\jizhi\.vscode\extensions\redhat.java-1.54.0-win32-x64\jre\21.0.10-win32-x86_64\bin\server;C:\Users\jizhi\AppData\Roaming\Code\User\globalStorage\redhat.java\1.54.0\config_win\org.eclipse.equinox.launcher\org.eclipse.equinox.launcher.win32.win32.x86_64_1.3.0.v20260203-2149;C:\Users\jizhi\AppData\Local\Temp\jna-101141852

VM Arguments:
jvm_args: --add-modules=ALL-SYSTEM --add-opens=java.base/java.util=ALL-UNNAMED --add-opens=java.base/java.lang=ALL-UNNAMED --add-opens=java.base/sun.nio.fs=ALL-UNNAMED -Declipse.application=org.eclipse.jdt.ls.core.id1 -Dosgi.bundles.defaultStartLevel=4 -Declipse.product=org.eclipse.jdt.ls.core.product -Djava.import.generatesMetadataFilesAtProjectRoot=false -DDetectVMInstallationsJob.disabled=true -Dfile.encoding=utf8 -XX:+UseParallelGC -XX:GCTimeRatio=4 -XX:AdaptiveSizePolicyWeight=90 -Dsun.zip.disableMemoryMapping=true -Xmx2G -Xms100m -Xlog:disable -javaagent:c:\Users\jizhi\.vscode\extensions\redhat.java-1.54.0-win32-x64\lombok\lombok-1.18.39-4050.jar -XX:+HeapDumpOnOutOfMemoryError -XX:HeapDumpPath=c:\Users\jizhi\AppData\Roaming\Code\User\workspaceStorage\79fb16952ec9521a9f4e0b0aca733bdc\redhat.java -Daether.dependencyCollector.impl=bf 
java_command: c:\Users\jizhi\.vscode\extensions\redhat.java-1.54.0-win32-x64\server\plugins\org.eclipse.equinox.launcher_1.7.100.v20251111-0406.jar -configuration c:\Users\jizhi\AppData\Roaming\Code\User\globalStorage\redhat.java\1.54.0\config_win -data c:\Users\jizhi\AppData\Roaming\Code\User\workspaceStorage\79fb16952ec9521a9f4e0b0aca733bdc\redhat.java\jdt_ws --pipe=\\.\pipe\lsp-839a319fb2c9a088f65ce9ea58cef543-sock
java_class_path (initial): c:\Users\jizhi\.vscode\extensions\redhat.java-1.54.0-win32-x64\server\plugins\org.eclipse.equinox.launcher_1.7.100.v20251111-0406.jar
Launcher Type: SUN_STANDARD

[Global flags]
    uintx AdaptiveSizePolicyWeight                 = 90                                        {product} {command line}
     intx CICompilerCount                          = 4                                         {product} {ergonomic}
    uintx GCTimeRatio                              = 4                                         {product} {command line}
     bool HeapDumpOnOutOfMemoryError               = true                                   {manageable} {command line}
    ccstr HeapDumpPath                             = c:\Users\jizhi\AppData\Roaming\Code\User\workspaceStorage\79fb16952ec9521a9f4e0b0aca733bdc\redhat.java         {manageable} {command line}
   size_t InitialHeapSize                          = 104857600                                 {product} {command line}
   size_t MaxHeapSize                              = 2147483648                                {product} {command line}
   size_t MaxNewSize                               = 715653120                                 {product} {ergonomic}
   size_t MinHeapDeltaBytes                        = 524288                                    {product} {ergonomic}
   size_t MinHeapSize                              = 104857600                                 {product} {command line}
   size_t NewSize                                  = 34603008                                  {product} {ergonomic}
    uintx NonNMethodCodeHeapSize                   = 5839372                                {pd product} {ergonomic}
    uintx NonProfiledCodeHeapSize                  = 122909434                              {pd product} {ergonomic}
   size_t OldSize                                  = 70254592                                  {product} {ergonomic}
    uintx ProfiledCodeHeapSize                     = 122909434                              {pd product} {ergonomic}
    uintx ReservedCodeCacheSize                    = 251658240                              {pd product} {ergonomic}
     bool SegmentedCodeCache                       = true                                      {product} {ergonomic}
   size_t SoftMaxHeapSize                          = 2147483648                             {manageable} {ergonomic}
     bool UseCompressedOops                        = true                           {product lp64_product} {ergonomic}
     bool UseLargePagesIndividualAllocation        = false                                  {pd product} {ergonomic}
     bool UseParallelGC                            = true                                      {product} {command line}

Logging:
Log output configuration:
 #0: stdout all=off uptime,level,tags foldmultilines=false
 #1: stderr all=off uptime,level,tags foldmultilines=false

Release file:
JAVA_VERSION="21.0.10" 
MODULES="java.base java.compiler java.datatransfer java.xml java.prefs java.desktop java.instrument java.logging java.management java.security.sasl java.naming java.rmi java.management.rmi java.net.http java.scripting java.security.jgss java.transaction.xa java.sql java.sql.rowset java.xml.crypto java.se java.smartcardio jdk.accessibility jdk.internal.jvmstat jdk.attach jdk.charsets jdk.internal.opt jdk.zipfs jdk.compiler jdk.crypto.ec jdk.crypto.cryptoki jdk.crypto.mscapi jdk.dynalink jdk.internal.ed jdk.editpad jdk.hotspot.agent jdk.httpserver jdk.internal.le jdk.internal.vm.ci jdk.internal.vm.compiler jdk.internal.vm.compiler.management jdk.jartool jdk.javadoc jdk.jcmd jdk.management jdk.management.agent jdk.jconsole jdk.jdeps jdk.jdwp.agent jdk.jdi jdk.jfr jdk.jshell jdk.jsobject jdk.jstatd jdk.localedata jdk.management.jfr jdk.naming.dns jdk.naming.rmi jdk.net jdk.nio.mapmode jdk.random jdk.sctp jdk.security.auth jdk.security.jgss jdk.unsupported jdk.unsupported.desktop jdk.xml.dom" 

Environment Variables:
PATH=C:\Users\jizhi\AppData\Local\Programs\Microsoft VS Code;C:\Program Files\Eclipse Adoptium\jdk-17.0.18.8-hotspot\bin;C:\WINDOWS\system32;C:\WINDOWS;C:\WINDOWS\System32\Wbem;C:\WINDOWS\System32\WindowsPowerShell\v1.0\;C:\WINDOWS\System32\OpenSSH\;C:\Program Files\dotnet\;C:\Program Files\Bandizip\;C:\Program Files (x86)\Bitvise SSH Client;C:\ProgramData\chocolatey\bin;C:\Program Files\Git\cmd;C:\Program Files\Microsoft VS Code\bin;C:\Program Files\Docker\Docker\resources\bin;C:\Program Files\nodejs\;C:\Program Files\GitHub CLI\;C:\Users\jizhi\.local\bin;C:\Users\jizhi\AppData\Local\Microsoft\WindowsApps;C:\Program Files\JetBrains\PyCharm Community Edition 2022.1.2\bin;C:\Users\jizhi\AppData\Local\Programs\Microsoft VS Code\bin;C:\ProgramData\Anaconda3\Scripts;C:\texlive\2022\bin\win32;C:\GnuWin32\bin;C:\Users\jizhi\AppData\Local\Google\Cloud SDK\google-cloud-sdk\bin;C:\Users\jizhi\.azure-kubectl;C:\Users\jizhi\.azure-kubelogin;C:\Program Files\JetBrains\DataGrip 2025.3.5\bin;C:\Users\jizhi\AppData\Roaming\npm
USERNAME=jizhi
OS=Windows_NT
PROCESSOR_IDENTIFIER=Intel64 Family 6 Model 140 Stepping 1, GenuineIntel
TMP=C:\Users\jizhi\AppData\Local\Temp
TEMP=C:\Users\jizhi\AppData\Local\Temp




Periodic native trim disabled

---------------  S Y S T E M  ---------------

OS:
 Windows 11 , 64 bit Build 26100 (10.0.26100.4484)
OS uptime: 17 days 12:04 hours
Hyper-V role detected

CPU: total 8 (initial active 8) (4 cores per cpu, 2 threads per core) family 6 model 140 stepping 1 microcode 0xbc, cx8, cmov, fxsr, ht, mmx, 3dnowpref, sse, sse2, sse3, ssse3, sse4.1, sse4.2, popcnt, lzcnt, tsc, tscinvbit, avx, avx2, aes, erms, clmul, bmi1, bmi2, adx, avx512f, avx512dq, avx512cd, avx512bw, avx512vl, sha, fma, vzeroupper, avx512_vpopcntdq, avx512_vpclmulqdq, avx512_vaes, avx512_vnni, clflush, clflushopt, clwb, avx512_vbmi2, avx512_vbmi, hv, rdtscp, rdpid, fsrm, gfni, avx512_bitalg, f16c, cet_ibt, cet_ss, avx512_ifma
Processor Information for processor 0
  Max Mhz: 2803, Current Mhz: 2803, Mhz Limit: 2803
Processor Information for processor 1
  Max Mhz: 2803, Current Mhz: 1001, Mhz Limit: 2803
Processor Information for processor 2
  Max Mhz: 2803, Current Mhz: 1001, Mhz Limit: 2803
Processor Information for processor 3
  Max Mhz: 2803, Current Mhz: 2803, Mhz Limit: 2803
Processor Information for processor 4
  Max Mhz: 2803, Current Mhz: 2803, Mhz Limit: 2803
Processor Information for processor 5
  Max Mhz: 2803, Current Mhz: 1001, Mhz Limit: 2803
Processor Information for processor 6
  Max Mhz: 2803, Current Mhz: 2803, Mhz Limit: 2803
Processor Information for processor 7
  Max Mhz: 2803, Current Mhz: 1001, Mhz Limit: 2803

Memory: 4k page, system-wide physical 16107M (603M free)
TotalPageFile size 65259M (AvailPageFile size 19M)
current process WorkingSet (physical memory assigned to process): 315M, peak: 333M
current process commit charge ("private bytes"): 386M, peak: 405M

vm_info: OpenJDK 64-Bit Server VM (21.0.10+7-LTS) for windows-amd64 JRE (21.0.10+7-LTS), built on 2026-01-20T00:00:00Z by "admin" with MS VC++ 17.12 (VS2022)

END.
