#
# There is insufficient memory for the Java Runtime Environment to continue.
# Native memory allocation (malloc) failed to allocate 1223920 bytes. Error detail: Chunk::new
# Possible reasons:
#   The system is out of physical RAM or swap space
#   This process is running with CompressedOops enabled, and the Java Heap may be blocking the growth of the native heap
# Possible solutions:
#   Reduce memory load on the system
#   Increase physical memory or swap space
#   Check if swap backing store is full
#   Decrease Java heap size (-Xmx/-Xms)
#   Decrease number of Java threads
#   Decrease Java thread stack sizes (-Xss)
#   Set larger code cache with -XX:ReservedCodeCacheSize=
#   JVM is running with Unscaled Compressed Oops mode in which the Java heap is
#     placed in the first 4GB address space. The Java Heap base address is the
#     maximum limit for the native heap growth. Please use -XX:HeapBaseMinAddress
#     to set the Java Heap base and to place the Java Heap above 4GB virtual address.
# This output file may be truncated or incomplete.
#
#  Out of Memory Error (arena.cpp:168), pid=2376, tid=13240
#
# JRE version: OpenJDK Runtime Environment Temurin-21.0.10+7 (21.0.10+7) (build 21.0.10+7-LTS)
# Java VM: OpenJDK 64-Bit Server VM Temurin-21.0.10+7 (21.0.10+7-LTS, mixed mode, sharing, tiered, compressed oops, compressed class ptrs, parallel gc, windows-amd64)
# No core dump will be written. Minidumps are not enabled by default on client versions of Windows
#

---------------  S U M M A R Y ------------

Command Line: --add-modules=ALL-SYSTEM --add-opens=java.base/java.util=ALL-UNNAMED --add-opens=java.base/java.lang=ALL-UNNAMED --add-opens=java.base/sun.nio.fs=ALL-UNNAMED -Declipse.application=org.eclipse.jdt.ls.core.id1 -Dosgi.bundles.defaultStartLevel=4 -Declipse.product=org.eclipse.jdt.ls.core.product -Djava.import.generatesMetadataFilesAtProjectRoot=false -DDetectVMInstallationsJob.disabled=true -Dfile.encoding=utf8 -XX:+UseParallelGC -XX:GCTimeRatio=4 -XX:AdaptiveSizePolicyWeight=90 -Dsun.zip.disableMemoryMapping=true -Xmx2G -Xms100m -Xlog:disable -javaagent:c:\Users\jizhi\.vscode\extensions\redhat.java-1.54.0-win32-x64\lombok\lombok-1.18.39-4050.jar -XX:+HeapDumpOnOutOfMemoryError -XX:HeapDumpPath=c:\Users\jizhi\AppData\Roaming\Code\User\workspaceStorage\79fb16952ec9521a9f4e0b0aca733bdc\redhat.java -Daether.dependencyCollector.impl=bf c:\Users\jizhi\.vscode\extensions\redhat.java-1.54.0-win32-x64\server\plugins\org.eclipse.equinox.launcher_1.7.100.v20251111-0406.jar -configuration c:\Users\jizhi\AppData\Roaming\Code\User\globalStorage\redhat.java\1.54.0\config_win -data c:\Users\jizhi\AppData\Roaming\Code\User\workspaceStorage\79fb16952ec9521a9f4e0b0aca733bdc\redhat.java\jdt_ws --pipe=\\.\pipe\lsp-c97f8e2c7d0413da9a76aef37af027b8-sock

Host: 11th Gen Intel(R) Core(TM) i7-1165G7 @ 2.80GHz, 8 cores, 15G,  Windows 11 , 64 bit Build 26100 (10.0.26100.4484)
Time: Thu May 21 23:18:09 2026 elapsed time: 103.472924 seconds (0d 0h 1m 43s)

---------------  T H R E A D  ---------------

Current thread (0x0000024698075c70):  JavaThread "C2 CompilerThread0" daemon [_thread_in_native, id=13240, stack(0x000000b1a7b00000,0x000000b1a7c00000) (1024K)]


Current CompileTask:
C2:103473 15068       4       org.eclipse.jdt.internal.compiler.parser.Scanner::internalScanIdentifierOrKeyword (5041 bytes)

Stack: [0x000000b1a7b00000,0x000000b1a7c00000]
Native frames: (J=compiled Java code, j=interpreted, Vv=VM code, C=native code)
V  [jvm.dll+0x6d7a39]
V  [jvm.dll+0x8b4b26]
V  [jvm.dll+0x8b70de]
V  [jvm.dll+0x8b77c3]
V  [jvm.dll+0x284346]
V  [jvm.dll+0xc66ed]
V  [jvm.dll+0xc6c31]
V  [jvm.dll+0x3bec3b]
V  [jvm.dll+0x38b162]
V  [jvm.dll+0x38a5aa]
V  [jvm.dll+0x24c560]
V  [jvm.dll+0x24bb40]
V  [jvm.dll+0x1cb34e]
V  [jvm.dll+0x25b85d]
V  [jvm.dll+0x259dea]
V  [jvm.dll+0x3f857e]
V  [jvm.dll+0x85f59d]
V  [jvm.dll+0x6d626d]
C  [ucrtbase.dll+0x37b0]
C  [KERNEL32.DLL+0x2e8d7]
C  [ntdll.dll+0x3c34c]


---------------  P R O C E S S  ---------------

Threads class SMR info:
_java_thread_list=0x00000246f9fee130, length=51, elements={
0x00000246980ebf70, 0x000002469805df10, 0x000002469805ee30, 0x0000024698063b50,
0x00000246980647b0, 0x0000024698069c50, 0x000002469806ce60, 0x0000024698075c70,
0x000002469807ca60, 0x00000246f15fefa0, 0x00000246f173e480, 0x00000246f6831560,
0x00000246f153b0f0, 0x00000246f153d1c0, 0x00000246f153be10, 0x00000246f153b780,
0x00000246f153c4a0, 0x00000246f153a3d0, 0x00000246f153aa60, 0x00000246f153cb30,
0x00000246f7dec070, 0x00000246f7dec700, 0x00000246f7ded420, 0x00000246f7dedab0,
0x00000246f7dee140, 0x00000246f7deacc0, 0x00000246f7dee7d0, 0x00000246f7deb350,
0x00000246f7decd90, 0x00000246f7deee60, 0x00000246f7deb9e0, 0x00000246f7df1c50,
0x00000246f7def4f0, 0x00000246f7defb80, 0x00000246f7df0210, 0x00000246f7df22e0,
0x00000246f7df0f30, 0x00000246f973f430, 0x00000246f973c640, 0x00000246f973ccd0,
0x00000246f973bfb0, 0x00000246f973d360, 0x00000246f9740e70, 0x00000246f973d9f0,
0x00000246f922c270, 0x00000246f922eb50, 0x00000246f8f0b2a0, 0x00000246f8f0b930,
0x00000246f8f0cce0, 0x00000246f8f0c650, 0x00000246f8f09ef0
}

Java Threads: ( => current thread )
  0x00000246980ebf70 JavaThread "main"                              [_thread_blocked, id=23704, stack(0x000000b1a7100000,0x000000b1a7200000) (1024K)]
  0x000002469805df10 JavaThread "Reference Handler"          daemon [_thread_blocked, id=19544, stack(0x000000b1a7500000,0x000000b1a7600000) (1024K)]
  0x000002469805ee30 JavaThread "Finalizer"                  daemon [_thread_blocked, id=36376, stack(0x000000b1a7600000,0x000000b1a7700000) (1024K)]
  0x0000024698063b50 JavaThread "Signal Dispatcher"          daemon [_thread_blocked, id=4720, stack(0x000000b1a7700000,0x000000b1a7800000) (1024K)]
  0x00000246980647b0 JavaThread "Attach Listener"            daemon [_thread_blocked, id=25616, stack(0x000000b1a7800000,0x000000b1a7900000) (1024K)]
  0x0000024698069c50 JavaThread "Service Thread"             daemon [_thread_blocked, id=28268, stack(0x000000b1a7900000,0x000000b1a7a00000) (1024K)]
  0x000002469806ce60 JavaThread "Monitor Deflation Thread"   daemon [_thread_blocked, id=9392, stack(0x000000b1a7a00000,0x000000b1a7b00000) (1024K)]
=>0x0000024698075c70 JavaThread "C2 CompilerThread0"         daemon [_thread_in_native, id=13240, stack(0x000000b1a7b00000,0x000000b1a7c00000) (1024K)]
  0x000002469807ca60 JavaThread "C1 CompilerThread0"         daemon [_thread_blocked, id=18324, stack(0x000000b1a7c00000,0x000000b1a7d00000) (1024K)]
  0x00000246f15fefa0 JavaThread "Common-Cleaner"             daemon [_thread_blocked, id=15152, stack(0x000000b1a7d00000,0x000000b1a7e00000) (1024K)]
  0x00000246f173e480 JavaThread "Notification Thread"        daemon [_thread_blocked, id=27400, stack(0x000000b1a7e00000,0x000000b1a7f00000) (1024K)]
  0x00000246f6831560 JavaThread "Active Thread: Equinox Container: ebfc9b1a-9289-42c3-89ff-564f7b2681be"        [_thread_blocked, id=7164, stack(0x000000b1a8700000,0x000000b1a8800000) (1024K)]
  0x00000246f153b0f0 JavaThread "Refresh Thread: Equinox Container: ebfc9b1a-9289-42c3-89ff-564f7b2681be" daemon [_thread_blocked, id=3144, stack(0x000000b1a8600000,0x000000b1a8700000) (1024K)]
  0x00000246f153d1c0 JavaThread "Framework Event Dispatcher: Equinox Container: ebfc9b1a-9289-42c3-89ff-564f7b2681be" daemon [_thread_blocked, id=20000, stack(0x000000b1a8800000,0x000000b1a8900000) (1024K)]
  0x00000246f153be10 JavaThread "Start Level: Equinox Container: ebfc9b1a-9289-42c3-89ff-564f7b2681be" daemon [_thread_blocked, id=3848, stack(0x000000b1a8900000,0x000000b1a8a00000) (1024K)]
  0x00000246f153b780 JavaThread "Bundle File Closer"         daemon [_thread_blocked, id=36476, stack(0x000000b1a8c00000,0x000000b1a8d00000) (1024K)]
  0x00000246f153c4a0 JavaThread "SCR Component Actor"        daemon [_thread_blocked, id=37908, stack(0x000000b1a8a00000,0x000000b1a8b00000) (1024K)]
  0x00000246f153a3d0 JavaThread "Worker-JM"                         [_thread_blocked, id=19004, stack(0x000000b1a8e00000,0x000000b1a8f00000) (1024K)]
  0x00000246f153aa60 JavaThread "JNA Cleaner"                daemon [_thread_blocked, id=10660, stack(0x000000b1a8b00000,0x000000b1a8c00000) (1024K)]
  0x00000246f153cb30 JavaThread "Worker-0"                          [_thread_blocked, id=14492, stack(0x000000b1a8d00000,0x000000b1a8e00000) (1024K)]
  0x00000246f7dec070 JavaThread "Worker-1"                          [_thread_blocked, id=40840, stack(0x000000b1a8f00000,0x000000b1a9000000) (1024K)]
  0x00000246f7dec700 JavaThread "Java indexing"              daemon [_thread_blocked, id=24300, stack(0x000000b1a9200000,0x000000b1a9300000) (1024K)]
  0x00000246f7ded420 JavaThread "Worker-2: Initialize workspace"        [_thread_blocked, id=20068, stack(0x000000b1a9300000,0x000000b1a9400000) (1024K)]
  0x00000246f7dedab0 JavaThread "Worker-3"                          [_thread_blocked, id=22252, stack(0x000000b1a9600000,0x000000b1a9700000) (1024K)]
  0x00000246f7dee140 JavaThread "Worker-4"                          [_thread_blocked, id=17232, stack(0x000000b1a9700000,0x000000b1a9800000) (1024K)]
  0x00000246f7deacc0 JavaThread "Thread-1"                   daemon [_thread_blocked, id=19036, stack(0x000000b1a9800000,0x000000b1a9900000) (1024K)]
  0x00000246f7dee7d0 JavaThread "Thread-2"                   daemon [_thread_in_native, id=42660, stack(0x000000b1a9900000,0x000000b1a9a00000) (1024K)]
  0x00000246f7deb350 JavaThread "Thread-3"                   daemon [_thread_in_native, id=12464, stack(0x000000b1a9a00000,0x000000b1a9b00000) (1024K)]
  0x00000246f7decd90 JavaThread "Thread-4"                   daemon [_thread_in_native, id=38328, stack(0x000000b1a9b00000,0x000000b1a9c00000) (1024K)]
  0x00000246f7deee60 JavaThread "Thread-5"                   daemon [_thread_in_native, id=17828, stack(0x000000b1a9c00000,0x000000b1a9d00000) (1024K)]
  0x00000246f7deb9e0 JavaThread "Thread-6"                   daemon [_thread_in_native, id=23472, stack(0x000000b1a9d00000,0x000000b1a9e00000) (1024K)]
  0x00000246f7df1c50 JavaThread "Thread-7"                   daemon [_thread_in_native, id=18664, stack(0x000000b1a9e00000,0x000000b1a9f00000) (1024K)]
  0x00000246f7def4f0 JavaThread "Thread-8"                   daemon [_thread_in_native, id=31504, stack(0x000000b1a9f00000,0x000000b1aa000000) (1024K)]
  0x00000246f7defb80 JavaThread "Thread-9"                   daemon [_thread_in_native, id=39284, stack(0x000000b1aa000000,0x000000b1aa100000) (1024K)]
  0x00000246f7df0210 JavaThread "pool-2-thread-1"                   [_thread_blocked, id=34256, stack(0x000000b1aa100000,0x000000b1aa200000) (1024K)]
  0x00000246f7df22e0 JavaThread "WorkspaceEventsHandler"            [_thread_blocked, id=24104, stack(0x000000b1aa200000,0x000000b1aa300000) (1024K)]
  0x00000246f7df0f30 JavaThread "pool-1-thread-1"                   [_thread_blocked, id=38972, stack(0x000000b1aa300000,0x000000b1aa400000) (1024K)]
  0x00000246f973f430 JavaThread "ForkJoinPool.commonPool-worker-1" daemon [_thread_blocked, id=33904, stack(0x000000b1a9000000,0x000000b1a9100000) (1024K)]
  0x00000246f973c640 JavaThread "ForkJoinPool.commonPool-worker-2" daemon [_thread_blocked, id=14544, stack(0x000000b1a9100000,0x000000b1a9200000) (1024K)]
  0x00000246f973ccd0 JavaThread "ForkJoinPool.commonPool-worker-3" daemon [_thread_blocked, id=37804, stack(0x000000b1aa400000,0x000000b1aa500000) (1024K)]
  0x00000246f973bfb0 JavaThread "ForkJoinPool.commonPool-worker-4" daemon [_thread_blocked, id=12028, stack(0x000000b1aa500000,0x000000b1aa600000) (1024K)]
  0x00000246f973d360 JavaThread "ForkJoinPool.commonPool-worker-5" daemon [_thread_blocked, id=10456, stack(0x000000b1aa600000,0x000000b1aa700000) (1024K)]
  0x00000246f9740e70 JavaThread "ForkJoinPool.commonPool-worker-6" daemon [_thread_blocked, id=38224, stack(0x000000b1aa700000,0x000000b1aa800000) (1024K)]
  0x00000246f973d9f0 JavaThread "ForkJoinPool.commonPool-worker-7" daemon [_thread_blocked, id=9416, stack(0x000000b1aa800000,0x000000b1aa900000) (1024K)]
  0x00000246f922c270 JavaThread "C2 CompilerThread1"         daemon [_thread_blocked, id=35388, stack(0x000000b1a6e00000,0x000000b1a6f00000) (1024K)]
  0x00000246f922eb50 JavaThread "C2 CompilerThread2"         daemon [_thread_blocked, id=27320, stack(0x000000b1a6f00000,0x000000b1a7000000) (1024K)]
  0x00000246f8f0b2a0 JavaThread "ParallelDescriptorResolver-15-0" daemon [_thread_blocked, id=17724, stack(0x000000b1a7000000,0x000000b1a7100000) (1024K)]
  0x00000246f8f0b930 JavaThread "ParallelDescriptorResolver-15-1" daemon [_thread_blocked, id=23492, stack(0x000000b1aa900000,0x000000b1aaa00000) (1024K)]
  0x00000246f8f0cce0 JavaThread "ParallelDescriptorResolver-15-2" daemon [_thread_blocked, id=17396, stack(0x000000b1aaa00000,0x000000b1aab00000) (1024K)]
  0x00000246f8f0c650 JavaThread "ParallelDescriptorResolver-15-3" daemon [_thread_blocked, id=39812, stack(0x000000b1aab00000,0x000000b1aac00000) (1024K)]
  0x00000246f8f09ef0 JavaThread "ParallelDescriptorResolver-15-4" daemon [_thread_blocked, id=29992, stack(0x000000b1aac00000,0x000000b1aad00000) (1024K)]
Total: 51

Other Threads:
  0x0000024698041470 VMThread "VM Thread"                           [id=23952, stack(0x000000b1a7400000,0x000000b1a7500000) (1024K)]
  0x0000024698158d50 WatcherThread "VM Periodic Task Thread"        [id=2468, stack(0x000000b1a7300000,0x000000b1a7400000) (1024K)]
  0x000002469810b3a0 WorkerThread "GC Thread#0"                     [id=23744, stack(0x000000b1a7200000,0x000000b1a7300000) (1024K)]
  0x00000246f63f94f0 WorkerThread "GC Thread#1"                     [id=41504, stack(0x000000b1a8000000,0x000000b1a8100000) (1024K)]
  0x00000246f63ef910 WorkerThread "GC Thread#2"                     [id=6804, stack(0x000000b1a8100000,0x000000b1a8200000) (1024K)]
  0x00000246f62c2a90 WorkerThread "GC Thread#3"                     [id=4544, stack(0x000000b1a8200000,0x000000b1a8300000) (1024K)]
  0x00000246f62c2e40 WorkerThread "GC Thread#4"                     [id=8348, stack(0x000000b1a8300000,0x000000b1a8400000) (1024K)]
  0x00000246f62c31f0 WorkerThread "GC Thread#5"                     [id=32156, stack(0x000000b1a8400000,0x000000b1a8500000) (1024K)]
  0x00000246f62c35a0 WorkerThread "GC Thread#6"                     [id=18508, stack(0x000000b1a8500000,0x000000b1a8600000) (1024K)]
  0x00000246f6596960 WorkerThread "GC Thread#7"                     [id=30356, stack(0x000000b1a7f00000,0x000000b1a8000000) (1024K)]
Total: 10

Threads with active compile tasks:
C2 CompilerThread0  103517 15068       4       org.eclipse.jdt.internal.compiler.parser.Scanner::internalScanIdentifierOrKeyword (5041 bytes)
C2 CompilerThread1  103517 15071       4       java.lang.Class::getField0 (99 bytes)
C2 CompilerThread2  103517 15075       4       org.eclipse.core.internal.resources.Marker::getInfo (19 bytes)
Total: 3

VM state: at safepoint (normal execution)

VM Mutex/Monitor currently owned by a thread:  ([mutex/lock_event])
[0x00007ffc41f8e560] Threads_lock - owner thread: 0x0000024698041470
[0x00007ffc41f8e660] Heap_lock - owner thread: 0x00000246f8f0b2a0
[0x00007ffc41f8eae0] PSOldGenExpand_lock - owner thread: 0x00000246f63ef910

Heap address: 0x0000000080000000, size: 2048 MB, Compressed Oops mode: 32-bit

CDS archive(s) mapped at: [0x00000246af000000-0x00000246afba0000-0x00000246afba0000), size 12189696, SharedBaseAddress: 0x00000246af000000, ArchiveRelocationMode: 1.
Compressed class space mapped at: 0x00000246b0000000-0x00000246f0000000, reserved size: 1073741824
Narrow klass base: 0x00000246af000000, Narrow klass shift: 0, Narrow klass range: 0x100000000

GC Precious Log:
 CardTable entry size: 512
 CPUs: 8 total, 8 available
 Memory: 16107M
 Large Page Support: Disabled
 NUMA Support: Disabled
 Compressed Oops: Enabled (32-bit)
 Alignments: Space 512K, Generation 512K, Heap 2M
 Heap Min Capacity: 100M
 Heap Initial Capacity: 100M
 Heap Max Capacity: 2G
 Pre-touch: Disabled
 Parallel Workers: 8

Heap:
 PSYoungGen      total 9216K, used 9206K [0x00000000d5580000, 0x00000000d6180000, 0x0000000100000000)
  eden space 8192K, 100% used [0x00000000d5580000,0x00000000d5d80000,0x00000000d5d80000)
  from space 1024K, 99% used [0x00000000d5e00000,0x00000000d5efd9b8,0x00000000d5f00000)
  to   space 2048K, 32% used [0x00000000d5f80000,0x00000000d6028000,0x00000000d6180000)
 ParOldGen       total 479744K, used 479741K [0x0000000080000000, 0x000000009d480000, 0x00000000d5580000)
  object space 479744K, 99% used [0x0000000080000000,0x000000009d47f520,0x000000009d480000)
 Metaspace       used 65101K, committed 66624K, reserved 1114112K
  class space    used 6701K, committed 7360K, reserved 1048576K

Card table byte_map: [0x0000024697a90000,0x0000024697ea0000] _byte_map_base: 0x0000024697690000

Marking Bits: (ParMarkBitMap*) 0x00007ffc41f93450
 Begin Bits: [0x00000246aa5a0000, 0x00000246ac5a0000)
 End Bits:   [0x00000246ac5a0000, 0x00000246ae5a0000)

Polling page: 0x0000024695fe0000

Metaspace:

Usage:
  Non-class:     57.03 MB used.
      Class:      6.54 MB used.
       Both:     63.58 MB used.

Virtual space:
  Non-class space:       64.00 MB reserved,      57.88 MB ( 90%) committed,  1 nodes.
      Class space:        1.00 GB reserved,       7.19 MB ( <1%) committed,  1 nodes.
             Both:        1.06 GB reserved,      65.06 MB (  6%) committed. 

Chunk freelists:
   Non-Class:  6.03 MB
       Class:  8.77 MB
        Both:  14.80 MB

MaxMetaspaceSize: unlimited
CompressedClassSpaceSize: 1.00 GB
Initial GC threshold: 21.00 MB
Current GC threshold: 97.31 MB
CDS: on
 - commit_granule_bytes: 65536.
 - commit_granule_words: 8192.
 - virtual_space_node_default_size: 8388608.
 - enlarge_chunks_in_place: 1.
 - use_allocation_guard: 0.


Internal statistics:

num_allocs_failed_limit: 9.
num_arena_births: 1354.
num_arena_deaths: 22.
num_vsnodes_births: 2.
num_vsnodes_deaths: 0.
num_space_committed: 1041.
num_space_uncommitted: 0.
num_chunks_returned_to_freelist: 34.
num_chunks_taken_from_freelist: 4513.
num_chunk_merges: 13.
num_chunk_splits: 2765.
num_chunks_enlarged: 1538.
num_inconsistent_stats: 0.

CodeHeap 'non-profiled nmethods': size=120000Kb used=16715Kb max_used=16715Kb free=103285Kb
 bounds [0x00000246a2dc0000, 0x00000246a3e20000, 0x00000246aa2f0000]
CodeHeap 'profiled nmethods': size=120000Kb used=33238Kb max_used=33238Kb free=86761Kb
 bounds [0x000002469b2f0000, 0x000002469d370000, 0x00000246a2820000]
CodeHeap 'non-nmethods': size=5760Kb used=1438Kb max_used=1557Kb free=4321Kb
 bounds [0x00000246a2820000, 0x00000246a2a90000, 0x00000246a2dc0000]
CodeCache: size=245760Kb, used=51391Kb, max_used=51510Kb, free=194367Kb
 total_blobs=14755, nmethods=14017, adapters=642, full_count=0
Compilation: enabled, stopped_count=0, restarted_count=0

Compilation events (20 events):
Event: 102.425 Thread 0x000002469807ca60 15077       3       org.apache.maven.model.io.xpp3.MavenXpp3ReaderEx::parsePluginManagement (241 bytes)
Event: 102.426 Thread 0x00000246f922c270 nmethod 15063 0x00000246a3e10610 code [0x00000246a3e107e0, 0x00000246a3e110b8]
Event: 102.426 Thread 0x00000246f922c270 15071       4       java.lang.Class::getField0 (99 bytes)
Event: 102.426 Thread 0x000002469807ca60 nmethod 15077 0x000002469d35ce10 code [0x000002469d35d1e0, 0x000002469d35e988]
Event: 102.427 Thread 0x000002469807ca60 15078       3       org.eclipse.core.internal.dtree.AbstractDataTreeNode::assembleWith (502 bytes)
Event: 102.428 Thread 0x000002469807ca60 nmethod 15078 0x000002469d35f310 code [0x000002469d35f640, 0x000002469d361598]
Event: 102.429 Thread 0x000002469807ca60 15079       3       org.eclipse.jdt.internal.compiler.parser.Parser::consumeConstructorHeaderName (444 bytes)
Event: 102.431 Thread 0x000002469807ca60 nmethod 15079 0x000002469d361f90 code [0x000002469d362240, 0x000002469d3635b0]
Event: 102.431 Thread 0x000002469807ca60 15080       3       org.eclipse.jdt.internal.compiler.ast.QualifiedNameReference::<init> (26 bytes)
Event: 102.431 Thread 0x000002469807ca60 nmethod 15080 0x000002469d363b90 code [0x000002469d363d60, 0x000002469d3640e8]
Event: 102.432 Thread 0x000002469807ca60 15081       3       org.eclipse.core.internal.resources.MarkerTypeDefinitionCache::isSubtype (50 bytes)
Event: 102.432 Thread 0x000002469807ca60 nmethod 15081 0x000002469d364290 code [0x000002469d364480, 0x000002469d3649a0]
Event: 102.432 Thread 0x000002469807ca60 15083       3       java.lang.invoke.LambdaForm$MH/0x00000246b0731c00::invoke (42 bytes)
Event: 102.433 Thread 0x000002469807ca60 nmethod 15083 0x000002469d364b10 code [0x000002469d364d60, 0x000002469d365798]
Event: 102.433 Thread 0x000002469807ca60 15082       1       org.eclipse.lsp4j.jsonrpc.json.JsonRpcMethod::getParameterTypes (5 bytes)
Event: 102.433 Thread 0x000002469807ca60 nmethod 15082 0x00000246a3e11410 code [0x00000246a3e115a0, 0x00000246a3e11668]
Event: 102.437 Thread 0x000002469807ca60 15085       1       org.eclipse.core.internal.resources.ResourceInfo::getModificationStamp (5 bytes)
Event: 102.437 Thread 0x000002469807ca60 nmethod 15085 0x00000246a3e11710 code [0x00000246a3e118a0, 0x00000246a3e11968]
Event: 102.437 Thread 0x00000246f922eb50 nmethod 15074 0x00000246a3e11a10 code [0x00000246a3e11c20, 0x00000246a3e12610]
Event: 102.437 Thread 0x00000246f922eb50 15075       4       org.eclipse.core.internal.resources.Marker::getInfo (19 bytes)

GC Heap History (20 events):
Event: 102.187 GC heap after
{Heap after GC invocations=1321 (full 3):
 PSYoungGen      total 9216K, used 690K [0x00000000d5580000, 0x00000000d5f80000, 0x0000000100000000)
  eden space 8192K, 0% used [0x00000000d5580000,0x00000000d5580000,0x00000000d5d80000)
  from space 1024K, 67% used [0x00000000d5e80000,0x00000000d5f2cbb0,0x00000000d5f80000)
  to   space 1024K, 0% used [0x00000000d5d80000,0x00000000d5d80000,0x00000000d5e80000)
 ParOldGen       total 476672K, used 476610K [0x0000000080000000, 0x000000009d180000, 0x00000000d5580000)
  object space 476672K, 99% used [0x0000000080000000,0x000000009d170a48,0x000000009d180000)
 Metaspace       used 65007K, committed 66560K, reserved 1114112K
  class space    used 6693K, committed 7360K, reserved 1048576K
}
Event: 102.204 GC heap before
{Heap before GC invocations=1322 (full 3):
 PSYoungGen      total 9216K, used 8882K [0x00000000d5580000, 0x00000000d5f80000, 0x0000000100000000)
  eden space 8192K, 100% used [0x00000000d5580000,0x00000000d5d80000,0x00000000d5d80000)
  from space 1024K, 67% used [0x00000000d5e80000,0x00000000d5f2cbb0,0x00000000d5f80000)
  to   space 1024K, 0% used [0x00000000d5d80000,0x00000000d5d80000,0x00000000d5e80000)
 ParOldGen       total 476672K, used 476610K [0x0000000080000000, 0x000000009d180000, 0x00000000d5580000)
  object space 476672K, 99% used [0x0000000080000000,0x000000009d170a48,0x000000009d180000)
 Metaspace       used 65013K, committed 66560K, reserved 1114112K
  class space    used 6693K, committed 7360K, reserved 1048576K
}
Event: 102.206 GC heap after
{Heap after GC invocations=1322 (full 3):
 PSYoungGen      total 9216K, used 358K [0x00000000d5580000, 0x00000000d5f00000, 0x0000000100000000)
  eden space 8192K, 0% used [0x00000000d5580000,0x00000000d5580000,0x00000000d5d80000)
  from space 1024K, 35% used [0x00000000d5d80000,0x00000000d5dd9a30,0x00000000d5e80000)
  to   space 512K, 0% used [0x00000000d5e80000,0x00000000d5e80000,0x00000000d5f00000)
 ParOldGen       total 477184K, used 476937K [0x0000000080000000, 0x000000009d200000, 0x00000000d5580000)
  object space 477184K, 99% used [0x0000000080000000,0x000000009d1c2468,0x000000009d200000)
 Metaspace       used 65013K, committed 66560K, reserved 1114112K
  class space    used 6693K, committed 7360K, reserved 1048576K
}
Event: 102.236 GC heap before
{Heap before GC invocations=1323 (full 3):
 PSYoungGen      total 9216K, used 8550K [0x00000000d5580000, 0x00000000d5f00000, 0x0000000100000000)
  eden space 8192K, 100% used [0x00000000d5580000,0x00000000d5d80000,0x00000000d5d80000)
  from space 1024K, 35% used [0x00000000d5d80000,0x00000000d5dd9a30,0x00000000d5e80000)
  to   space 512K, 0% used [0x00000000d5e80000,0x00000000d5e80000,0x00000000d5f00000)
 ParOldGen       total 477184K, used 476937K [0x0000000080000000, 0x000000009d200000, 0x00000000d5580000)
  object space 477184K, 99% used [0x0000000080000000,0x000000009d1c2468,0x000000009d200000)
 Metaspace       used 65041K, committed 66624K, reserved 1114112K
  class space    used 6698K, committed 7360K, reserved 1048576K
}
Event: 102.238 GC heap after
{Heap after GC invocations=1323 (full 3):
 PSYoungGen      total 8704K, used 192K [0x00000000d5580000, 0x00000000d5f00000, 0x0000000100000000)
  eden space 8192K, 0% used [0x00000000d5580000,0x00000000d5580000,0x00000000d5d80000)
  from space 512K, 37% used [0x00000000d5e80000,0x00000000d5eb0000,0x00000000d5f00000)
  to   space 512K, 0% used [0x00000000d5e00000,0x00000000d5e00000,0x00000000d5e80000)
 ParOldGen       total 477184K, used 477017K [0x0000000080000000, 0x000000009d200000, 0x00000000d5580000)
  object space 477184K, 99% used [0x0000000080000000,0x000000009d1d6468,0x000000009d200000)
 Metaspace       used 65041K, committed 66624K, reserved 1114112K
  class space    used 6698K, committed 7360K, reserved 1048576K
}
Event: 102.279 GC heap before
{Heap before GC invocations=1324 (full 3):
 PSYoungGen      total 8704K, used 8384K [0x00000000d5580000, 0x00000000d5f00000, 0x0000000100000000)
  eden space 8192K, 100% used [0x00000000d5580000,0x00000000d5d80000,0x00000000d5d80000)
  from space 512K, 37% used [0x00000000d5e80000,0x00000000d5eb0000,0x00000000d5f00000)
  to   space 512K, 0% used [0x00000000d5e00000,0x00000000d5e00000,0x00000000d5e80000)
 ParOldGen       total 477184K, used 477017K [0x0000000080000000, 0x000000009d200000, 0x00000000d5580000)
  object space 477184K, 99% used [0x0000000080000000,0x000000009d1d6468,0x000000009d200000)
 Metaspace       used 65052K, committed 66624K, reserved 1114112K
  class space    used 6700K, committed 7360K, reserved 1048576K
}
Event: 102.282 GC heap after
{Heap after GC invocations=1324 (full 3):
 PSYoungGen      total 8704K, used 507K [0x00000000d5580000, 0x00000000d5f80000, 0x0000000100000000)
  eden space 8192K, 0% used [0x00000000d5580000,0x00000000d5580000,0x00000000d5d80000)
  from space 512K, 99% used [0x00000000d5e00000,0x00000000d5e7ec00,0x00000000d5e80000)
  to   space 1024K, 0% used [0x00000000d5e80000,0x00000000d5e80000,0x00000000d5f80000)
 ParOldGen       total 477696K, used 477197K [0x0000000080000000, 0x000000009d280000, 0x00000000d5580000)
  object space 477696K, 99% used [0x0000000080000000,0x000000009d2035e0,0x000000009d280000)
 Metaspace       used 65052K, committed 66624K, reserved 1114112K
  class space    used 6700K, committed 7360K, reserved 1048576K
}
Event: 102.303 GC heap before
{Heap before GC invocations=1325 (full 3):
 PSYoungGen      total 8704K, used 8699K [0x00000000d5580000, 0x00000000d5f80000, 0x0000000100000000)
  eden space 8192K, 100% used [0x00000000d5580000,0x00000000d5d80000,0x00000000d5d80000)
  from space 512K, 99% used [0x00000000d5e00000,0x00000000d5e7ec00,0x00000000d5e80000)
  to   space 1024K, 0% used [0x00000000d5e80000,0x00000000d5e80000,0x00000000d5f80000)
 ParOldGen       total 477696K, used 477197K [0x0000000080000000, 0x000000009d280000, 0x00000000d5580000)
  object space 477696K, 99% used [0x0000000080000000,0x000000009d2035e0,0x000000009d280000)
 Metaspace       used 65056K, committed 66624K, reserved 1114112K
  class space    used 6700K, committed 7360K, reserved 1048576K
}
Event: 102.306 GC heap after
{Heap after GC invocations=1325 (full 3):
 PSYoungGen      total 8704K, used 224K [0x00000000d5580000, 0x00000000d5f00000, 0x0000000100000000)
  eden space 8192K, 0% used [0x00000000d5580000,0x00000000d5580000,0x00000000d5d80000)
  from space 512K, 43% used [0x00000000d5e80000,0x00000000d5eb8000,0x00000000d5f00000)
  to   space 512K, 0% used [0x00000000d5e00000,0x00000000d5e00000,0x00000000d5e80000)
 ParOldGen       total 477696K, used 477646K [0x0000000080000000, 0x000000009d280000, 0x00000000d5580000)
  object space 477696K, 99% used [0x0000000080000000,0x000000009d273828,0x000000009d280000)
 Metaspace       used 65056K, committed 66624K, reserved 1114112K
  class space    used 6700K, committed 7360K, reserved 1048576K
}
Event: 102.336 GC heap before
{Heap before GC invocations=1326 (full 3):
 PSYoungGen      total 8704K, used 8209K [0x00000000d5580000, 0x00000000d5f00000, 0x0000000100000000)
  eden space 8192K, 97% used [0x00000000d5580000,0x00000000d5d4c678,0x00000000d5d80000)
  from space 512K, 43% used [0x00000000d5e80000,0x00000000d5eb8000,0x00000000d5f00000)
  to   space 512K, 0% used [0x00000000d5e00000,0x00000000d5e00000,0x00000000d5e80000)
 ParOldGen       total 477696K, used 477646K [0x0000000080000000, 0x000000009d280000, 0x00000000d5580000)
  object space 477696K, 99% used [0x0000000080000000,0x000000009d273828,0x000000009d280000)
 Metaspace       used 65067K, committed 66624K, reserved 1114112K
  class space    used 6700K, committed 7360K, reserved 1048576K
}
Event: 102.338 GC heap after
{Heap after GC invocations=1326 (full 3):
 PSYoungGen      total 8704K, used 416K [0x00000000d5580000, 0x00000000d5f00000, 0x0000000100000000)
  eden space 8192K, 0% used [0x00000000d5580000,0x00000000d5580000,0x00000000d5d80000)
  from space 512K, 81% used [0x00000000d5e00000,0x00000000d5e68000,0x00000000d5e80000)
  to   space 512K, 0% used [0x00000000d5e80000,0x00000000d5e80000,0x00000000d5f00000)
 ParOldGen       total 478208K, used 477733K [0x0000000080000000, 0x000000009d300000, 0x00000000d5580000)
  object space 478208K, 99% used [0x0000000080000000,0x000000009d2894a0,0x000000009d300000)
 Metaspace       used 65067K, committed 66624K, reserved 1114112K
  class space    used 6700K, committed 7360K, reserved 1048576K
}
Event: 102.368 GC heap before
{Heap before GC invocations=1327 (full 3):
 PSYoungGen      total 8704K, used 8608K [0x00000000d5580000, 0x00000000d5f00000, 0x0000000100000000)
  eden space 8192K, 100% used [0x00000000d5580000,0x00000000d5d80000,0x00000000d5d80000)
  from space 512K, 81% used [0x00000000d5e00000,0x00000000d5e68000,0x00000000d5e80000)
  to   space 512K, 0% used [0x00000000d5e80000,0x00000000d5e80000,0x00000000d5f00000)
 ParOldGen       total 478208K, used 477733K [0x0000000080000000, 0x000000009d300000, 0x00000000d5580000)
  object space 478208K, 99% used [0x0000000080000000,0x000000009d2894a0,0x000000009d300000)
 Metaspace       used 65079K, committed 66624K, reserved 1114112K
  class space    used 6701K, committed 7360K, reserved 1048576K
}
Event: 102.369 GC heap after
{Heap after GC invocations=1327 (full 3):
 PSYoungGen      total 8704K, used 288K [0x00000000d5580000, 0x00000000d5f00000, 0x0000000100000000)
  eden space 8192K, 0% used [0x00000000d5580000,0x00000000d5580000,0x00000000d5d80000)
  from space 512K, 56% used [0x00000000d5e80000,0x00000000d5ec8000,0x00000000d5f00000)
  to   space 512K, 0% used [0x00000000d5e00000,0x00000000d5e00000,0x00000000d5e80000)
 ParOldGen       total 478208K, used 477921K [0x0000000080000000, 0x000000009d300000, 0x00000000d5580000)
  object space 478208K, 99% used [0x0000000080000000,0x000000009d2b8680,0x000000009d300000)
 Metaspace       used 65079K, committed 66624K, reserved 1114112K
  class space    used 6701K, committed 7360K, reserved 1048576K
}
Event: 102.403 GC heap before
{Heap before GC invocations=1328 (full 3):
 PSYoungGen      total 8704K, used 8480K [0x00000000d5580000, 0x00000000d5f00000, 0x0000000100000000)
  eden space 8192K, 100% used [0x00000000d5580000,0x00000000d5d80000,0x00000000d5d80000)
  from space 512K, 56% used [0x00000000d5e80000,0x00000000d5ec8000,0x00000000d5f00000)
  to   space 512K, 0% used [0x00000000d5e00000,0x00000000d5e00000,0x00000000d5e80000)
 ParOldGen       total 478208K, used 477921K [0x0000000080000000, 0x000000009d300000, 0x00000000d5580000)
  object space 478208K, 99% used [0x0000000080000000,0x000000009d2b8680,0x000000009d300000)
 Metaspace       used 65088K, committed 66624K, reserved 1114112K
  class space    used 6701K, committed 7360K, reserved 1048576K
}
Event: 102.405 GC heap after
{Heap after GC invocations=1328 (full 3):
 PSYoungGen      total 8704K, used 512K [0x00000000d5580000, 0x00000000d6080000, 0x0000000100000000)
  eden space 8192K, 0% used [0x00000000d5580000,0x00000000d5580000,0x00000000d5d80000)
  from space 512K, 100% used [0x00000000d5e00000,0x00000000d5e80000,0x00000000d5e80000)
  to   space 1536K, 0% used [0x00000000d5f00000,0x00000000d5f00000,0x00000000d6080000)
 ParOldGen       total 478720K, used 478393K [0x0000000080000000, 0x000000009d380000, 0x00000000d5580000)
  object space 478720K, 99% used [0x0000000080000000,0x000000009d32e798,0x000000009d380000)
 Metaspace       used 65088K, committed 66624K, reserved 1114112K
  class space    used 6701K, committed 7360K, reserved 1048576K
}
Event: 102.421 GC heap before
{Heap before GC invocations=1329 (full 3):
 PSYoungGen      total 8704K, used 8704K [0x00000000d5580000, 0x00000000d6080000, 0x0000000100000000)
  eden space 8192K, 100% used [0x00000000d5580000,0x00000000d5d80000,0x00000000d5d80000)
  from space 512K, 100% used [0x00000000d5e00000,0x00000000d5e80000,0x00000000d5e80000)
  to   space 1536K, 0% used [0x00000000d5f00000,0x00000000d5f00000,0x00000000d6080000)
 ParOldGen       total 478720K, used 478393K [0x0000000080000000, 0x000000009d380000, 0x00000000d5580000)
  object space 478720K, 99% used [0x0000000080000000,0x000000009d32e798,0x000000009d380000)
 Metaspace       used 65093K, committed 66624K, reserved 1114112K
  class space    used 6701K, committed 7360K, reserved 1048576K
}
Event: 102.423 GC heap after
{Heap after GC invocations=1329 (full 3):
 PSYoungGen      total 9216K, used 894K [0x00000000d5580000, 0x00000000d6000000, 0x0000000100000000)
  eden space 8192K, 0% used [0x00000000d5580000,0x00000000d5580000,0x00000000d5d80000)
  from space 1024K, 87% used [0x00000000d5f00000,0x00000000d5fdfa00,0x00000000d6000000)
  to   space 1024K, 0% used [0x00000000d5e00000,0x00000000d5e00000,0x00000000d5f00000)
 ParOldGen       total 479232K, used 478812K [0x0000000080000000, 0x000000009d400000, 0x00000000d5580000)
  object space 479232K, 99% used [0x0000000080000000,0x000000009d3973c0,0x000000009d400000)
 Metaspace       used 65093K, committed 66624K, reserved 1114112K
  class space    used 6701K, committed 7360K, reserved 1048576K
}
Event: 102.438 GC heap before
{Heap before GC invocations=1330 (full 3):
 PSYoungGen      total 9216K, used 9027K [0x00000000d5580000, 0x00000000d6000000, 0x0000000100000000)
  eden space 8192K, 99% used [0x00000000d5580000,0x00000000d5d71568,0x00000000d5d80000)
  from space 1024K, 87% used [0x00000000d5f00000,0x00000000d5fdfa00,0x00000000d6000000)
  to   space 1024K, 0% used [0x00000000d5e00000,0x00000000d5e00000,0x00000000d5f00000)
 ParOldGen       total 479232K, used 478812K [0x0000000080000000, 0x000000009d400000, 0x00000000d5580000)
  object space 479232K, 99% used [0x0000000080000000,0x000000009d3973c0,0x000000009d400000)
 Metaspace       used 65101K, committed 66624K, reserved 1114112K
  class space    used 6701K, committed 7360K, reserved 1048576K
}
Event: 102.440 GC heap after
{Heap after GC invocations=1330 (full 3):
 PSYoungGen      total 9216K, used 1014K [0x00000000d5580000, 0x00000000d6180000, 0x0000000100000000)
  eden space 8192K, 0% used [0x00000000d5580000,0x00000000d5580000,0x00000000d5d80000)
  from space 1024K, 99% used [0x00000000d5e00000,0x00000000d5efd9b8,0x00000000d5f00000)
  to   space 2048K, 0% used [0x00000000d5f80000,0x00000000d5f80000,0x00000000d6180000)
 ParOldGen       total 479744K, used 479384K [0x0000000080000000, 0x000000009d480000, 0x00000000d5580000)
  object space 479744K, 99% used [0x0000000080000000,0x000000009d426270,0x000000009d480000)
 Metaspace       used 65101K, committed 66624K, reserved 1114112K
  class space    used 6701K, committed 7360K, reserved 1048576K
}
Event: 102.446 GC heap before
{Heap before GC invocations=1331 (full 3):
 PSYoungGen      total 9216K, used 9206K [0x00000000d5580000, 0x00000000d6180000, 0x0000000100000000)
  eden space 8192K, 100% used [0x00000000d5580000,0x00000000d5d80000,0x00000000d5d80000)
  from space 1024K, 99% used [0x00000000d5e00000,0x00000000d5efd9b8,0x00000000d5f00000)
  to   space 2048K, 0% used [0x00000000d5f80000,0x00000000d5f80000,0x00000000d6180000)
 ParOldGen       total 479744K, used 479384K [0x0000000080000000, 0x000000009d480000, 0x00000000d5580000)
  object space 479744K, 99% used [0x0000000080000000,0x000000009d426270,0x000000009d480000)
 Metaspace       used 65101K, committed 66624K, reserved 1114112K
  class space    used 6701K, committed 7360K, reserved 1048576K
}

Dll operation events (10 events):
Event: 0.140 Loaded shared library c:\Users\jizhi\.vscode\extensions\redhat.java-1.54.0-win32-x64\jre\21.0.10-win32-x86_64\bin\java.dll
Event: 0.180 Loaded shared library c:\Users\jizhi\.vscode\extensions\redhat.java-1.54.0-win32-x64\jre\21.0.10-win32-x86_64\bin\zip.dll
Event: 0.276 Loaded shared library C:\Users\jizhi\.vscode\extensions\redhat.java-1.54.0-win32-x64\jre\21.0.10-win32-x86_64\bin\instrument.dll
Event: 0.379 Loaded shared library C:\Users\jizhi\.vscode\extensions\redhat.java-1.54.0-win32-x64\jre\21.0.10-win32-x86_64\bin\net.dll
Event: 0.468 Loaded shared library C:\Users\jizhi\.vscode\extensions\redhat.java-1.54.0-win32-x64\jre\21.0.10-win32-x86_64\bin\nio.dll
Event: 0.474 Loaded shared library C:\Users\jizhi\.vscode\extensions\redhat.java-1.54.0-win32-x64\jre\21.0.10-win32-x86_64\bin\zip.dll
Event: 0.495 Loaded shared library C:\Users\jizhi\.vscode\extensions\redhat.java-1.54.0-win32-x64\jre\21.0.10-win32-x86_64\bin\jimage.dll
Event: 0.701 Loaded shared library c:\Users\jizhi\.vscode\extensions\redhat.java-1.54.0-win32-x64\jre\21.0.10-win32-x86_64\bin\verify.dll
Event: 26.716 Loaded shared library C:\Users\jizhi\AppData\Roaming\Code\User\globalStorage\redhat.java\1.54.0\config_win\org.eclipse.equinox.launcher\org.eclipse.equinox.launcher.win32.win32.x86_64_1.3.0.v20260203-2149\eclipse_11919.dll
Event: 51.198 Loaded shared library C:\Users\jizhi\AppData\Local\Temp\jna-101141852\jna8513626908703474731.dll

Deoptimization events (20 events):
Event: 102.375 Thread 0x00000246f7ded420 DEOPT PACKING pc=0x00000246a388262c sp=0x000000b1a93fe750
Event: 102.375 Thread 0x00000246f7ded420 DEOPT UNPACKING pc=0x00000246a2876da2 sp=0x000000b1a93fe6e0 mode 2
Event: 102.375 Thread 0x00000246f7ded420 Uncommon trap: trap_request=0xffffffde fr.pc=0x00000246a388262c relative=0x0000000000000ecc
Event: 102.375 Thread 0x00000246f7ded420 Uncommon trap: reason=class_check action=maybe_recompile pc=0x00000246a388262c method=lombok.eclipse.EclipseNode.traverse(Llombok/eclipse/EclipseASTVisitor;)V @ 479 c2
Event: 102.375 Thread 0x00000246f7ded420 DEOPT PACKING pc=0x00000246a388262c sp=0x000000b1a93fe750
Event: 102.375 Thread 0x00000246f7ded420 DEOPT UNPACKING pc=0x00000246a2876da2 sp=0x000000b1a93fe6e0 mode 2
Event: 102.375 Thread 0x00000246f7ded420 Uncommon trap: trap_request=0xffffffde fr.pc=0x00000246a388262c relative=0x0000000000000ecc
Event: 102.375 Thread 0x00000246f7ded420 Uncommon trap: reason=class_check action=maybe_recompile pc=0x00000246a388262c method=lombok.eclipse.EclipseNode.traverse(Llombok/eclipse/EclipseASTVisitor;)V @ 479 c2
Event: 102.375 Thread 0x00000246f7ded420 DEOPT PACKING pc=0x00000246a388262c sp=0x000000b1a93fe620
Event: 102.375 Thread 0x00000246f7ded420 DEOPT UNPACKING pc=0x00000246a2876da2 sp=0x000000b1a93fe5b0 mode 2
Event: 102.375 Thread 0x00000246f7ded420 Uncommon trap: trap_request=0xffffffde fr.pc=0x00000246a388262c relative=0x0000000000000ecc
Event: 102.375 Thread 0x00000246f7ded420 Uncommon trap: reason=class_check action=maybe_recompile pc=0x00000246a388262c method=lombok.eclipse.EclipseNode.traverse(Llombok/eclipse/EclipseASTVisitor;)V @ 479 c2
Event: 102.375 Thread 0x00000246f7ded420 DEOPT PACKING pc=0x00000246a388262c sp=0x000000b1a93fe750
Event: 102.375 Thread 0x00000246f7ded420 DEOPT UNPACKING pc=0x00000246a2876da2 sp=0x000000b1a93fe6e0 mode 2
Event: 102.386 Thread 0x00000246f973ccd0 Uncommon trap: trap_request=0xffffffc6 fr.pc=0x00000246a3a23e5c relative=0x000000000000179c
Event: 102.386 Thread 0x00000246f973ccd0 Uncommon trap: reason=bimorphic_or_optimized_type_check action=maybe_recompile pc=0x00000246a3a23e5c method=com.google.common.cache.LocalCache$Segment.getEntry(Ljava/lang/Object;I)Lcom/google/common/cache/ReferenceEntry; @ 62 c2
Event: 102.386 Thread 0x00000246f973ccd0 DEOPT PACKING pc=0x00000246a3a23e5c sp=0x000000b1aa4fe2d0
Event: 102.386 Thread 0x00000246f973ccd0 DEOPT UNPACKING pc=0x00000246a2876da2 sp=0x000000b1aa4fe1d8 mode 2
Event: 102.415 Thread 0x00000246f7ded420 DEOPT PACKING pc=0x000002469d31835a sp=0x000000b1a93fec70
Event: 102.415 Thread 0x00000246f7ded420 DEOPT UNPACKING pc=0x00000246a28778e2 sp=0x000000b1a93fe188 mode 0

Classes loaded (20 events):
Event: 63.364 Loading class sun/nio/cs/ISO_8859_1$Decoder
Event: 63.365 Loading class sun/nio/cs/ISO_8859_1$Decoder done
Event: 89.284 Loading class java/util/stream/ForEachOps$ForEachTask
Event: 89.284 Loading class java/util/stream/ForEachOps$ForEachTask done
Event: 91.147 Loading class java/util/Collections$2
Event: 91.147 Loading class java/util/Collections$2 done
Event: 91.228 Loading class java/lang/invoke/MethodHandleImpl$CountingWrapper$1
Event: 91.229 Loading class java/lang/invoke/MethodHandleImpl$CountingWrapper$1 done
Event: 92.711 Loading class java/util/ImmutableCollections$SubList
Event: 92.712 Loading class java/util/ImmutableCollections$SubList done
Event: 92.732 Loading class java/util/stream/ReduceOps$5
Event: 92.733 Loading class java/util/stream/ReduceOps$5 done
Event: 92.733 Loading class java/util/stream/ReduceOps$CountingSink$OfRef
Event: 92.733 Loading class java/util/stream/ReduceOps$CountingSink
Event: 92.733 Loading class java/util/stream/ReduceOps$CountingSink done
Event: 92.733 Loading class java/util/stream/ReduceOps$CountingSink$OfRef done
Event: 101.985 Loading class java/util/stream/ReduceOps$1
Event: 101.985 Loading class java/util/stream/ReduceOps$1 done
Event: 101.985 Loading class java/util/stream/ReduceOps$1ReducingSink
Event: 101.985 Loading class java/util/stream/ReduceOps$1ReducingSink done

Classes unloaded (11 events):
Event: 53.253 Thread 0x0000024698041470 Unloading class 0x00000246b01a9000 'java/lang/invoke/LambdaForm$MH+0x00000246b01a9000'
Event: 53.253 Thread 0x0000024698041470 Unloading class 0x00000246b01a8c00 'java/lang/invoke/LambdaForm$MH+0x00000246b01a8c00'
Event: 53.253 Thread 0x0000024698041470 Unloading class 0x00000246b01a8800 'java/lang/invoke/LambdaForm$MH+0x00000246b01a8800'
Event: 53.253 Thread 0x0000024698041470 Unloading class 0x00000246b01a8400 'java/lang/invoke/LambdaForm$MH+0x00000246b01a8400'
Event: 53.253 Thread 0x0000024698041470 Unloading class 0x00000246b01a8000 'java/lang/invoke/LambdaForm$BMH+0x00000246b01a8000'
Event: 53.253 Thread 0x0000024698041470 Unloading class 0x00000246b01a7c00 'java/lang/invoke/LambdaForm$DMH+0x00000246b01a7c00'
Event: 53.253 Thread 0x0000024698041470 Unloading class 0x00000246b01a6c00 'java/lang/invoke/LambdaForm$DMH+0x00000246b01a6c00'
Event: 62.892 Thread 0x0000024698041470 Unloading class 0x00000246b06bd400 'java/lang/invoke/LambdaForm$DMH+0x00000246b06bd400'
Event: 62.892 Thread 0x0000024698041470 Unloading class 0x00000246b06bc800 'java/lang/invoke/LambdaForm$DMH+0x00000246b06bc800'
Event: 62.892 Thread 0x0000024698041470 Unloading class 0x00000246b06bc400 'java/lang/invoke/LambdaForm$DMH+0x00000246b06bc400'
Event: 62.892 Thread 0x0000024698041470 Unloading class 0x00000246b06bd000 'java/lang/invoke/LambdaForm$DMH+0x00000246b06bd000'

Classes redefined (0 events):
No events

Internal exceptions (20 events):
Event: 101.959 Thread 0x00000246f7ded420 Exception <a 'sun/nio/fs/WindowsException'{0x00000000d5addde0}> (0x00000000d5addde0) 
thrown [s\src\hotspot\share\prims\jni.cpp, line 520]
Event: 102.370 Thread 0x00000246f7ded420 Implicit null exception at 0x00000246a3a12195 to 0x00000246a3a12c74
Event: 102.374 Thread 0x00000246f973ccd0 Exception <a 'sun/nio/fs/WindowsException'{0x00000000d55ea330}> (0x00000000d55ea330) 
thrown [s\src\hotspot\share\prims\jni.cpp, line 520]
Event: 102.374 Thread 0x00000246f973ccd0 Exception <a 'sun/nio/fs/WindowsException'{0x00000000d55eae38}> (0x00000000d55eae38) 
thrown [s\src\hotspot\share\prims\jni.cpp, line 520]
Event: 102.377 Thread 0x00000246f973ccd0 Exception <a 'sun/nio/fs/WindowsException'{0x00000000d57252d8}> (0x00000000d57252d8) 
thrown [s\src\hotspot\share\prims\jni.cpp, line 520]
Event: 102.377 Thread 0x00000246f973ccd0 Exception <a 'sun/nio/fs/WindowsException'{0x00000000d5725ca0}> (0x00000000d5725ca0) 
thrown [s\src\hotspot\share\prims\jni.cpp, line 520]
Event: 102.379 Thread 0x00000246f973ccd0 Exception <a 'sun/nio/fs/WindowsException'{0x00000000d5726ff8}> (0x00000000d5726ff8) 
thrown [s\src\hotspot\share\prims\jni.cpp, line 520]
Event: 102.379 Thread 0x00000246f973ccd0 Exception <a 'sun/nio/fs/WindowsException'{0x00000000d57279c0}> (0x00000000d57279c0) 
thrown [s\src\hotspot\share\prims\jni.cpp, line 520]
Event: 102.380 Thread 0x00000246f973ccd0 Exception <a 'sun/nio/fs/WindowsException'{0x00000000d5728b38}> (0x00000000d5728b38) 
thrown [s\src\hotspot\share\prims\jni.cpp, line 520]
Event: 102.380 Thread 0x00000246f973ccd0 Exception <a 'sun/nio/fs/WindowsException'{0x00000000d5729640}> (0x00000000d5729640) 
thrown [s\src\hotspot\share\prims\jni.cpp, line 520]
Event: 102.380 Thread 0x00000246f973ccd0 Exception <a 'sun/nio/fs/WindowsException'{0x00000000d5785060}> (0x00000000d5785060) 
thrown [s\src\hotspot\share\prims\jni.cpp, line 520]
Event: 102.380 Thread 0x00000246f973ccd0 Exception <a 'sun/nio/fs/WindowsException'{0x00000000d5785a28}> (0x00000000d5785a28) 
thrown [s\src\hotspot\share\prims\jni.cpp, line 520]
Event: 102.381 Thread 0x00000246f973ccd0 Exception <a 'sun/nio/fs/WindowsException'{0x00000000d5786d80}> (0x00000000d5786d80) 
thrown [s\src\hotspot\share\prims\jni.cpp, line 520]
Event: 102.382 Thread 0x00000246f973ccd0 Exception <a 'sun/nio/fs/WindowsException'{0x00000000d5787748}> (0x00000000d5787748) 
thrown [s\src\hotspot\share\prims\jni.cpp, line 520]
Event: 102.383 Thread 0x00000246f973ccd0 Exception <a 'sun/nio/fs/WindowsException'{0x00000000d5789338}> (0x00000000d5789338) 
thrown [s\src\hotspot\share\prims\jni.cpp, line 520]
Event: 102.383 Thread 0x00000246f973ccd0 Exception <a 'sun/nio/fs/WindowsException'{0x00000000d57cb650}> (0x00000000d57cb650) 
thrown [s\src\hotspot\share\prims\jni.cpp, line 520]
Event: 102.383 Thread 0x00000246f973ccd0 Exception <a 'sun/nio/fs/WindowsException'{0x00000000d57ccae8}> (0x00000000d57ccae8) 
thrown [s\src\hotspot\share\prims\jni.cpp, line 520]
Event: 102.383 Thread 0x00000246f973ccd0 Exception <a 'sun/nio/fs/WindowsException'{0x00000000d57cd4b0}> (0x00000000d57cd4b0) 
thrown [s\src\hotspot\share\prims\jni.cpp, line 520]
Event: 102.383 Thread 0x00000246f973ccd0 Exception <a 'sun/nio/fs/WindowsException'{0x00000000d57ce808}> (0x00000000d57ce808) 
thrown [s\src\hotspot\share\prims\jni.cpp, line 520]
Event: 102.383 Thread 0x00000246f973ccd0 Exception <a 'sun/nio/fs/WindowsException'{0x00000000d57cf1d0}> (0x00000000d57cf1d0) 
thrown [s\src\hotspot\share\prims\jni.cpp, line 520]

ZGC Phase Switch (0 events):
No events

VM Operations (20 events):
Event: 102.187 Executing safepoint VM operation: ParallelGCFailedAllocation (Allocation Failure) done
Event: 102.204 Executing safepoint VM operation: ParallelGCFailedAllocation (Allocation Failure)
Event: 102.206 Executing safepoint VM operation: ParallelGCFailedAllocation (Allocation Failure) done
Event: 102.235 Executing safepoint VM operation: ParallelGCFailedAllocation (Allocation Failure)
Event: 102.238 Executing safepoint VM operation: ParallelGCFailedAllocation (Allocation Failure) done
Event: 102.279 Executing safepoint VM operation: ParallelGCFailedAllocation (Allocation Failure)
Event: 102.282 Executing safepoint VM operation: ParallelGCFailedAllocation (Allocation Failure) done
Event: 102.303 Executing safepoint VM operation: ParallelGCFailedAllocation (Allocation Failure)
Event: 102.306 Executing safepoint VM operation: ParallelGCFailedAllocation (Allocation Failure) done
Event: 102.335 Executing safepoint VM operation: ParallelGCFailedAllocation (Allocation Failure)
Event: 102.338 Executing safepoint VM operation: ParallelGCFailedAllocation (Allocation Failure) done
Event: 102.368 Executing safepoint VM operation: ParallelGCFailedAllocation (Allocation Failure)
Event: 102.369 Executing safepoint VM operation: ParallelGCFailedAllocation (Allocation Failure) done
Event: 102.403 Executing safepoint VM operation: ParallelGCFailedAllocation (Allocation Failure)
Event: 102.405 Executing safepoint VM operation: ParallelGCFailedAllocation (Allocation Failure) done
Event: 102.421 Executing safepoint VM operation: ParallelGCFailedAllocation (Allocation Failure)
Event: 102.423 Executing safepoint VM operation: ParallelGCFailedAllocation (Allocation Failure) done
Event: 102.437 Executing safepoint VM operation: ParallelGCFailedAllocation (Allocation Failure)
Event: 102.440 Executing safepoint VM operation: ParallelGCFailedAllocation (Allocation Failure) done
Event: 102.446 Executing safepoint VM operation: ParallelGCFailedAllocation (Allocation Failure)

Memory protections (0 events):
No events

Nmethod flushes (20 events):
Event: 62.910 Thread 0x0000024698041470 flushing  nmethod 0x000002469bde6910
Event: 62.910 Thread 0x0000024698041470 flushing  nmethod 0x000002469bdeaf10
Event: 62.910 Thread 0x0000024698041470 flushing  nmethod 0x000002469be12210
Event: 62.910 Thread 0x0000024698041470 flushing  nmethod 0x000002469be13c10
Event: 62.910 Thread 0x0000024698041470 flushing  nmethod 0x000002469be15090
Event: 62.910 Thread 0x0000024698041470 flushing  nmethod 0x000002469be16310
Event: 62.910 Thread 0x0000024698041470 flushing  nmethod 0x000002469be16c10
Event: 62.910 Thread 0x0000024698041470 flushing  nmethod 0x000002469be18010
Event: 62.910 Thread 0x0000024698041470 flushing  nmethod 0x000002469be1eb10
Event: 62.910 Thread 0x0000024698041470 flushing  nmethod 0x000002469be20090
Event: 62.910 Thread 0x0000024698041470 flushing  nmethod 0x000002469be28210
Event: 62.910 Thread 0x0000024698041470 flushing osr nmethod 0x000002469be54e90
Event: 62.910 Thread 0x0000024698041470 flushing  nmethod 0x000002469be76d10
Event: 62.910 Thread 0x0000024698041470 flushing  nmethod 0x000002469be77a90
Event: 62.910 Thread 0x0000024698041470 flushing  nmethod 0x000002469be78590
Event: 62.910 Thread 0x0000024698041470 flushing  nmethod 0x000002469be78e90
Event: 62.910 Thread 0x0000024698041470 flushing  nmethod 0x000002469be7a010
Event: 62.910 Thread 0x0000024698041470 flushing  nmethod 0x000002469be7a410
Event: 62.910 Thread 0x0000024698041470 flushing  nmethod 0x000002469be7c590
Event: 62.910 Thread 0x0000024698041470 flushing  nmethod 0x000002469be7d710

Events (20 events):
Event: 100.424 Thread 0x00000246f8f09ef0 Thread exited: 0x00000246f8f09ef0
Event: 100.424 Thread 0x00000246f8f0b2a0 Thread exited: 0x00000246f8f0b2a0
Event: 100.424 Thread 0x00000246f8f0fad0 Thread exited: 0x00000246f8f0fad0
Event: 100.432 Thread 0x00000246f973ccd0 Thread added: 0x00000246f8f0c650
Event: 100.432 Thread 0x00000246f973ccd0 Thread added: 0x00000246f8f0b2a0
Event: 100.433 Thread 0x00000246f973ccd0 Thread added: 0x00000246f8f0b930
Event: 100.433 Thread 0x00000246f973ccd0 Thread added: 0x00000246f8f0cce0
Event: 100.433 Thread 0x00000246f973ccd0 Thread added: 0x00000246f8f09ef0
Event: 101.470 Thread 0x00000246f8f0c650 Thread exited: 0x00000246f8f0c650
Event: 101.470 Thread 0x00000246f8f0b2a0 Thread exited: 0x00000246f8f0b2a0
Event: 101.470 Thread 0x00000246f8f09ef0 Thread exited: 0x00000246f8f09ef0
Event: 101.472 Thread 0x00000246f8f0b930 Thread exited: 0x00000246f8f0b930
Event: 101.472 Thread 0x00000246f8f0cce0 Thread exited: 0x00000246f8f0cce0
Event: 101.985 Thread 0x00000246f922c940 Thread exited: 0x00000246f922c940
Event: 102.042 Thread 0x000002469807ca60 Thread added: 0x00000246f922eb50
Event: 102.429 Thread 0x00000246f973ccd0 Thread added: 0x00000246f8f0b2a0
Event: 102.429 Thread 0x00000246f973ccd0 Thread added: 0x00000246f8f0b930
Event: 102.430 Thread 0x00000246f973ccd0 Thread added: 0x00000246f8f0cce0
Event: 102.430 Thread 0x00000246f973ccd0 Thread added: 0x00000246f8f0c650
Event: 102.430 Thread 0x00000246f973ccd0 Thread added: 0x00000246f8f09ef0


Dynamic libraries:
0x00007ff71f660000 - 0x00007ff71f66e000 	c:\Users\jizhi\.vscode\extensions\redhat.java-1.54.0-win32-x64\jre\21.0.10-win32-x86_64\bin\java.exe
0x00007ffd13060000 - 0x00007ffd132c8000 	C:\WINDOWS\SYSTEM32\ntdll.dll
0x00007ffd11680000 - 0x00007ffd11749000 	C:\WINDOWS\System32\KERNEL32.DLL
0x00007ffd10540000 - 0x00007ffd1092d000 	C:\WINDOWS\System32\KERNELBASE.dll
0x00007ffd10360000 - 0x00007ffd104ab000 	C:\WINDOWS\System32\ucrtbase.dll
0x00007ffcf6d80000 - 0x00007ffcf6d98000 	c:\Users\jizhi\.vscode\extensions\redhat.java-1.54.0-win32-x64\jre\21.0.10-win32-x86_64\bin\jli.dll
0x00007ffcf6350000 - 0x00007ffcf636e000 	c:\Users\jizhi\.vscode\extensions\redhat.java-1.54.0-win32-x64\jre\21.0.10-win32-x86_64\bin\VCRUNTIME140.dll
0x00007ffd11420000 - 0x00007ffd115ec000 	C:\WINDOWS\System32\USER32.dll
0x00007ffd10330000 - 0x00007ffd10357000 	C:\WINDOWS\System32\win32u.dll
0x00007ffcef870000 - 0x00007ffcefb0a000 	C:\WINDOWS\WinSxS\amd64_microsoft.windows.common-controls_6595b64144ccf1df_6.0.26100.4484_none_3e0e6d4ce32ef3b3\COMCTL32.dll
0x00007ffd113f0000 - 0x00007ffd1141b000 	C:\WINDOWS\System32\GDI32.dll
0x00007ffd11b30000 - 0x00007ffd11bd9000 	C:\WINDOWS\System32\msvcrt.dll
0x00007ffd10930000 - 0x00007ffd10a67000 	C:\WINDOWS\System32\gdi32full.dll
0x00007ffd10d50000 - 0x00007ffd10df3000 	C:\WINDOWS\System32\msvcp_win.dll
0x00007ffd12590000 - 0x00007ffd125bf000 	C:\WINDOWS\System32\IMM32.DLL
0x00007ffd06440000 - 0x00007ffd0644c000 	c:\Users\jizhi\.vscode\extensions\redhat.java-1.54.0-win32-x64\jre\21.0.10-win32-x86_64\bin\vcruntime140_1.dll
0x00007ffcf2820000 - 0x00007ffcf28ad000 	c:\Users\jizhi\.vscode\extensions\redhat.java-1.54.0-win32-x64\jre\21.0.10-win32-x86_64\bin\msvcp140.dll
0x00007ffc412d0000 - 0x00007ffc42071000 	c:\Users\jizhi\.vscode\extensions\redhat.java-1.54.0-win32-x64\jre\21.0.10-win32-x86_64\bin\server\jvm.dll
0x00007ffd11870000 - 0x00007ffd11924000 	C:\WINDOWS\System32\ADVAPI32.dll
0x00007ffd12d90000 - 0x00007ffd12e36000 	C:\WINDOWS\System32\sechost.dll
0x00007ffd11750000 - 0x00007ffd11868000 	C:\WINDOWS\System32\RPCRT4.dll
0x00007ffd12e70000 - 0x00007ffd12ee4000 	C:\WINDOWS\System32\WS2_32.dll
0x00007ffd10000000 - 0x00007ffd1005e000 	C:\WINDOWS\SYSTEM32\POWRPROF.dll
0x00007ffd04db0000 - 0x00007ffd04de5000 	C:\WINDOWS\SYSTEM32\WINMM.dll
0x00007ffcfe830000 - 0x00007ffcfe83b000 	C:\WINDOWS\SYSTEM32\VERSION.dll
0x00007ffd0ffe0000 - 0x00007ffd0fff4000 	C:\WINDOWS\SYSTEM32\UMPDC.dll
0x00007ffd0ef50000 - 0x00007ffd0ef6b000 	C:\WINDOWS\SYSTEM32\kernel.appcore.dll
0x00007ffcfed20000 - 0x00007ffcfed2a000 	c:\Users\jizhi\.vscode\extensions\redhat.java-1.54.0-win32-x64\jre\21.0.10-win32-x86_64\bin\jimage.dll
0x00007ffd0d730000 - 0x00007ffd0d971000 	C:\WINDOWS\SYSTEM32\DBGHELP.DLL
0x00007ffd10e80000 - 0x00007ffd11206000 	C:\WINDOWS\System32\combase.dll
0x00007ffd11d50000 - 0x00007ffd11e30000 	C:\WINDOWS\System32\OLEAUT32.dll
0x00007ffd09dd0000 - 0x00007ffd09e13000 	C:\WINDOWS\SYSTEM32\dbgcore.DLL
0x00007ffd10b30000 - 0x00007ffd10bc9000 	C:\WINDOWS\System32\bcryptPrimitives.dll
0x00007ffd09db0000 - 0x00007ffd09dbf000 	c:\Users\jizhi\.vscode\extensions\redhat.java-1.54.0-win32-x64\jre\21.0.10-win32-x86_64\bin\instrument.dll
0x00007ffcf5c40000 - 0x00007ffcf5c60000 	c:\Users\jizhi\.vscode\extensions\redhat.java-1.54.0-win32-x64\jre\21.0.10-win32-x86_64\bin\java.dll
0x00007ffd11e40000 - 0x00007ffd1258a000 	C:\WINDOWS\System32\SHELL32.dll
0x00007ffd101b0000 - 0x00007ffd10324000 	C:\WINDOWS\System32\wintypes.dll
0x00007ffd0ddd0000 - 0x00007ffd0e62b000 	C:\WINDOWS\SYSTEM32\windows.storage.dll
0x00007ffd11a30000 - 0x00007ffd11b25000 	C:\WINDOWS\System32\SHCORE.dll
0x00007ffd10e10000 - 0x00007ffd10e7a000 	C:\WINDOWS\System32\shlwapi.dll
0x00007ffd100c0000 - 0x00007ffd100ef000 	C:\WINDOWS\SYSTEM32\profapi.dll
0x00007ffcf6050000 - 0x00007ffcf6068000 	c:\Users\jizhi\.vscode\extensions\redhat.java-1.54.0-win32-x64\jre\21.0.10-win32-x86_64\bin\zip.dll
0x00007ffcfee10000 - 0x00007ffcfee20000 	C:\Users\jizhi\.vscode\extensions\redhat.java-1.54.0-win32-x64\jre\21.0.10-win32-x86_64\bin\net.dll
0x00007ffcfea20000 - 0x00007ffcfeb3e000 	C:\WINDOWS\SYSTEM32\WINHTTP.dll
0x00007ffd0f4e0000 - 0x00007ffd0f54a000 	C:\WINDOWS\system32\mswsock.dll
0x00007ffcf6030000 - 0x00007ffcf6046000 	C:\Users\jizhi\.vscode\extensions\redhat.java-1.54.0-win32-x64\jre\21.0.10-win32-x86_64\bin\nio.dll
0x00007ffcf66b0000 - 0x00007ffcf66c0000 	c:\Users\jizhi\.vscode\extensions\redhat.java-1.54.0-win32-x64\jre\21.0.10-win32-x86_64\bin\verify.dll
0x00007ffcf0a00000 - 0x00007ffcf0a45000 	C:\Users\jizhi\AppData\Roaming\Code\User\globalStorage\redhat.java\1.54.0\config_win\org.eclipse.equinox.launcher\org.eclipse.equinox.launcher.win32.win32.x86_64_1.3.0.v20260203-2149\eclipse_11919.dll
0x00007ffd125e0000 - 0x00007ffd1277e000 	C:\WINDOWS\System32\ole32.dll
0x00007ffd0f790000 - 0x00007ffd0f7ab000 	C:\WINDOWS\SYSTEM32\CRYPTSP.dll
0x00007ffd0eeb0000 - 0x00007ffd0eeeb000 	C:\WINDOWS\system32\rsaenh.dll
0x00007ffd0f580000 - 0x00007ffd0f5ab000 	C:\WINDOWS\SYSTEM32\USERENV.dll
0x00007ffd10090000 - 0x00007ffd100b6000 	C:\WINDOWS\SYSTEM32\bcrypt.dll
0x00007ffd0f7b0000 - 0x00007ffd0f7bc000 	C:\WINDOWS\SYSTEM32\CRYPTBASE.dll
0x00007ffd0e960000 - 0x00007ffd0e993000 	C:\WINDOWS\SYSTEM32\IPHLPAPI.DLL
0x00007ffd125d0000 - 0x00007ffd125da000 	C:\WINDOWS\System32\NSI.dll
0x00007ffcde020000 - 0x00007ffcde069000 	C:\Users\jizhi\AppData\Local\Temp\jna-101141852\jna8513626908703474731.dll
0x00007ffd10e00000 - 0x00007ffd10e08000 	C:\WINDOWS\System32\PSAPI.DLL
0x00007ffd072b0000 - 0x00007ffd072cf000 	C:\WINDOWS\SYSTEM32\dhcpcsvc6.DLL
0x00007ffd07280000 - 0x00007ffd072a5000 	C:\WINDOWS\SYSTEM32\dhcpcsvc.DLL

JVMTI agents:
c:\Users\jizhi\.vscode\extensions\redhat.java-1.54.0-win32-x64\lombok\lombok-1.18.39-4050.jar path:c:\Users\jizhi\.vscode\extensions\redhat.java-1.54.0-win32-x64\jre\21.0.10-win32-x86_64\bin\instrument.dll, loaded, initialized, instrumentlib options:none

dbghelp: loaded successfully - version: 4.0.5 - missing functions: none
symbol engine: initialized successfully - sym options: 0x614 - pdb path: .;c:\Users\jizhi\.vscode\extensions\redhat.java-1.54.0-win32-x64\jre\21.0.10-win32-x86_64\bin;C:\WINDOWS\SYSTEM32;C:\WINDOWS\WinSxS\amd64_microsoft.windows.common-controls_6595b64144ccf1df_6.0.26100.4484_none_3e0e6d4ce32ef3b3;c:\Users\jizhi\.vscode\extensions\redhat.java-1.54.0-win32-x64\jre\21.0.10-win32-x86_64\bin\server;C:\Users\jizhi\AppData\Roaming\Code\User\globalStorage\redhat.java\1.54.0\config_win\org.eclipse.equinox.launcher\org.eclipse.equinox.launcher.win32.win32.x86_64_1.3.0.v20260203-2149;C:\Users\jizhi\AppData\Local\Temp\jna-101141852

VM Arguments:
jvm_args: --add-modules=ALL-SYSTEM --add-opens=java.base/java.util=ALL-UNNAMED --add-opens=java.base/java.lang=ALL-UNNAMED --add-opens=java.base/sun.nio.fs=ALL-UNNAMED -Declipse.application=org.eclipse.jdt.ls.core.id1 -Dosgi.bundles.defaultStartLevel=4 -Declipse.product=org.eclipse.jdt.ls.core.product -Djava.import.generatesMetadataFilesAtProjectRoot=false -DDetectVMInstallationsJob.disabled=true -Dfile.encoding=utf8 -XX:+UseParallelGC -XX:GCTimeRatio=4 -XX:AdaptiveSizePolicyWeight=90 -Dsun.zip.disableMemoryMapping=true -Xmx2G -Xms100m -Xlog:disable -javaagent:c:\Users\jizhi\.vscode\extensions\redhat.java-1.54.0-win32-x64\lombok\lombok-1.18.39-4050.jar -XX:+HeapDumpOnOutOfMemoryError -XX:HeapDumpPath=c:\Users\jizhi\AppData\Roaming\Code\User\workspaceStorage\79fb16952ec9521a9f4e0b0aca733bdc\redhat.java -Daether.dependencyCollector.impl=bf 
java_command: c:\Users\jizhi\.vscode\extensions\redhat.java-1.54.0-win32-x64\server\plugins\org.eclipse.equinox.launcher_1.7.100.v20251111-0406.jar -configuration c:\Users\jizhi\AppData\Roaming\Code\User\globalStorage\redhat.java\1.54.0\config_win -data c:\Users\jizhi\AppData\Roaming\Code\User\workspaceStorage\79fb16952ec9521a9f4e0b0aca733bdc\redhat.java\jdt_ws --pipe=\\.\pipe\lsp-c97f8e2c7d0413da9a76aef37af027b8-sock
java_class_path (initial): c:\Users\jizhi\.vscode\extensions\redhat.java-1.54.0-win32-x64\server\plugins\org.eclipse.equinox.launcher_1.7.100.v20251111-0406.jar
Launcher Type: SUN_STANDARD

[Global flags]
    uintx AdaptiveSizePolicyWeight                 = 90                                        {product} {command line}
     intx CICompilerCount                          = 4                                         {product} {ergonomic}
    uintx GCTimeRatio                              = 4                                         {product} {command line}
     bool HeapDumpOnOutOfMemoryError               = true                                   {manageable} {command line}
    ccstr HeapDumpPath                             = c:\Users\jizhi\AppData\Roaming\Code\User\workspaceStorage\79fb16952ec9521a9f4e0b0aca733bdc\redhat.java         {manageable} {command line}
   size_t InitialHeapSize                          = 104857600                                 {product} {command line}
   size_t MaxHeapSize                              = 2147483648                                {product} {command line}
   size_t MaxNewSize                               = 715653120                                 {product} {ergonomic}
   size_t MinHeapDeltaBytes                        = 524288                                    {product} {ergonomic}
   size_t MinHeapSize                              = 104857600                                 {product} {command line}
   size_t NewSize                                  = 34603008                                  {product} {ergonomic}
    uintx NonNMethodCodeHeapSize                   = 5839372                                {pd product} {ergonomic}
    uintx NonProfiledCodeHeapSize                  = 122909434                              {pd product} {ergonomic}
   size_t OldSize                                  = 70254592                                  {product} {ergonomic}
    uintx ProfiledCodeHeapSize                     = 122909434                              {pd product} {ergonomic}
    uintx ReservedCodeCacheSize                    = 251658240                              {pd product} {ergonomic}
     bool SegmentedCodeCache                       = true                                      {product} {ergonomic}
   size_t SoftMaxHeapSize                          = 2147483648                             {manageable} {ergonomic}
     bool UseCompressedOops                        = true                           {product lp64_product} {ergonomic}
     bool UseLargePagesIndividualAllocation        = false                                  {pd product} {ergonomic}
     bool UseParallelGC                            = true                                      {product} {command line}

Logging:
Log output configuration:
 #0: stdout all=off uptime,level,tags foldmultilines=false
 #1: stderr all=off uptime,level,tags foldmultilines=false

Release file:
JAVA_VERSION="21.0.10" 
MODULES="java.base java.compiler java.datatransfer java.xml java.prefs java.desktop java.instrument java.logging java.management java.security.sasl java.naming java.rmi java.management.rmi java.net.http java.scripting java.security.jgss java.transaction.xa java.sql java.sql.rowset java.xml.crypto java.se java.smartcardio jdk.accessibility jdk.internal.jvmstat jdk.attach jdk.charsets jdk.internal.opt jdk.zipfs jdk.compiler jdk.crypto.ec jdk.crypto.cryptoki jdk.crypto.mscapi jdk.dynalink jdk.internal.ed jdk.editpad jdk.hotspot.agent jdk.httpserver jdk.internal.le jdk.internal.vm.ci jdk.internal.vm.compiler jdk.internal.vm.compiler.management jdk.jartool jdk.javadoc jdk.jcmd jdk.management jdk.management.agent jdk.jconsole jdk.jdeps jdk.jdwp.agent jdk.jdi jdk.jfr jdk.jshell jdk.jsobject jdk.jstatd jdk.localedata jdk.management.jfr jdk.naming.dns jdk.naming.rmi jdk.net jdk.nio.mapmode jdk.random jdk.sctp jdk.security.auth jdk.security.jgss jdk.unsupported jdk.unsupported.desktop jdk.xml.dom" 

Environment Variables:
PATH=C:\Users\jizhi\AppData\Local\Programs\Microsoft VS Code;C:\Program Files\Eclipse Adoptium\jdk-17.0.18.8-hotspot\bin;C:\WINDOWS\system32;C:\WINDOWS;C:\WINDOWS\System32\Wbem;C:\WINDOWS\System32\WindowsPowerShell\v1.0\;C:\WINDOWS\System32\OpenSSH\;C:\Program Files\dotnet\;C:\Program Files\Bandizip\;C:\Program Files (x86)\Bitvise SSH Client;C:\ProgramData\chocolatey\bin;C:\Program Files\Git\cmd;C:\Program Files\Microsoft VS Code\bin;C:\Program Files\Docker\Docker\resources\bin;C:\Program Files\nodejs\;C:\Program Files\GitHub CLI\;C:\Users\jizhi\.local\bin;C:\Users\jizhi\AppData\Local\Microsoft\WindowsApps;C:\Program Files\JetBrains\PyCharm Community Edition 2022.1.2\bin;C:\Users\jizhi\AppData\Local\Programs\Microsoft VS Code\bin;C:\ProgramData\Anaconda3\Scripts;C:\texlive\2022\bin\win32;C:\GnuWin32\bin;C:\Users\jizhi\AppData\Local\Google\Cloud SDK\google-cloud-sdk\bin;C:\Users\jizhi\.azure-kubectl;C:\Users\jizhi\.azure-kubelogin;C:\Program Files\JetBrains\DataGrip 2025.3.5\bin;C:\Users\jizhi\AppData\Roaming\npm
USERNAME=jizhi
OS=Windows_NT
PROCESSOR_IDENTIFIER=Intel64 Family 6 Model 140 Stepping 1, GenuineIntel
TMP=C:\Users\jizhi\AppData\Local\Temp
TEMP=C:\Users\jizhi\AppData\Local\Temp




Periodic native trim disabled

---------------  S Y S T E M  ---------------

OS:
 Windows 11 , 64 bit Build 26100 (10.0.26100.4484)
OS uptime: 17 days 12:04 hours
Hyper-V role detected

CPU: total 8 (initial active 8) (4 cores per cpu, 2 threads per core) family 6 model 140 stepping 1 microcode 0xbc, cx8, cmov, fxsr, ht, mmx, 3dnowpref, sse, sse2, sse3, ssse3, sse4.1, sse4.2, popcnt, lzcnt, tsc, tscinvbit, avx, avx2, aes, erms, clmul, bmi1, bmi2, adx, avx512f, avx512dq, avx512cd, avx512bw, avx512vl, sha, fma, vzeroupper, avx512_vpopcntdq, avx512_vpclmulqdq, avx512_vaes, avx512_vnni, clflush, clflushopt, clwb, avx512_vbmi2, avx512_vbmi, hv, rdtscp, rdpid, fsrm, gfni, avx512_bitalg, f16c, cet_ibt, cet_ss, avx512_ifma
Processor Information for processor 0
  Max Mhz: 2803, Current Mhz: 2803, Mhz Limit: 2803
Processor Information for processor 1
  Max Mhz: 2803, Current Mhz: 2803, Mhz Limit: 2803
Processor Information for processor 2
  Max Mhz: 2803, Current Mhz: 2803, Mhz Limit: 2803
Processor Information for processor 3
  Max Mhz: 2803, Current Mhz: 2803, Mhz Limit: 2803
Processor Information for processor 4
  Max Mhz: 2803, Current Mhz: 2803, Mhz Limit: 2803
Processor Information for processor 5
  Max Mhz: 2803, Current Mhz: 1001, Mhz Limit: 2803
Processor Information for processor 6
  Max Mhz: 2803, Current Mhz: 1001, Mhz Limit: 2803
Processor Information for processor 7
  Max Mhz: 2803, Current Mhz: 1001, Mhz Limit: 2803

Memory: 4k page, system-wide physical 16107M (660M free)
TotalPageFile size 65259M (AvailPageFile size 16M)
current process WorkingSet (physical memory assigned to process): 771M, peak: 771M
current process commit charge ("private bytes"): 843M, peak: 844M

vm_info: OpenJDK 64-Bit Server VM (21.0.10+7-LTS) for windows-amd64 JRE (21.0.10+7-LTS), built on 2026-01-20T00:00:00Z by "admin" with MS VC++ 17.12 (VS2022)

END.
