#
# There is insufficient memory for the Java Runtime Environment to continue.
# Native memory allocation (malloc) failed to allocate 1342576 bytes. Error detail: Chunk::new
# Possible reasons:
#   The system is out of physical RAM or swap space
#   This process is running with CompressedOops enabled, and the Java Heap may be blocking the growth of the native heap
# Possible solutions:
#   Reduce memory load on the system
#   Increase physical memory or swap space
#   Check if swap backing store is full
#   Decrease Java heap size (-Xmx/-Xms)
#   Decrease number of Java threads
#   Decrease Java thread stack sizes (-Xss)
#   Set larger code cache with -XX:ReservedCodeCacheSize=
#   JVM is running with Unscaled Compressed Oops mode in which the Java heap is
#     placed in the first 4GB address space. The Java Heap base address is the
#     maximum limit for the native heap growth. Please use -XX:HeapBaseMinAddress
#     to set the Java Heap base and to place the Java Heap above 4GB virtual address.
# This output file may be truncated or incomplete.
#
#  Out of Memory Error (arena.cpp:168), pid=14576, tid=38932
#
# JRE version: OpenJDK Runtime Environment Temurin-21.0.10+7 (21.0.10+7) (build 21.0.10+7-LTS)
# Java VM: OpenJDK 64-Bit Server VM Temurin-21.0.10+7 (21.0.10+7-LTS, mixed mode, sharing, tiered, compressed oops, compressed class ptrs, parallel gc, windows-amd64)
# No core dump will be written. Minidumps are not enabled by default on client versions of Windows
#

---------------  S U M M A R Y ------------

Command Line: --add-modules=ALL-SYSTEM --add-opens=java.base/java.util=ALL-UNNAMED --add-opens=java.base/java.lang=ALL-UNNAMED --add-opens=java.base/sun.nio.fs=ALL-UNNAMED -Declipse.application=org.eclipse.jdt.ls.core.id1 -Dosgi.bundles.defaultStartLevel=4 -Declipse.product=org.eclipse.jdt.ls.core.product -Djava.import.generatesMetadataFilesAtProjectRoot=false -DDetectVMInstallationsJob.disabled=true -Dfile.encoding=utf8 -XX:+UseParallelGC -XX:GCTimeRatio=4 -XX:AdaptiveSizePolicyWeight=90 -Dsun.zip.disableMemoryMapping=true -Xmx2G -Xms100m -Xlog:disable -javaagent:c:\Users\jizhi\.vscode\extensions\redhat.java-1.54.0-win32-x64\lombok\lombok-1.18.39-4050.jar -XX:+HeapDumpOnOutOfMemoryError -XX:HeapDumpPath=c:\Users\jizhi\AppData\Roaming\Code\User\workspaceStorage\79fb16952ec9521a9f4e0b0aca733bdc\redhat.java -Daether.dependencyCollector.impl=bf c:\Users\jizhi\.vscode\extensions\redhat.java-1.54.0-win32-x64\server\plugins\org.eclipse.equinox.launcher_1.7.100.v20251111-0406.jar -configuration c:\Users\jizhi\AppData\Roaming\Code\User\globalStorage\redhat.java\1.54.0\config_win -data c:\Users\jizhi\AppData\Roaming\Code\User\workspaceStorage\79fb16952ec9521a9f4e0b0aca733bdc\redhat.java\jdt_ws --pipe=\\.\pipe\lsp-a44d1a3d5c2227b30425f509466102ed-sock

Host: 11th Gen Intel(R) Core(TM) i7-1165G7 @ 2.80GHz, 8 cores, 15G,  Windows 11 , 64 bit Build 26100 (10.0.26100.4484)
Time: Thu May 21 23:18:44 2026 elapsed time: 9.410812 seconds (0d 0h 0m 9s)

---------------  T H R E A D  ---------------

Current thread (0x000001f30864ef50):  JavaThread "C2 CompilerThread1" daemon [_thread_in_native, id=38932, stack(0x000000b4be600000,0x000000b4be700000) (1024K)]


Current CompileTask:
C2:9411 3079       4       org.eclipse.core.internal.resources.SaveManager::readElement (46 bytes)

Stack: [0x000000b4be600000,0x000000b4be700000]
Native frames: (J=compiled Java code, j=interpreted, Vv=VM code, C=native code)
V  [jvm.dll+0x6d7a39]
V  [jvm.dll+0x8b4b26]
V  [jvm.dll+0x8b70de]
V  [jvm.dll+0x8b77c3]
V  [jvm.dll+0x284346]
V  [jvm.dll+0xc66ed]
V  [jvm.dll+0xc6c31]
V  [jvm.dll+0x3bec01]
V  [jvm.dll+0x38b162]
V  [jvm.dll+0x38a5aa]
V  [jvm.dll+0x24c560]
V  [jvm.dll+0x24bb40]
V  [jvm.dll+0x1cb34e]
V  [jvm.dll+0x25b85d]
V  [jvm.dll+0x259dea]
V  [jvm.dll+0x3f857e]
V  [jvm.dll+0x85f59d]
V  [jvm.dll+0x6d626d]
C  [ucrtbase.dll+0x37b0]
C  [KERNEL32.DLL+0x2e8d7]
C  [ntdll.dll+0x3c34c]


---------------  P R O C E S S  ---------------

Threads class SMR info:
_java_thread_list=0x000001f303a2d4c0, length=20, elements={
0x000001f2a9e03330, 0x000001f2a9ebae00, 0x000001f2a9ebbd20, 0x000001f2a9d756f0,
0x000001f2a9d766e0, 0x000001f2a9d7aac0, 0x000001f2a9d7ec50, 0x000001f2a9d8c6c0,
0x000001f2a9d8e2e0, 0x000001f3033250e0, 0x000001f30349d950, 0x000001f308010520,
0x000001f3036f9380, 0x000001f303c60790, 0x000001f303a4ee10, 0x000001f3086702d0,
0x000001f308181600, 0x000001f30864ef50, 0x000001f3089903a0, 0x000001f303956d40
}

Java Threads: ( => current thread )
  0x000001f2a9e03330 JavaThread "main"                              [_thread_blocked, id=16844, stack(0x000000b4bd700000,0x000000b4bd800000) (1024K)]
  0x000001f2a9ebae00 JavaThread "Reference Handler"          daemon [_thread_blocked, id=26652, stack(0x000000b4bdb00000,0x000000b4bdc00000) (1024K)]
  0x000001f2a9ebbd20 JavaThread "Finalizer"                  daemon [_thread_blocked, id=27148, stack(0x000000b4bdc00000,0x000000b4bdd00000) (1024K)]
  0x000001f2a9d756f0 JavaThread "Signal Dispatcher"          daemon [_thread_blocked, id=29880, stack(0x000000b4bdd00000,0x000000b4bde00000) (1024K)]
  0x000001f2a9d766e0 JavaThread "Attach Listener"            daemon [_thread_blocked, id=12096, stack(0x000000b4bde00000,0x000000b4bdf00000) (1024K)]
  0x000001f2a9d7aac0 JavaThread "Service Thread"             daemon [_thread_blocked, id=36584, stack(0x000000b4bdf00000,0x000000b4be000000) (1024K)]
  0x000001f2a9d7ec50 JavaThread "Monitor Deflation Thread"   daemon [_thread_blocked, id=41444, stack(0x000000b4be000000,0x000000b4be100000) (1024K)]
  0x000001f2a9d8c6c0 JavaThread "C2 CompilerThread0"         daemon [_thread_in_native, id=31776, stack(0x000000b4be100000,0x000000b4be200000) (1024K)]
  0x000001f2a9d8e2e0 JavaThread "C1 CompilerThread0"         daemon [_thread_blocked, id=34144, stack(0x000000b4be200000,0x000000b4be300000) (1024K)]
  0x000001f3033250e0 JavaThread "Common-Cleaner"             daemon [_thread_blocked, id=32468, stack(0x000000b4be300000,0x000000b4be400000) (1024K)]
  0x000001f30349d950 JavaThread "Notification Thread"        daemon [_thread_blocked, id=40340, stack(0x000000b4be500000,0x000000b4be600000) (1024K)]
  0x000001f308010520 JavaThread "Active Thread: Equinox Container: 83995ad5-f03c-4350-aceb-8a7df80e96eb"        [_thread_blocked, id=14332, stack(0x000000b4bed00000,0x000000b4bee00000) (1024K)]
  0x000001f3036f9380 JavaThread "Refresh Thread: Equinox Container: 83995ad5-f03c-4350-aceb-8a7df80e96eb" daemon [_thread_blocked, id=31588, stack(0x000000b4bef00000,0x000000b4bf000000) (1024K)]
  0x000001f303c60790 JavaThread "Framework Event Dispatcher: Equinox Container: 83995ad5-f03c-4350-aceb-8a7df80e96eb" daemon [_thread_blocked, id=19800, stack(0x000000b4bf000000,0x000000b4bf100000) (1024K)]
  0x000001f303a4ee10 JavaThread "Start Level: Equinox Container: 83995ad5-f03c-4350-aceb-8a7df80e96eb" daemon [_thread_in_Java, id=28680, stack(0x000000b4bf100000,0x000000b4bf200000) (1024K)]
  0x000001f3086702d0 JavaThread "Bundle File Closer"         daemon [_thread_blocked, id=19316, stack(0x000000b4bf200000,0x000000b4bf300000) (1024K)]
  0x000001f308181600 JavaThread "SCR Component Actor"        daemon [_thread_blocked, id=39996, stack(0x000000b4be400000,0x000000b4be500000) (1024K)]
=>0x000001f30864ef50 JavaThread "C2 CompilerThread1"         daemon [_thread_in_native, id=38932, stack(0x000000b4be600000,0x000000b4be700000) (1024K)]
  0x000001f3089903a0 JavaThread "C2 CompilerThread2"         daemon [_thread_in_native, id=41856, stack(0x000000b4bf300000,0x000000b4bf400000) (1024K)]
  0x000001f303956d40 JavaThread "Worker-JM"                         [_thread_blocked, id=1140, stack(0x000000b4bf400000,0x000000b4bf500000) (1024K)]
Total: 20

Other Threads:
  0x000001f2a7bcea10 VMThread "VM Thread"                           [id=35524, stack(0x000000b4bda00000,0x000000b4bdb00000) (1024K)]
  0x000001f2a9e6fd70 WatcherThread "VM Periodic Task Thread"        [id=452, stack(0x000000b4bd900000,0x000000b4bda00000) (1024K)]
  0x000001f2a9e21750 WorkerThread "GC Thread#0"                     [id=37344, stack(0x000000b4bd800000,0x000000b4bd900000) (1024K)]
  0x000001f30803d4a0 WorkerThread "GC Thread#1"                     [id=37796, stack(0x000000b4be700000,0x000000b4be800000) (1024K)]
  0x000001f308058f00 WorkerThread "GC Thread#2"                     [id=20876, stack(0x000000b4be800000,0x000000b4be900000) (1024K)]
  0x000001f3080592b0 WorkerThread "GC Thread#3"                     [id=24176, stack(0x000000b4be900000,0x000000b4bea00000) (1024K)]
  0x000001f303b9c3b0 WorkerThread "GC Thread#4"                     [id=36320, stack(0x000000b4bea00000,0x000000b4beb00000) (1024K)]
  0x000001f303b9c760 WorkerThread "GC Thread#5"                     [id=33528, stack(0x000000b4beb00000,0x000000b4bec00000) (1024K)]
  0x000001f308377c20 WorkerThread "GC Thread#6"                     [id=27784, stack(0x000000b4bec00000,0x000000b4bed00000) (1024K)]
  0x000001f3082ccb50 WorkerThread "GC Thread#7"                     [id=6360, stack(0x000000b4bee00000,0x000000b4bef00000) (1024K)]
Total: 10

Threads with active compile tasks:
C2 CompilerThread0  10950 3082       4       org.eclipse.core.internal.resources.ResourceInfo::readFrom (49 bytes)
C2 CompilerThread1  10950 3079       4       org.eclipse.core.internal.resources.SaveManager::readElement (46 bytes)
C2 CompilerThread2  10950 3078       4       org.eclipse.core.internal.dtree.DataTreeReader::readNode (248 bytes)
Total: 3

VM state: not at safepoint (normal execution)

VM Mutex/Monitor currently owned by a thread: None

Heap address: 0x0000000080000000, size: 2048 MB, Compressed Oops mode: 32-bit

CDS archive(s) mapped at: [0x000001f2c1000000-0x000001f2c1ba0000-0x000001f2c1ba0000), size 12189696, SharedBaseAddress: 0x000001f2c1000000, ArchiveRelocationMode: 1.
Compressed class space mapped at: 0x000001f2c2000000-0x000001f302000000, reserved size: 1073741824
Narrow klass base: 0x000001f2c1000000, Narrow klass shift: 0, Narrow klass range: 0x100000000

GC Precious Log:
 CardTable entry size: 512
 CPUs: 8 total, 8 available
 Memory: 16107M
 Large Page Support: Disabled
 NUMA Support: Disabled
 Compressed Oops: Enabled (32-bit)
 Alignments: Space 512K, Generation 512K, Heap 2M
 Heap Min Capacity: 100M
 Heap Initial Capacity: 100M
 Heap Max Capacity: 2G
 Pre-touch: Disabled
 Parallel Workers: 8

Heap:
 PSYoungGen      total 29184K, used 13635K [0x00000000d5580000, 0x00000000d7900000, 0x0000000100000000)
  eden space 25088K, 38% used [0x00000000d5580000,0x00000000d5ed8c90,0x00000000d6e00000)
  from space 4096K, 99% used [0x00000000d6e80000,0x00000000d72781d0,0x00000000d7280000)
  to   space 5632K, 0% used [0x00000000d7380000,0x00000000d7380000,0x00000000d7900000)
 ParOldGen       total 68608K, used 8044K [0x0000000080000000, 0x0000000084300000, 0x00000000d5580000)
  object space 68608K, 11% used [0x0000000080000000,0x00000000807db170,0x0000000084300000)
 Metaspace       used 15806K, committed 16448K, reserved 1114112K
  class space    used 1640K, committed 1920K, reserved 1048576K

Card table byte_map: [0x000001f2a97a0000,0x000001f2a9bb0000] _byte_map_base: 0x000001f2a93a0000

Marking Bits: (ParMarkBitMap*) 0x00007ffc41f93450
 Begin Bits: [0x000001f2bc2b0000, 0x000001f2be2b0000)
 End Bits:   [0x000001f2be2b0000, 0x000001f2c02b0000)

Polling page: 0x000001f2a94d0000

Metaspace:

Usage:
  Non-class:     13.83 MB used.
      Class:      1.60 MB used.
       Both:     15.44 MB used.

Virtual space:
  Non-class space:       64.00 MB reserved,      14.19 MB ( 22%) committed,  1 nodes.
      Class space:        1.00 GB reserved,       1.88 MB ( <1%) committed,  1 nodes.
             Both:        1.06 GB reserved,      16.06 MB (  1%) committed. 

Chunk freelists:
   Non-Class:  1.40 MB
       Class:  13.94 MB
        Both:  15.34 MB

MaxMetaspaceSize: unlimited
CompressedClassSpaceSize: 1.00 GB
Initial GC threshold: 21.00 MB
Current GC threshold: 21.00 MB
CDS: on
 - commit_granule_bytes: 65536.
 - commit_granule_words: 8192.
 - virtual_space_node_default_size: 8388608.
 - enlarge_chunks_in_place: 1.
 - use_allocation_guard: 0.


Internal statistics:

num_allocs_failed_limit: 0.
num_arena_births: 442.
num_arena_deaths: 0.
num_vsnodes_births: 2.
num_vsnodes_deaths: 0.
num_space_committed: 257.
num_space_uncommitted: 0.
num_chunks_returned_to_freelist: 0.
num_chunks_taken_from_freelist: 1005.
num_chunk_merges: 0.
num_chunk_splits: 630.
num_chunks_enlarged: 387.
num_inconsistent_stats: 0.

CodeHeap 'non-profiled nmethods': size=120000Kb used=1466Kb max_used=1466Kb free=118533Kb
 bounds [0x000001f2b4ad0000, 0x000001f2b4d40000, 0x000001f2bc000000]
CodeHeap 'profiled nmethods': size=120000Kb used=6271Kb max_used=6271Kb free=113728Kb
 bounds [0x000001f2ad000000, 0x000001f2ad620000, 0x000001f2b4530000]
CodeHeap 'non-nmethods': size=5760Kb used=1277Kb max_used=1302Kb free=4482Kb
 bounds [0x000001f2b4530000, 0x000001f2b47a0000, 0x000001f2b4ad0000]
CodeCache: size=245760Kb, used=9014Kb, max_used=9039Kb, free=236743Kb
 total_blobs=3691, nmethods=3150, adapters=447, full_count=0
Compilation: enabled, stopped_count=0, restarted_count=0

Compilation events (20 events):
Event: 7.365 Thread 0x000001f2a9d8e2e0 3141   !   3       java.io.FileInputStream::available (24 bytes)
Event: 7.365 Thread 0x000001f2a9d8e2e0 nmethod 3141 0x000001f2ad612a10 code [0x000001f2ad612be0, 0x000001f2ad612df0]
Event: 7.369 Thread 0x000001f2a9d8e2e0 3142   !   3       org.eclipse.core.internal.watson.ElementTree::getElementData (74 bytes)
Event: 7.370 Thread 0x000001f2a9d8e2e0 nmethod 3142 0x000001f2ad612f10 code [0x000001f2ad613160, 0x000001f2ad613a60]
Event: 7.370 Thread 0x000001f2a9d8e2e0 3143       3       org.eclipse.core.runtime.Path::computeSegmentCount (86 bytes)
Event: 8.378 Thread 0x000001f2a9d8e2e0 nmethod 3143 0x000001f2ad613e10 code [0x000001f2ad6140a0, 0x000001f2ad614e18]
Event: 8.378 Thread 0x000001f2a9d8e2e0 3152       3       org.eclipse.core.runtime.Path::computeLength (100 bytes)
Event: 8.379 Thread 0x000001f2a9d8e2e0 nmethod 3152 0x000001f2ad615390 code [0x000001f2ad615580, 0x000001f2ad615a90]
Event: 8.379 Thread 0x000001f2a9d8e2e0 3147       3       org.eclipse.core.runtime.Path::computeFlags (143 bytes)
Event: 8.383 Thread 0x000001f2a9d8e2e0 nmethod 3147 0x000001f2ad615c90 code [0x000001f2ad615fe0, 0x000001f2ad6176a0]
Event: 8.383 Thread 0x000001f2a9d8e2e0 3151       3       java.lang.invoke.DirectMethodHandle$Holder::invokeStatic (15 bytes)
Event: 8.384 Thread 0x000001f2a9d8e2e0 nmethod 3151 0x000001f2ad617e90 code [0x000001f2ad618060, 0x000001f2ad6185c0]
Event: 8.384 Thread 0x000001f2a9d8e2e0 3148       3       java.lang.invoke.DirectMethodHandle$Holder::invokeStatic (14 bytes)
Event: 8.384 Thread 0x000001f2a9d8e2e0 nmethod 3148 0x000001f2ad618710 code [0x000001f2ad6188e0, 0x000001f2ad618de8]
Event: 8.385 Thread 0x000001f2a9d8e2e0 3150       1       org.eclipse.core.internal.resources.Workspace::getMetaArea (5 bytes)
Event: 8.385 Thread 0x000001f2a9d8e2e0 nmethod 3150 0x000001f2b4c3da90 code [0x000001f2b4c3dc20, 0x000001f2b4c3dce8]
Event: 8.385 Thread 0x000001f2a9d8e2e0 3149       1       org.eclipse.core.internal.resources.ResourceInfo::getFlags (5 bytes)
Event: 8.385 Thread 0x000001f2a9d8e2e0 nmethod 3149 0x000001f2b4c3dd90 code [0x000001f2b4c3df20, 0x000001f2b4c3dfe8]
Event: 8.387 Thread 0x000001f2a9d8e2e0 3153   !   3       java.util.concurrent.ConcurrentHashMap::initTable (112 bytes)
Event: 8.389 Thread 0x000001f2a9d8e2e0 nmethod 3153 0x000001f2ad618f10 code [0x000001f2ad619120, 0x000001f2ad619970]

GC Heap History (10 events):
Event: 0.860 GC heap before
{Heap before GC invocations=1 (full 0):
 PSYoungGen      total 29696K, used 25600K [0x00000000d5580000, 0x00000000d7680000, 0x0000000100000000)
  eden space 25600K, 100% used [0x00000000d5580000,0x00000000d6e80000,0x00000000d6e80000)
  from space 4096K, 0% used [0x00000000d7280000,0x00000000d7280000,0x00000000d7680000)
  to   space 4096K, 0% used [0x00000000d6e80000,0x00000000d6e80000,0x00000000d7280000)
 ParOldGen       total 68608K, used 0K [0x0000000080000000, 0x0000000084300000, 0x00000000d5580000)
  object space 68608K, 0% used [0x0000000080000000,0x0000000080000000,0x0000000084300000)
 Metaspace       used 4303K, committed 4544K, reserved 1114112K
  class space    used 473K, committed 576K, reserved 1048576K
}
Event: 0.868 GC heap after
{Heap after GC invocations=1 (full 0):
 PSYoungGen      total 29696K, used 3432K [0x00000000d5580000, 0x00000000d7680000, 0x0000000100000000)
  eden space 25600K, 0% used [0x00000000d5580000,0x00000000d5580000,0x00000000d6e80000)
  from space 4096K, 83% used [0x00000000d6e80000,0x00000000d71da158,0x00000000d7280000)
  to   space 4096K, 0% used [0x00000000d7280000,0x00000000d7280000,0x00000000d7680000)
 ParOldGen       total 68608K, used 16K [0x0000000080000000, 0x0000000084300000, 0x00000000d5580000)
  object space 68608K, 0% used [0x0000000080000000,0x0000000080004000,0x0000000084300000)
 Metaspace       used 4303K, committed 4544K, reserved 1114112K
  class space    used 473K, committed 576K, reserved 1048576K
}
Event: 1.492 GC heap before
{Heap before GC invocations=2 (full 0):
 PSYoungGen      total 29696K, used 29032K [0x00000000d5580000, 0x00000000d7680000, 0x0000000100000000)
  eden space 25600K, 100% used [0x00000000d5580000,0x00000000d6e80000,0x00000000d6e80000)
  from space 4096K, 83% used [0x00000000d6e80000,0x00000000d71da158,0x00000000d7280000)
  to   space 4096K, 0% used [0x00000000d7280000,0x00000000d7280000,0x00000000d7680000)
 ParOldGen       total 68608K, used 16K [0x0000000080000000, 0x0000000084300000, 0x00000000d5580000)
  object space 68608K, 0% used [0x0000000080000000,0x0000000080004000,0x0000000084300000)
 Metaspace       used 7999K, committed 8256K, reserved 1114112K
  class space    used 833K, committed 960K, reserved 1048576K
}
Event: 1.498 GC heap after
{Heap after GC invocations=2 (full 0):
 PSYoungGen      total 29696K, used 4094K [0x00000000d5580000, 0x00000000d7680000, 0x0000000100000000)
  eden space 25600K, 0% used [0x00000000d5580000,0x00000000d5580000,0x00000000d6e80000)
  from space 4096K, 99% used [0x00000000d7280000,0x00000000d767f810,0x00000000d7680000)
  to   space 4096K, 0% used [0x00000000d6e80000,0x00000000d6e80000,0x00000000d7280000)
 ParOldGen       total 68608K, used 2193K [0x0000000080000000, 0x0000000084300000, 0x00000000d5580000)
  object space 68608K, 3% used [0x0000000080000000,0x0000000080224648,0x0000000084300000)
 Metaspace       used 7999K, committed 8256K, reserved 1114112K
  class space    used 833K, committed 960K, reserved 1048576K
}
Event: 1.925 GC heap before
{Heap before GC invocations=3 (full 0):
 PSYoungGen      total 29696K, used 29694K [0x00000000d5580000, 0x00000000d7680000, 0x0000000100000000)
  eden space 25600K, 100% used [0x00000000d5580000,0x00000000d6e80000,0x00000000d6e80000)
  from space 4096K, 99% used [0x00000000d7280000,0x00000000d767f810,0x00000000d7680000)
  to   space 4096K, 0% used [0x00000000d6e80000,0x00000000d6e80000,0x00000000d7280000)
 ParOldGen       total 68608K, used 2193K [0x0000000080000000, 0x0000000084300000, 0x00000000d5580000)
  object space 68608K, 3% used [0x0000000080000000,0x0000000080224648,0x0000000084300000)
 Metaspace       used 9516K, committed 9856K, reserved 1114112K
  class space    used 1016K, committed 1152K, reserved 1048576K
}
Event: 1.930 GC heap after
{Heap after GC invocations=3 (full 0):
 PSYoungGen      total 29696K, used 4077K [0x00000000d5580000, 0x00000000d7680000, 0x0000000100000000)
  eden space 25600K, 0% used [0x00000000d5580000,0x00000000d5580000,0x00000000d6e80000)
  from space 4096K, 99% used [0x00000000d6e80000,0x00000000d727b4f0,0x00000000d7280000)
  to   space 4096K, 0% used [0x00000000d7280000,0x00000000d7280000,0x00000000d7680000)
 ParOldGen       total 68608K, used 4995K [0x0000000080000000, 0x0000000084300000, 0x00000000d5580000)
  object space 68608K, 7% used [0x0000000080000000,0x00000000804e0dc8,0x0000000084300000)
 Metaspace       used 9516K, committed 9856K, reserved 1114112K
  class space    used 1016K, committed 1152K, reserved 1048576K
}
Event: 4.651 GC heap before
{Heap before GC invocations=4 (full 0):
 PSYoungGen      total 29696K, used 29677K [0x00000000d5580000, 0x00000000d7680000, 0x0000000100000000)
  eden space 25600K, 100% used [0x00000000d5580000,0x00000000d6e80000,0x00000000d6e80000)
  from space 4096K, 99% used [0x00000000d6e80000,0x00000000d727b4f0,0x00000000d7280000)
  to   space 4096K, 0% used [0x00000000d7280000,0x00000000d7280000,0x00000000d7680000)
 ParOldGen       total 68608K, used 4995K [0x0000000080000000, 0x0000000084300000, 0x00000000d5580000)
  object space 68608K, 7% used [0x0000000080000000,0x00000000804e0dc8,0x0000000084300000)
 Metaspace       used 11611K, committed 12032K, reserved 1114112K
  class space    used 1224K, committed 1408K, reserved 1048576K
}
Event: 4.655 GC heap after
{Heap after GC invocations=4 (full 0):
 PSYoungGen      total 29696K, used 4083K [0x00000000d5580000, 0x00000000d7680000, 0x0000000100000000)
  eden space 25600K, 0% used [0x00000000d5580000,0x00000000d5580000,0x00000000d6e80000)
  from space 4096K, 99% used [0x00000000d7280000,0x00000000d767cd30,0x00000000d7680000)
  to   space 4096K, 0% used [0x00000000d6e80000,0x00000000d6e80000,0x00000000d7280000)
 ParOldGen       total 68608K, used 6965K [0x0000000080000000, 0x0000000084300000, 0x00000000d5580000)
  object space 68608K, 10% used [0x0000000080000000,0x00000000806cd448,0x0000000084300000)
 Metaspace       used 11611K, committed 12032K, reserved 1114112K
  class space    used 1224K, committed 1408K, reserved 1048576K
}
Event: 6.241 GC heap before
{Heap before GC invocations=5 (full 0):
 PSYoungGen      total 29696K, used 29683K [0x00000000d5580000, 0x00000000d7680000, 0x0000000100000000)
  eden space 25600K, 100% used [0x00000000d5580000,0x00000000d6e80000,0x00000000d6e80000)
  from space 4096K, 99% used [0x00000000d7280000,0x00000000d767cd30,0x00000000d7680000)
  to   space 4096K, 0% used [0x00000000d6e80000,0x00000000d6e80000,0x00000000d7280000)
 ParOldGen       total 68608K, used 6965K [0x0000000080000000, 0x0000000084300000, 0x00000000d5580000)
  object space 68608K, 10% used [0x0000000080000000,0x00000000806cd448,0x0000000084300000)
 Metaspace       used 15533K, committed 16192K, reserved 1114112K
  class space    used 1608K, committed 1920K, reserved 1048576K
}
Event: 6.246 GC heap after
{Heap after GC invocations=5 (full 0):
 PSYoungGen      total 29184K, used 4064K [0x00000000d5580000, 0x00000000d7900000, 0x0000000100000000)
  eden space 25088K, 0% used [0x00000000d5580000,0x00000000d5580000,0x00000000d6e00000)
  from space 4096K, 99% used [0x00000000d6e80000,0x00000000d72781d0,0x00000000d7280000)
  to   space 5632K, 0% used [0x00000000d7380000,0x00000000d7380000,0x00000000d7900000)
 ParOldGen       total 68608K, used 8044K [0x0000000080000000, 0x0000000084300000, 0x00000000d5580000)
  object space 68608K, 11% used [0x0000000080000000,0x00000000807db170,0x0000000084300000)
 Metaspace       used 15533K, committed 16192K, reserved 1114112K
  class space    used 1608K, committed 1920K, reserved 1048576K
}

Dll operation events (9 events):
Event: 0.016 Loaded shared library c:\Users\jizhi\.vscode\extensions\redhat.java-1.54.0-win32-x64\jre\21.0.10-win32-x86_64\bin\java.dll
Event: 0.050 Loaded shared library c:\Users\jizhi\.vscode\extensions\redhat.java-1.54.0-win32-x64\jre\21.0.10-win32-x86_64\bin\zip.dll
Event: 0.122 Loaded shared library C:\Users\jizhi\.vscode\extensions\redhat.java-1.54.0-win32-x64\jre\21.0.10-win32-x86_64\bin\instrument.dll
Event: 0.127 Loaded shared library C:\Users\jizhi\.vscode\extensions\redhat.java-1.54.0-win32-x64\jre\21.0.10-win32-x86_64\bin\net.dll
Event: 0.130 Loaded shared library C:\Users\jizhi\.vscode\extensions\redhat.java-1.54.0-win32-x64\jre\21.0.10-win32-x86_64\bin\nio.dll
Event: 0.133 Loaded shared library C:\Users\jizhi\.vscode\extensions\redhat.java-1.54.0-win32-x64\jre\21.0.10-win32-x86_64\bin\zip.dll
Event: 0.170 Loaded shared library C:\Users\jizhi\.vscode\extensions\redhat.java-1.54.0-win32-x64\jre\21.0.10-win32-x86_64\bin\jimage.dll
Event: 0.310 Loaded shared library c:\Users\jizhi\.vscode\extensions\redhat.java-1.54.0-win32-x64\jre\21.0.10-win32-x86_64\bin\verify.dll
Event: 1.529 Loaded shared library C:\Users\jizhi\AppData\Roaming\Code\User\globalStorage\redhat.java\1.54.0\config_win\org.eclipse.equinox.launcher\org.eclipse.equinox.launcher.win32.win32.x86_64_1.3.0.v20260203-2149\eclipse_11919.dll

Deoptimization events (20 events):
Event: 7.383 Thread 0x000001f303a4ee10 DEOPT PACKING pc=0x000001f2ad5f873e sp=0x000000b4bf1f94d0
Event: 7.383 Thread 0x000001f303a4ee10 DEOPT UNPACKING pc=0x000001f2b45878e2 sp=0x000000b4bf1f8a10 mode 0
Event: 7.384 Thread 0x000001f303a4ee10 DEOPT PACKING pc=0x000001f2ad5f873e sp=0x000000b4bf1f94d0
Event: 7.384 Thread 0x000001f303a4ee10 DEOPT UNPACKING pc=0x000001f2b45878e2 sp=0x000000b4bf1f8a10 mode 0
Event: 7.386 Thread 0x000001f303a4ee10 DEOPT PACKING pc=0x000001f2ad5f873e sp=0x000000b4bf1f94d0
Event: 7.386 Thread 0x000001f303a4ee10 DEOPT UNPACKING pc=0x000001f2b45878e2 sp=0x000000b4bf1f8a10 mode 0
Event: 7.386 Thread 0x000001f303a4ee10 DEOPT PACKING pc=0x000001f2ad5f873e sp=0x000000b4bf1f94d0
Event: 7.386 Thread 0x000001f303a4ee10 DEOPT UNPACKING pc=0x000001f2b45878e2 sp=0x000000b4bf1f8a10 mode 0
Event: 7.387 Thread 0x000001f303a4ee10 DEOPT PACKING pc=0x000001f2ad5f873e sp=0x000000b4bf1f94d0
Event: 7.387 Thread 0x000001f303a4ee10 DEOPT UNPACKING pc=0x000001f2b45878e2 sp=0x000000b4bf1f8a10 mode 0
Event: 7.387 Thread 0x000001f303a4ee10 DEOPT PACKING pc=0x000001f2ad5f873e sp=0x000000b4bf1f94d0
Event: 7.387 Thread 0x000001f303a4ee10 DEOPT UNPACKING pc=0x000001f2b45878e2 sp=0x000000b4bf1f8a10 mode 0
Event: 7.388 Thread 0x000001f303a4ee10 DEOPT PACKING pc=0x000001f2ad5f873e sp=0x000000b4bf1f94d0
Event: 7.388 Thread 0x000001f303a4ee10 DEOPT UNPACKING pc=0x000001f2b45878e2 sp=0x000000b4bf1f8a10 mode 0
Event: 7.389 Thread 0x000001f303a4ee10 DEOPT PACKING pc=0x000001f2ad5f873e sp=0x000000b4bf1f94d0
Event: 7.389 Thread 0x000001f303a4ee10 DEOPT UNPACKING pc=0x000001f2b45878e2 sp=0x000000b4bf1f8a10 mode 0
Event: 8.385 Thread 0x000001f303a4ee10 Uncommon trap: trap_request=0xffffffde fr.pc=0x000001f2b4c2ea70 relative=0x00000000000003d0
Event: 8.385 Thread 0x000001f303a4ee10 Uncommon trap: reason=class_check action=maybe_recompile pc=0x000001f2b4c2ea70 method=java.io.FilterInputStream.read()I @ 4 c2
Event: 8.386 Thread 0x000001f303a4ee10 DEOPT PACKING pc=0x000001f2b4c2ea70 sp=0x000000b4bf1f9810
Event: 8.386 Thread 0x000001f303a4ee10 DEOPT UNPACKING pc=0x000001f2b4586da2 sp=0x000000b4bf1f97c0 mode 2

Classes loaded (20 events):
Event: 6.182 Loading class java/text/FieldPosition$Delegate
Event: 6.182 Loading class java/text/FieldPosition$Delegate done
Event: 6.184 Loading class java/text/MessageFormat$Field
Event: 6.184 Loading class java/text/MessageFormat$Field done
Event: 6.203 Loading class java/util/stream/SortedOps
Event: 6.204 Loading class java/util/stream/SortedOps done
Event: 6.204 Loading class java/util/stream/SortedOps$OfRef
Event: 6.204 Loading class java/util/stream/ReferencePipeline$StatefulOp
Event: 6.204 Loading class java/util/stream/ReferencePipeline$StatefulOp done
Event: 6.204 Loading class java/util/stream/SortedOps$OfRef done
Event: 6.205 Loading class java/util/stream/SortedOps$RefSortingSink
Event: 6.205 Loading class java/util/stream/SortedOps$AbstractRefSortingSink
Event: 6.205 Loading class java/util/stream/SortedOps$AbstractRefSortingSink done
Event: 6.205 Loading class java/util/stream/SortedOps$RefSortingSink done
Event: 6.225 Loading class java/util/zip/ZipOutputStream
Event: 6.226 Loading class java/util/zip/DeflaterOutputStream
Event: 6.226 Loading class java/util/zip/DeflaterOutputStream done
Event: 6.226 Loading class java/util/zip/ZipOutputStream done
Event: 6.286 Loading class java/io/FilenameFilter
Event: 6.286 Loading class java/io/FilenameFilter done

Classes unloaded (0 events):
No events

Classes redefined (0 events):
No events

Internal exceptions (20 events):
Event: 1.524 Thread 0x000001f2a9e03330 Exception <a 'java/lang/UnsatisfiedLinkError'{0x00000000d563a240}: 'void org.eclipse.equinox.launcher.JNIBridge._update_splash()'> (0x00000000d563a240) 
thrown [s\src\hotspot\share\prims\nativeLookup.cpp, line 415]
Event: 1.561 Thread 0x000001f3036f9380 Exception <a 'java/lang/NoSuchMethodError'{0x00000000d58e3878}: 'void java.lang.invoke.DirectMethodHandle$Holder.invokeInterface(java.lang.Object, java.lang.Object, java.lang.Object)'> (0x00000000d58e3878) 
thrown [s\src\hotspot\share\interpreter\linkResolver.cpp, line 773]
Event: 1.644 Thread 0x000001f303a4ee10 Exception <a 'java/lang/NoSuchMethodError'{0x00000000d5caa5b8}: 'java.lang.Object java.lang.invoke.DirectMethodHandle$Holder.newInvokeSpecial(java.lang.Object, java.lang.Object, int, java.lang.Object)'> (0x00000000d5caa5b8) 
thrown [s\src\hotspot\share\interpreter\linkResolver.cpp, line 773]
Event: 1.645 Thread 0x000001f303a4ee10 Exception <a 'java/lang/NoSuchMethodError'{0x00000000d5cae3e8}: 'java.lang.Object java.lang.invoke.DirectMethodHandle$Holder.invokeSpecial(java.lang.Object, java.lang.Object, java.lang.Object, int, java.lang.Object)'> (0x00000000d5cae3e8) 
thrown [s\src\hotspot\share\interpreter\linkResolver.cpp, line 773]
Event: 1.663 Thread 0x000001f303a4ee10 Exception <a 'java/lang/NoClassDefFoundError'{0x00000000d5d54ed8}: jakarta/servlet/ServletContainerInitializer> (0x00000000d5d54ed8) 
thrown [s\src\hotspot\share\classfile\systemDictionary.cpp, line 301]
Event: 1.688 Thread 0x000001f303a4ee10 Exception <a 'java/lang/NoSuchMethodError'{0x00000000d5e80520}: 'java.lang.Object java.lang.invoke.DirectMethodHandle$Holder.invokeStatic(java.lang.Object, int, java.lang.Object)'> (0x00000000d5e80520) 
thrown [s\src\hotspot\share\interpreter\linkResolver.cpp, line 773]
Event: 1.698 Thread 0x000001f303a4ee10 Exception <a 'java/lang/ClassNotFoundException'{0x00000000d5ef6dc8}: sun/util/logging/resources/spi/loggingProvider> (0x00000000d5ef6dc8) 
thrown [s\src\hotspot\share\classfile\systemDictionary.cpp, line 312]
Event: 4.546 Thread 0x000001f303a4ee10 Exception <a 'java/lang/NullPointerException'{0x00000000d6813eb8}> (0x00000000d6813eb8) 
thrown [s\src\hotspot\share\interpreter\linkResolver.cpp, line 1372]
Event: 4.546 Thread 0x000001f303a4ee10 Exception <a 'java/lang/NullPointerException'{0x00000000d6814198}> (0x00000000d6814198) 
thrown [s\src\hotspot\share\interpreter\linkResolver.cpp, line 1372]
Event: 4.725 Thread 0x000001f303a4ee10 Exception <a 'java/lang/NoSuchMethodError'{0x00000000d5905108}: 'long java.lang.invoke.DirectMethodHandle$Holder.invokeSpecial(java.lang.Object, java.lang.Object)'> (0x00000000d5905108) 
thrown [s\src\hotspot\share\interpreter\linkResolver.cpp, line 773]
Event: 5.806 Thread 0x000001f303a4ee10 Exception <a 'java/io/FileNotFoundException'{0x00000000d5b389f0}> (0x00000000d5b389f0) 
thrown [s\src\hotspot\share\prims\jni.cpp, line 520]
Event: 5.967 Thread 0x000001f303a4ee10 Exception <a 'java/lang/NoSuchMethodError'{0x00000000d60400a0}: 'java.lang.Object java.lang.invoke.Invokers$Holder.linkToTargetMethod(java.lang.Object, long, java.lang.Object)'> (0x00000000d60400a0) 
thrown [s\src\hotspot\share\interpreter\linkResolver.cpp, line 773]
Event: 6.039 Thread 0x000001f303a4ee10 Exception <a 'java/lang/NoSuchMethodError'{0x00000000d6572988}: 'void java.lang.invoke.Invokers$Holder.invokeExact_MT(java.lang.Object, java.lang.Object, java.lang.Object)'> (0x00000000d6572988) 
thrown [s\src\hotspot\share\interpreter\linkResolver.cpp, line 773]
Event: 6.111 Thread 0x000001f303a4ee10 Exception <a 'java/lang/NoSuchMethodError'{0x00000000d6871210}: 'java.lang.Object java.lang.invoke.DirectMethodHandle$Holder.invokeVirtual(java.lang.Object, java.lang.Object, java.lang.Object)'> (0x00000000d6871210) 
thrown [s\src\hotspot\share\interpreter\linkResolver.cpp, line 773]
Event: 6.112 Thread 0x000001f303a4ee10 Exception <a 'java/lang/NoSuchMethodError'{0x00000000d68862b8}: 'java.lang.Object java.lang.invoke.DelegatingMethodHandle$Holder.reinvoke_L(java.lang.Object, java.lang.Object, java.lang.Object, java.lang.Object, int, int)'> (0x00000000d68862b8) 
thrown [s\src\hotspot\share\interpreter\linkResolver.cpp, line 773]
Event: 6.115 Thread 0x000001f303a4ee10 Exception <a 'java/lang/NoSuchMethodError'{0x00000000d68a3228}: 'java.lang.Object java.lang.invoke.DirectMethodHandle$Holder.newInvokeSpecial(java.lang.Object, java.lang.Object, java.lang.Object, java.lang.Object, java.lang.Object, java.lang.Object)'> (0x00000000d68a3228) 
thrown [s\src\hotspot\share\interpreter\linkResolver.cpp, line 773]
Event: 6.119 Thread 0x000001f303a4ee10 Exception <a 'java/lang/NoSuchMethodError'{0x00000000d68cf618}: 'void java.lang.invoke.Invokers$Holder.invokeExact_MT(java.lang.Object, java.lang.Object, java.lang.Object, java.lang.Object)'> (0x00000000d68cf618) 
thrown [s\src\hotspot\share\interpreter\linkResolver.cpp, line 773]
Event: 6.188 Thread 0x000001f303a4ee10 Exception <a 'java/io/FileNotFoundException'{0x00000000d6bbb5d0}> (0x00000000d6bbb5d0) 
thrown [s\src\hotspot\share\prims\jni.cpp, line 520]
Event: 6.189 Thread 0x000001f303a4ee10 Exception <a 'java/io/FileNotFoundException'{0x00000000d6bc3280}> (0x00000000d6bc3280) 
thrown [s\src\hotspot\share\prims\jni.cpp, line 520]
Event: 6.285 Thread 0x000001f303a4ee10 Exception <a 'java/lang/NoSuchMethodError'{0x00000000d59154a0}: 'java.lang.Object java.lang.invoke.DirectMethodHandle$Holder.newInvokeSpecial(java.lang.Object, java.lang.Object, java.lang.Object, java.lang.Object, java.lang.Object)'> (0x00000000d59154a0) 
thrown [s\src\hotspot\share\interpreter\linkResolver.cpp, line 773]

ZGC Phase Switch (0 events):
No events

VM Operations (20 events):
Event: 3.174 Executing safepoint VM operation: Cleanup
Event: 3.174 Executing safepoint VM operation: Cleanup done
Event: 4.645 Executing non-safepoint VM operation: HandshakeAllThreads (Deoptimize)
Event: 4.645 Executing non-safepoint VM operation: HandshakeAllThreads (Deoptimize) done
Event: 4.645 Executing safepoint VM operation: Cleanup
Event: 4.645 Executing safepoint VM operation: Cleanup done
Event: 4.651 Executing safepoint VM operation: ParallelGCFailedAllocation (Allocation Failure)
Event: 4.655 Executing safepoint VM operation: ParallelGCFailedAllocation (Allocation Failure) done
Event: 5.667 Executing safepoint VM operation: Cleanup
Event: 5.764 Executing safepoint VM operation: Cleanup done
Event: 6.205 Executing non-safepoint VM operation: HandshakeAllThreads (Deoptimize)
Event: 6.205 Executing non-safepoint VM operation: HandshakeAllThreads (Deoptimize) done
Event: 6.241 Executing safepoint VM operation: ParallelGCFailedAllocation (Allocation Failure)
Event: 6.246 Executing safepoint VM operation: ParallelGCFailedAllocation (Allocation Failure) done
Event: 7.248 Executing safepoint VM operation: Cleanup
Event: 7.341 Executing safepoint VM operation: Cleanup done
Event: 8.352 Executing safepoint VM operation: Cleanup
Event: 8.352 Executing safepoint VM operation: Cleanup done
Event: 9.357 Executing safepoint VM operation: Cleanup
Event: 9.357 Executing safepoint VM operation: Cleanup done

Memory protections (0 events):
No events

Nmethod flushes (0 events):
No events

Events (20 events):
Event: 0.061 Thread 0x000001f2a9e03330 Thread added: 0x000001f2a9d766e0
Event: 0.061 Thread 0x000001f2a9e03330 Thread added: 0x000001f2a9d7aac0
Event: 0.061 Thread 0x000001f2a9e03330 Thread added: 0x000001f2a9d7ec50
Event: 0.061 Thread 0x000001f2a9e03330 Thread added: 0x000001f2a9d8c6c0
Event: 0.062 Thread 0x000001f2a9e03330 Thread added: 0x000001f2a9d8e2e0
Event: 0.124 Thread 0x000001f2a9e03330 Thread added: 0x000001f3033250e0
Event: 0.304 Thread 0x000001f2a9d8c6c0 Thread added: 0x000001f303356ab0
Event: 0.441 Thread 0x000001f2a9e03330 Thread added: 0x000001f30349d950
Event: 0.534 Thread 0x000001f303356ab0 Thread added: 0x000001f30352ee00
Event: 1.276 Thread 0x000001f2a9e03330 Thread added: 0x000001f308010520
Event: 1.522 Thread 0x000001f2a9e03330 Thread added: 0x000001f3036f9380
Event: 1.565 Thread 0x000001f3036f9380 Thread added: 0x000001f303c60790
Event: 1.568 Thread 0x000001f2a9e03330 Thread added: 0x000001f303a4ee10
Event: 1.998 Thread 0x000001f303a4ee10 Thread added: 0x000001f3086702d0
Event: 2.314 Thread 0x000001f30352ee00 Thread exited: 0x000001f30352ee00
Event: 2.315 Thread 0x000001f303356ab0 Thread exited: 0x000001f303356ab0
Event: 4.631 Thread 0x000001f303a4ee10 Thread added: 0x000001f308181600
Event: 4.735 Thread 0x000001f2a9d8e2e0 Thread added: 0x000001f30864ef50
Event: 4.735 Thread 0x000001f2a9d8e2e0 Thread added: 0x000001f3089903a0
Event: 6.018 Thread 0x000001f303a4ee10 Thread added: 0x000001f303956d40


Dynamic libraries:
0x00007ff71f660000 - 0x00007ff71f66e000 	c:\Users\jizhi\.vscode\extensions\redhat.java-1.54.0-win32-x64\jre\21.0.10-win32-x86_64\bin\java.exe
0x00007ffd13060000 - 0x00007ffd132c8000 	C:\WINDOWS\SYSTEM32\ntdll.dll
0x00007ffd11680000 - 0x00007ffd11749000 	C:\WINDOWS\System32\KERNEL32.DLL
0x00007ffd10540000 - 0x00007ffd1092d000 	C:\WINDOWS\System32\KERNELBASE.dll
0x00007ffd10360000 - 0x00007ffd104ab000 	C:\WINDOWS\System32\ucrtbase.dll
0x00007ffcf6d80000 - 0x00007ffcf6d98000 	c:\Users\jizhi\.vscode\extensions\redhat.java-1.54.0-win32-x64\jre\21.0.10-win32-x86_64\bin\jli.dll
0x00007ffd11420000 - 0x00007ffd115ec000 	C:\WINDOWS\System32\USER32.dll
0x00007ffd10330000 - 0x00007ffd10357000 	C:\WINDOWS\System32\win32u.dll
0x00007ffcf6350000 - 0x00007ffcf636e000 	c:\Users\jizhi\.vscode\extensions\redhat.java-1.54.0-win32-x64\jre\21.0.10-win32-x86_64\bin\VCRUNTIME140.dll
0x00007ffd113f0000 - 0x00007ffd1141b000 	C:\WINDOWS\System32\GDI32.dll
0x00007ffcef870000 - 0x00007ffcefb0a000 	C:\WINDOWS\WinSxS\amd64_microsoft.windows.common-controls_6595b64144ccf1df_6.0.26100.4484_none_3e0e6d4ce32ef3b3\COMCTL32.dll
0x00007ffd10930000 - 0x00007ffd10a67000 	C:\WINDOWS\System32\gdi32full.dll
0x00007ffd10d50000 - 0x00007ffd10df3000 	C:\WINDOWS\System32\msvcp_win.dll
0x00007ffd11b30000 - 0x00007ffd11bd9000 	C:\WINDOWS\System32\msvcrt.dll
0x00007ffd12590000 - 0x00007ffd125bf000 	C:\WINDOWS\System32\IMM32.DLL
0x00007ffd06440000 - 0x00007ffd0644c000 	c:\Users\jizhi\.vscode\extensions\redhat.java-1.54.0-win32-x64\jre\21.0.10-win32-x86_64\bin\vcruntime140_1.dll
0x00007ffcf2820000 - 0x00007ffcf28ad000 	c:\Users\jizhi\.vscode\extensions\redhat.java-1.54.0-win32-x64\jre\21.0.10-win32-x86_64\bin\msvcp140.dll
0x00007ffc412d0000 - 0x00007ffc42071000 	c:\Users\jizhi\.vscode\extensions\redhat.java-1.54.0-win32-x64\jre\21.0.10-win32-x86_64\bin\server\jvm.dll
0x00007ffd11870000 - 0x00007ffd11924000 	C:\WINDOWS\System32\ADVAPI32.dll
0x00007ffd12d90000 - 0x00007ffd12e36000 	C:\WINDOWS\System32\sechost.dll
0x00007ffd11750000 - 0x00007ffd11868000 	C:\WINDOWS\System32\RPCRT4.dll
0x00007ffd12e70000 - 0x00007ffd12ee4000 	C:\WINDOWS\System32\WS2_32.dll
0x00007ffd10000000 - 0x00007ffd1005e000 	C:\WINDOWS\SYSTEM32\POWRPROF.dll
0x00007ffd04db0000 - 0x00007ffd04de5000 	C:\WINDOWS\SYSTEM32\WINMM.dll
0x00007ffcfe830000 - 0x00007ffcfe83b000 	C:\WINDOWS\SYSTEM32\VERSION.dll
0x00007ffd0ffe0000 - 0x00007ffd0fff4000 	C:\WINDOWS\SYSTEM32\UMPDC.dll
0x00007ffd0ef50000 - 0x00007ffd0ef6b000 	C:\WINDOWS\SYSTEM32\kernel.appcore.dll
0x00007ffcfed20000 - 0x00007ffcfed2a000 	c:\Users\jizhi\.vscode\extensions\redhat.java-1.54.0-win32-x64\jre\21.0.10-win32-x86_64\bin\jimage.dll
0x00007ffd0d730000 - 0x00007ffd0d971000 	C:\WINDOWS\SYSTEM32\DBGHELP.DLL
0x00007ffd10e80000 - 0x00007ffd11206000 	C:\WINDOWS\System32\combase.dll
0x00007ffd11d50000 - 0x00007ffd11e30000 	C:\WINDOWS\System32\OLEAUT32.dll
0x00007ffd09dd0000 - 0x00007ffd09e13000 	C:\WINDOWS\SYSTEM32\dbgcore.DLL
0x00007ffd10b30000 - 0x00007ffd10bc9000 	C:\WINDOWS\System32\bcryptPrimitives.dll
0x00007ffd09db0000 - 0x00007ffd09dbf000 	c:\Users\jizhi\.vscode\extensions\redhat.java-1.54.0-win32-x64\jre\21.0.10-win32-x86_64\bin\instrument.dll
0x00007ffcf5c40000 - 0x00007ffcf5c60000 	c:\Users\jizhi\.vscode\extensions\redhat.java-1.54.0-win32-x64\jre\21.0.10-win32-x86_64\bin\java.dll
0x00007ffd11e40000 - 0x00007ffd1258a000 	C:\WINDOWS\System32\SHELL32.dll
0x00007ffd101b0000 - 0x00007ffd10324000 	C:\WINDOWS\System32\wintypes.dll
0x00007ffd0ddd0000 - 0x00007ffd0e62b000 	C:\WINDOWS\SYSTEM32\windows.storage.dll
0x00007ffd11a30000 - 0x00007ffd11b25000 	C:\WINDOWS\System32\SHCORE.dll
0x00007ffd10e10000 - 0x00007ffd10e7a000 	C:\WINDOWS\System32\shlwapi.dll
0x00007ffd100c0000 - 0x00007ffd100ef000 	C:\WINDOWS\SYSTEM32\profapi.dll
0x00007ffcf6050000 - 0x00007ffcf6068000 	c:\Users\jizhi\.vscode\extensions\redhat.java-1.54.0-win32-x64\jre\21.0.10-win32-x86_64\bin\zip.dll
0x00007ffcfee10000 - 0x00007ffcfee20000 	C:\Users\jizhi\.vscode\extensions\redhat.java-1.54.0-win32-x64\jre\21.0.10-win32-x86_64\bin\net.dll
0x00007ffcfea20000 - 0x00007ffcfeb3e000 	C:\WINDOWS\SYSTEM32\WINHTTP.dll
0x00007ffd0f4e0000 - 0x00007ffd0f54a000 	C:\WINDOWS\system32\mswsock.dll
0x00007ffcfaac0000 - 0x00007ffcfaad6000 	C:\Users\jizhi\.vscode\extensions\redhat.java-1.54.0-win32-x64\jre\21.0.10-win32-x86_64\bin\nio.dll
0x00007ffcf66b0000 - 0x00007ffcf66c0000 	c:\Users\jizhi\.vscode\extensions\redhat.java-1.54.0-win32-x64\jre\21.0.10-win32-x86_64\bin\verify.dll
0x00007ffcf0a00000 - 0x00007ffcf0a45000 	C:\Users\jizhi\AppData\Roaming\Code\User\globalStorage\redhat.java\1.54.0\config_win\org.eclipse.equinox.launcher\org.eclipse.equinox.launcher.win32.win32.x86_64_1.3.0.v20260203-2149\eclipse_11919.dll
0x00007ffd125e0000 - 0x00007ffd1277e000 	C:\WINDOWS\System32\ole32.dll

JVMTI agents:
c:\Users\jizhi\.vscode\extensions\redhat.java-1.54.0-win32-x64\lombok\lombok-1.18.39-4050.jar path:c:\Users\jizhi\.vscode\extensions\redhat.java-1.54.0-win32-x64\jre\21.0.10-win32-x86_64\bin\instrument.dll, loaded, initialized, instrumentlib options:none

dbghelp: loaded successfully - version: 4.0.5 - missing functions: none
symbol engine: initialized successfully - sym options: 0x614 - pdb path: .;c:\Users\jizhi\.vscode\extensions\redhat.java-1.54.0-win32-x64\jre\21.0.10-win32-x86_64\bin;C:\WINDOWS\SYSTEM32;C:\WINDOWS\WinSxS\amd64_microsoft.windows.common-controls_6595b64144ccf1df_6.0.26100.4484_none_3e0e6d4ce32ef3b3;c:\Users\jizhi\.vscode\extensions\redhat.java-1.54.0-win32-x64\jre\21.0.10-win32-x86_64\bin\server;C:\Users\jizhi\AppData\Roaming\Code\User\globalStorage\redhat.java\1.54.0\config_win\org.eclipse.equinox.launcher\org.eclipse.equinox.launcher.win32.win32.x86_64_1.3.0.v20260203-2149

VM Arguments:
jvm_args: --add-modules=ALL-SYSTEM --add-opens=java.base/java.util=ALL-UNNAMED --add-opens=java.base/java.lang=ALL-UNNAMED --add-opens=java.base/sun.nio.fs=ALL-UNNAMED -Declipse.application=org.eclipse.jdt.ls.core.id1 -Dosgi.bundles.defaultStartLevel=4 -Declipse.product=org.eclipse.jdt.ls.core.product -Djava.import.generatesMetadataFilesAtProjectRoot=false -DDetectVMInstallationsJob.disabled=true -Dfile.encoding=utf8 -XX:+UseParallelGC -XX:GCTimeRatio=4 -XX:AdaptiveSizePolicyWeight=90 -Dsun.zip.disableMemoryMapping=true -Xmx2G -Xms100m -Xlog:disable -javaagent:c:\Users\jizhi\.vscode\extensions\redhat.java-1.54.0-win32-x64\lombok\lombok-1.18.39-4050.jar -XX:+HeapDumpOnOutOfMemoryError -XX:HeapDumpPath=c:\Users\jizhi\AppData\Roaming\Code\User\workspaceStorage\79fb16952ec9521a9f4e0b0aca733bdc\redhat.java -Daether.dependencyCollector.impl=bf 
java_command: c:\Users\jizhi\.vscode\extensions\redhat.java-1.54.0-win32-x64\server\plugins\org.eclipse.equinox.launcher_1.7.100.v20251111-0406.jar -configuration c:\Users\jizhi\AppData\Roaming\Code\User\globalStorage\redhat.java\1.54.0\config_win -data c:\Users\jizhi\AppData\Roaming\Code\User\workspaceStorage\79fb16952ec9521a9f4e0b0aca733bdc\redhat.java\jdt_ws --pipe=\\.\pipe\lsp-a44d1a3d5c2227b30425f509466102ed-sock
java_class_path (initial): c:\Users\jizhi\.vscode\extensions\redhat.java-1.54.0-win32-x64\server\plugins\org.eclipse.equinox.launcher_1.7.100.v20251111-0406.jar
Launcher Type: SUN_STANDARD

[Global flags]
    uintx AdaptiveSizePolicyWeight                 = 90                                        {product} {command line}
     intx CICompilerCount                          = 4                                         {product} {ergonomic}
    uintx GCTimeRatio                              = 4                                         {product} {command line}
     bool HeapDumpOnOutOfMemoryError               = true                                   {manageable} {command line}
    ccstr HeapDumpPath                             = c:\Users\jizhi\AppData\Roaming\Code\User\workspaceStorage\79fb16952ec9521a9f4e0b0aca733bdc\redhat.java         {manageable} {command line}
   size_t InitialHeapSize                          = 104857600                                 {product} {command line}
   size_t MaxHeapSize                              = 2147483648                                {product} {command line}
   size_t MaxNewSize                               = 715653120                                 {product} {ergonomic}
   size_t MinHeapDeltaBytes                        = 524288                                    {product} {ergonomic}
   size_t MinHeapSize                              = 104857600                                 {product} {command line}
   size_t NewSize                                  = 34603008                                  {product} {ergonomic}
    uintx NonNMethodCodeHeapSize                   = 5839372                                {pd product} {ergonomic}
    uintx NonProfiledCodeHeapSize                  = 122909434                              {pd product} {ergonomic}
   size_t OldSize                                  = 70254592                                  {product} {ergonomic}
    uintx ProfiledCodeHeapSize                     = 122909434                              {pd product} {ergonomic}
    uintx ReservedCodeCacheSize                    = 251658240                              {pd product} {ergonomic}
     bool SegmentedCodeCache                       = true                                      {product} {ergonomic}
   size_t SoftMaxHeapSize                          = 2147483648                             {manageable} {ergonomic}
     bool UseCompressedOops                        = true                           {product lp64_product} {ergonomic}
     bool UseLargePagesIndividualAllocation        = false                                  {pd product} {ergonomic}
     bool UseParallelGC                            = true                                      {product} {command line}

Logging:
Log output configuration:
 #0: stdout all=off uptime,level,tags foldmultilines=false
 #1: stderr all=off uptime,level,tags foldmultilines=false

Release file:
JAVA_VERSION="21.0.10" 
MODULES="java.base java.compiler java.datatransfer java.xml java.prefs java.desktop java.instrument java.logging java.management java.security.sasl java.naming java.rmi java.management.rmi java.net.http java.scripting java.security.jgss java.transaction.xa java.sql java.sql.rowset java.xml.crypto java.se java.smartcardio jdk.accessibility jdk.internal.jvmstat jdk.attach jdk.charsets jdk.internal.opt jdk.zipfs jdk.compiler jdk.crypto.ec jdk.crypto.cryptoki jdk.crypto.mscapi jdk.dynalink jdk.internal.ed jdk.editpad jdk.hotspot.agent jdk.httpserver jdk.internal.le jdk.internal.vm.ci jdk.internal.vm.compiler jdk.internal.vm.compiler.management jdk.jartool jdk.javadoc jdk.jcmd jdk.management jdk.management.agent jdk.jconsole jdk.jdeps jdk.jdwp.agent jdk.jdi jdk.jfr jdk.jshell jdk.jsobject jdk.jstatd jdk.localedata jdk.management.jfr jdk.naming.dns jdk.naming.rmi jdk.net jdk.nio.mapmode jdk.random jdk.sctp jdk.security.auth jdk.security.jgss jdk.unsupported jdk.unsupported.desktop jdk.xml.dom" 

Environment Variables:
PATH=C:\Users\jizhi\AppData\Local\Programs\Microsoft VS Code;C:\Program Files\Eclipse Adoptium\jdk-17.0.18.8-hotspot\bin;C:\WINDOWS\system32;C:\WINDOWS;C:\WINDOWS\System32\Wbem;C:\WINDOWS\System32\WindowsPowerShell\v1.0\;C:\WINDOWS\System32\OpenSSH\;C:\Program Files\dotnet\;C:\Program Files\Bandizip\;C:\Program Files (x86)\Bitvise SSH Client;C:\ProgramData\chocolatey\bin;C:\Program Files\Git\cmd;C:\Program Files\Microsoft VS Code\bin;C:\Program Files\Docker\Docker\resources\bin;C:\Program Files\nodejs\;C:\Program Files\GitHub CLI\;C:\Users\jizhi\.local\bin;C:\Users\jizhi\AppData\Local\Microsoft\WindowsApps;C:\Program Files\JetBrains\PyCharm Community Edition 2022.1.2\bin;C:\Users\jizhi\AppData\Local\Programs\Microsoft VS Code\bin;C:\ProgramData\Anaconda3\Scripts;C:\texlive\2022\bin\win32;C:\GnuWin32\bin;C:\Users\jizhi\AppData\Local\Google\Cloud SDK\google-cloud-sdk\bin;C:\Users\jizhi\.azure-kubectl;C:\Users\jizhi\.azure-kubelogin;C:\Program Files\JetBrains\DataGrip 2025.3.5\bin;C:\Users\jizhi\AppData\Roaming\npm
USERNAME=jizhi
OS=Windows_NT
PROCESSOR_IDENTIFIER=Intel64 Family 6 Model 140 Stepping 1, GenuineIntel
TMP=C:\Users\jizhi\AppData\Local\Temp
TEMP=C:\Users\jizhi\AppData\Local\Temp




Periodic native trim disabled

---------------  S Y S T E M  ---------------

OS:
 Windows 11 , 64 bit Build 26100 (10.0.26100.4484)
OS uptime: 17 days 12:04 hours
Hyper-V role detected

CPU: total 8 (initial active 8) (4 cores per cpu, 2 threads per core) family 6 model 140 stepping 1 microcode 0xbc, cx8, cmov, fxsr, ht, mmx, 3dnowpref, sse, sse2, sse3, ssse3, sse4.1, sse4.2, popcnt, lzcnt, tsc, tscinvbit, avx, avx2, aes, erms, clmul, bmi1, bmi2, adx, avx512f, avx512dq, avx512cd, avx512bw, avx512vl, sha, fma, vzeroupper, avx512_vpopcntdq, avx512_vpclmulqdq, avx512_vaes, avx512_vnni, clflush, clflushopt, clwb, avx512_vbmi2, avx512_vbmi, hv, rdtscp, rdpid, fsrm, gfni, avx512_bitalg, f16c, cet_ibt, cet_ss, avx512_ifma
Processor Information for processor 0
  Max Mhz: 2803, Current Mhz: 2803, Mhz Limit: 2803
Processor Information for processor 1
  Max Mhz: 2803, Current Mhz: 2803, Mhz Limit: 2803
Processor Information for processor 2
  Max Mhz: 2803, Current Mhz: 2803, Mhz Limit: 2803
Processor Information for processor 3
  Max Mhz: 2803, Current Mhz: 1001, Mhz Limit: 2803
Processor Information for processor 4
  Max Mhz: 2803, Current Mhz: 2803, Mhz Limit: 2803
Processor Information for processor 5
  Max Mhz: 2803, Current Mhz: 1001, Mhz Limit: 2803
Processor Information for processor 6
  Max Mhz: 2803, Current Mhz: 1001, Mhz Limit: 2803
Processor Information for processor 7
  Max Mhz: 2803, Current Mhz: 1001, Mhz Limit: 2803

Memory: 4k page, system-wide physical 16107M (941M free)
TotalPageFile size 65259M (AvailPageFile size 242M)
current process WorkingSet (physical memory assigned to process): 152M, peak: 152M
current process commit charge ("private bytes"): 292M, peak: 292M

vm_info: OpenJDK 64-Bit Server VM (21.0.10+7-LTS) for windows-amd64 JRE (21.0.10+7-LTS), built on 2026-01-20T00:00:00Z by "admin" with MS VC++ 17.12 (VS2022)

END.
